06-10 12:45:24.971 I/android.vendin( 1834):   at void anqt.run() (PG:4)
06-10 12:45:24.971 I/android.vendin( 1834):   at void arez.run() (PG:1)
06-10 12:45:24.971 I/android.vendin( 1834):   at void java.util.concurrent.ThreadPoolExecutor.runWorker(java.util.concurrent.ThreadPoolExecutor$Worker) (ThreadPoolExecutor.java:1167)
06-10 12:45:24.971 I/android.vendin( 1834):   at void java.util.concurrent.ThreadPoolExecutor$Worker.run() (ThreadPoolExecutor.java:641)
06-10 12:45:24.971 I/android.vendin( 1834):   at void ksx.run() (PG:4)
06-10 12:45:24.971 I/android.vendin( 1834):   at void java.lang.Thread.run() (Thread.java:764)
06-10 12:45:24.971 I/android.vendin( 1834): 
06-10 12:45:24.973 D/TelephonyProvider(  836): subIdString = 1 subId = 1
06-10 12:45:24.974 W/BestClock(  486): java.time.DateTimeException: Missing NTP fix
06-10 12:45:24.978 W/BestClock(  486): java.time.DateTimeException: Missing NTP fix
06-10 12:45:24.979 W/BestClock(  486): java.time.DateTimeException: Missing NTP fix
06-10 12:45:24.981 D/NetworkTimeUpdateService(  486): New default network 100; checking time.
06-10 12:45:24.981 D/ConnectivityService(  486): Sending CONNECTED broadcast for type 0 NetworkAgentInfo [MOBILE (LTE) - 100] isDefaultNetwork=true
06-10 12:45:24.989 W/BestClock(  486): java.time.DateTimeException: Missing NTP fix
06-10 12:45:24.990 D/NetworkMonitor/NetworkAgentInfo [MOBILE (LTE) - 100](  486): PROBE_DNS www.google.com 19ms OK 172.217.17.100,2a00:1450:4017:811::2004
06-10 12:45:24.990 D/NetworkMonitor/NetworkAgentInfo [MOBILE (LTE) - 100](  486): PROBE_DNS connectivitycheck.gstatic.com 20ms OK 172.217.17.99,2a00:1450:4017:810::2003
06-10 12:45:24.989 I/iptables-restor( 1459): type=1400 audit(0.0:718): avc: denied { module_request } for kmod="ipt_quota2" scontext=u:r:netd:s0 tcontext=u:r:kernel:s0 tclass=system permissive=1
06-10 12:45:24.993 W/IptablesRestoreController(  230): iptables-restore process 1459 terminated status=256
06-10 12:45:24.999 W/IptablesRestoreController(  230): iptables-restore process 1462 terminated status=256
06-10 12:45:24.999 E/IptablesRestoreController(  230): iptables error:
06-10 12:45:24.999 E/IptablesRestoreController(  230): ------- COMMAND -------
06-10 12:45:24.999 E/IptablesRestoreController(  230): *filter
06-10 12:45:24.999 E/IptablesRestoreController(  230): :bw_costly_radio0 -
06-10 12:45:24.999 E/IptablesRestoreController(  230): -A bw_costly_radio0 -j bw_penalty_box
06-10 12:45:24.999 E/IptablesRestoreController(  230): -I bw_INPUT 2 -i radio0 --jump bw_costly_radio0
06-10 12:45:24.999 E/IptablesRestoreController(  230): -I bw_OUTPUT 2 -o radio0 --jump bw_costly_radio0
06-10 12:45:24.999 E/IptablesRestoreController(  230): -A bw_FORWARD -i radio0 --jump bw_costly_radio0
06-10 12:45:24.999 E/IptablesRestoreController(  230): -A bw_FORWARD -o radio0 --jump bw_costly_radio0
06-10 12:45:24.999 E/IptablesRestoreController(  230): -A bw_costly_radio0 -m quota2 ! --quota 9223372036854775807 --name radio0 --jump REJECT
06-10 12:45:24.999 E/IptablesRestoreController(  230): COMMIT
06-10 12:45:24.999 E/IptablesRestoreController(  230): 
06-10 12:45:24.999 E/IptablesRestoreController(  230): -------  ERROR -------
06-10 12:45:24.999 E/IptablesRestoreController(  230): ip6tables-restore: line 36 failed
06-10 12:45:24.999 E/IptablesRestoreController(  230): ----------------------
06-10 12:45:24.999 E/BandwidthController(  230): Failed set quota rule
06-10 12:45:24.999 E/BandwidthController(  230): No such iface radio0 to delete
06-10 12:45:25.000 E/NetworkPolicy(  486): problem setting interface quota
06-10 12:45:25.000 E/NetworkPolicy(  486): java.lang.IllegalStateException: command '40 bandwidth setiquota radio0 9223372036854775807' failed with '400 40 Bandwidth command failed'
06-10 12:45:25.000 E/NetworkPolicy(  486): 	at com.android.server.NetworkManagementService.setInterfaceQuota(NetworkManagementService.java:1591)
06-10 12:45:25.000 E/NetworkPolicy(  486): 	at com.android.server.net.NetworkPolicyManagerService.setInterfaceQuota(NetworkPolicyManagerService.java:4478)
06-10 12:45:25.000 E/NetworkPolicy(  486): 	at com.android.server.net.NetworkPolicyManagerService.access$3000(NetworkPolicyManagerService.java:291)
06-10 12:45:25.000 E/NetworkPolicy(  486): 	at com.android.server.net.NetworkPolicyManagerService$17.handleMessage(NetworkPolicyManagerService.java:4359)
06-10 12:45:25.000 E/NetworkPolicy(  486): 	at android.os.Handler.dispatchMessage(Handler.java:102)
06-10 12:45:25.000 E/NetworkPolicy(  486): 	at android.os.Looper.loop(Looper.java:193)
06-10 12:45:25.000 E/NetworkPolicy(  486): 	at android.os.HandlerThread.run(HandlerThread.java:65)
06-10 12:45:25.000 E/NetworkPolicy(  486): Caused by: com.android.server.NativeDaemonConnector$NativeDaemonFailureException: command '40 bandwidth setiquota radio0 9223372036854775807' failed with '400 40 Bandwidth command failed'
06-10 12:45:25.000 E/NetworkPolicy(  486): 	at com.android.server.NativeDaemonConnector.executeForList(NativeDaemonConnector.java:515)
06-10 12:45:25.000 E/NetworkPolicy(  486): 	at com.android.server.NativeDaemonConnector.execute(NativeDaemonConnector.java:411)
06-10 12:45:25.000 E/NetworkPolicy(  486): 	at com.android.server.NativeDaemonConnector.execute(NativeDaemonConnector.java:406)
06-10 12:45:25.000 E/NetworkPolicy(  486): 	at com.android.server.NetworkManagementService.setInterfaceQuota(NetworkManagementService.java:1588)
06-10 12:45:25.000 E/NetworkPolicy(  486): 	... 6 more
06-10 12:45:25.000 W/BestClock(  486): java.time.DateTimeException: Missing NTP fix
06-10 12:45:25.000 W/BestClock(  486): java.time.DateTimeException: Missing NTP fix
06-10 12:45:25.006 I/GnssLocationProvider(  486): WakeLock acquired by sendMessage(SUBSCRIPTION_OR_SIM_CHANGED, 0, null)
06-10 12:45:25.007 W/MessagingApp( 1639): canonicalizeMccMnc: invalid mccmnc:null ,null
06-10 12:45:25.008 D/MmsServiceBroker(  486): getCarrierConfigValues() by com.android.messaging
06-10 12:45:25.008 D/MmsService(  836): getCarrierConfigValues
06-10 12:45:25.008 I/MmsService(  836): mms config for sub 1: Bundle[{httpSocketTimeout=60000, aliasMinChars=2, smsToMmsTextThreshold=-1, enableSMSDeliveryReports=true, maxMessageTextSize=-1, supportMmsContentDisposition=true, enabledTransID=false, aliasEnabled=false, supportHttpCharsetHeader=false, allowAttachAudio=true, smsToMmsTextLengthThreshold=-1, recipientLimit=2147483647, uaProfTagName=x-wap-profile, aliasMaxChars=48, maxImageHeight=1944, enableMMSDeliveryReports=false, userAgent=, mmsCloseConnection=false, config_cellBroadcastAppLinks=true, maxSubjectLength=40, httpParams=, enableGroupMms=true, emailGatewayNumber=, maxMessageSize=1048576, naiSuffix=, enableMMSReadReports=false, maxImageWidth=2592, uaProfUrl=, enabledMMS=true, enabledNotifyWapMMSC=false, sendMultipartSmsAsSeparateMessages=false, enableMultipartSMS=true}]
06-10 12:45:25.009 I/MessagingApp( 1639): Carrier configs loaded: Bundle[{httpSocketTimeout=60000, aliasMinChars=2, smsToMmsTextThreshold=-1, enableSMSDeliveryReports=true, maxMessageTextSize=-1, supportMmsContentDisposition=true, enabledTransID=false, aliasEnabled=false, supportHttpCharsetHeader=false, allowAttachAudio=true, smsToMmsTextLengthThreshold=-1, recipientLimit=2147483647, uaProfTagName=x-wap-profile, aliasMaxChars=48, maxImageHeight=1944, enableMMSDeliveryReports=false, userAgent=, mmsCloseConnection=false, config_cellBroadcastAppLinks=true, maxSubjectLength=40, httpParams=, enableGroupMms=true, emailGatewayNumber=, maxMessageSize=1048576, naiSuffix=, enableMMSReadReports=false, maxImageWidth=2592, uaProfUrl=, enabledMMS=true, enabledNotifyWapMMSC=false, sendMultipartSmsAsSeparateMessages=false, enableMultipartSMS=true}] from resources+system for subId=1
06-10 12:45:25.015 I/Finsky  ( 1834): [154] tr.aM(20): Finished reading experiment flags from file [0tGUNCGIkbk4o6-fQ335kUYSKwVj4lusnHT-A5Dsy08].
06-10 12:45:25.018 W/BestClock(  486): java.time.DateTimeException: Missing NTP fix
06-10 12:45:25.019 W/BestClock(  486): java.time.DateTimeException: Missing NTP fix
06-10 12:45:25.026 I/Finsky  ( 1834): [154] tr.aM(20): Finished reading experiment flags from file [Se-xCc4LzNyh3UrKMIU2sUf-PUKz4oQEbpKZDMuaFno].
06-10 12:45:25.031 W/ProviderHelper( 1060): Unknown dynamite feature providerinstaller.dynamite
06-10 12:45:25.035 D/CallNotifier(  836): updatePhoneStateListeners: update CF notifications.
06-10 12:45:25.035 I/NotificationMgr(  836): updateCfi: subId= 1, visible=N
06-10 12:45:25.035 I/NotificationMgr(  836): updateMwi(): subId 1 update to false
06-10 12:45:25.036 W/BestClock(  486): java.time.DateTimeException: Missing NTP fix
06-10 12:45:25.037 E/BandwidthController(  230): Updating quota globalAlert failed (Status[code: 2, msg: "[No such file or directory] : fopen("/proc/net/xt_quota/globalAlert", "we") failed"])
06-10 12:45:25.037 E/GnssLocationProvider(  486): no AGPS interface in set_agps_server
06-10 12:45:25.037 W/BestClock(  486): java.time.DateTimeException: Missing NTP fix
06-10 12:45:25.037 W/NetworkStats(  486): problem registering for global alert: java.lang.IllegalStateException: command '41 bandwidth setglobalalert 2097152' failed with '400 41 Bandwidth command failed'
06-10 12:45:25.037 I/GnssLocationProvider(  486): WakeLock released by handleMessage(SUBSCRIPTION_OR_SIM_CHANGED, 0, null)
06-10 12:45:25.039 I/DynamiteModule( 1060): Considering local module com.google.android.gms.providerinstaller.dynamite:1 and remote module com.google.android.gms.providerinstaller.dynamite:0
06-10 12:45:25.039 I/DynamiteModule( 1060): Selected local version of com.google.android.gms.providerinstaller.dynamite
06-10 12:45:25.042 W/IptablesRestoreController(  230): iptables-restore process 1897 terminated status=256
06-10 12:45:25.042 E/IptablesRestoreController(  230): iptables error:
06-10 12:45:25.042 E/IptablesRestoreController(  230): ------- COMMAND -------
06-10 12:45:25.042 E/IptablesRestoreController(  230): *filter
06-10 12:45:25.042 E/IptablesRestoreController(  230): :bw_costly_radio0 -
06-10 12:45:25.042 E/IptablesRestoreController(  230): -A bw_costly_radio0 -j bw_penalty_box
06-10 12:45:25.042 E/IptablesRestoreController(  230): -I bw_INPUT 2 -i radio0 --jump bw_costly_radio0
06-10 12:45:25.042 E/IptablesRestoreController(  230): -I bw_OUTPUT 2 -o radio0 --jump bw_costly_radio0
06-10 12:45:25.042 E/IptablesRestoreController(  230): -A bw_FORWARD -i radio0 --jump bw_costly_radio0
06-10 12:45:25.042 E/IptablesRestoreController(  230): -A bw_FORWARD -o radio0 --jump bw_costly_radio0
06-10 12:45:25.042 E/IptablesRestoreController(  230): -A bw_costly_radio0 -m quota2 ! --quota 9223372036854775807 --name radio0 --jump REJECT
06-10 12:45:25.042 E/IptablesRestoreController(  230): COMMIT
06-10 12:45:25.042 E/IptablesRestoreController(  230): 
06-10 12:45:25.042 E/IptablesRestoreController(  230): -------  ERROR -------
06-10 12:45:25.042 E/IptablesRestoreController(  230): iptables-restore: line 13 failed
06-10 12:45:25.042 E/IptablesRestoreController(  230): ----------------------
06-10 12:45:25.050 W/IptablesRestoreController(  230): iptables-restore process 1899 terminated status=256
06-10 12:45:25.050 E/BandwidthController(  230): Failed set quota rule
06-10 12:45:25.050 E/BandwidthController(  230): No such iface radio0 to delete
06-10 12:45:25.051 E/NetworkPolicy(  486): problem setting interface quota
06-10 12:45:25.051 E/NetworkPolicy(  486): java.lang.IllegalStateException: command '42 bandwidth setiquota radio0 9223372036854775807' failed with '400 42 Bandwidth command failed'
06-10 12:45:25.051 E/NetworkPolicy(  486): 	at com.android.server.NetworkManagementService.setInterfaceQuota(NetworkManagementService.java:1591)
06-10 12:45:25.051 E/NetworkPolicy(  486): 	at com.android.server.net.NetworkPolicyManagerService.setInterfaceQuota(NetworkPolicyManagerService.java:4478)
06-10 12:45:25.051 E/NetworkPolicy(  486): 	at com.android.server.net.NetworkPolicyManagerService.access$3000(NetworkPolicyManagerService.java:291)
06-10 12:45:25.051 E/NetworkPolicy(  486): 	at com.android.server.net.NetworkPolicyManagerService$17.handleMessage(NetworkPolicyManagerService.java:4359)
06-10 12:45:25.051 E/NetworkPolicy(  486): 	at android.os.Handler.dispatchMessage(Handler.java:102)
06-10 12:45:25.051 E/NetworkPolicy(  486): 	at android.os.Looper.loop(Looper.java:193)
06-10 12:45:25.051 E/NetworkPolicy(  486): 	at android.os.HandlerThread.run(HandlerThread.java:65)
06-10 12:45:25.051 E/NetworkPolicy(  486): Caused by: com.android.server.NativeDaemonConnector$NativeDaemonFailureException: command '42 bandwidth setiquota radio0 9223372036854775807' failed with '400 42 Bandwidth command failed'
06-10 12:45:25.051 E/NetworkPolicy(  486): 	at com.android.server.NativeDaemonConnector.executeForList(NativeDaemonConnector.java:515)
06-10 12:45:25.051 E/NetworkPolicy(  486): 	at com.android.server.NativeDaemonConnector.execute(NativeDaemonConnector.java:411)
06-10 12:45:25.051 E/NetworkPolicy(  486): 	at com.android.server.NativeDaemonConnector.execute(NativeDaemonConnector.java:406)
06-10 12:45:25.051 E/NetworkPolicy(  486): 	at com.android.server.NetworkManagementService.setInterfaceQuota(NetworkManagementService.java:1588)
06-10 12:45:25.051 E/NetworkPolicy(  486): 	... 6 more
06-10 12:45:25.052 I/Dialer  ( 1381): LegacyVoicemailNotificationReceiver.onReceive - received legacy voicemail notification
06-10 12:45:25.052 I/Dialer  ( 1381): LegacyVoicemailNotificationReceiver.onReceive - isRefresh: true
06-10 12:45:25.052 I/TelecomFramework(  836): PstnIncomingCallNotifier: Unregistering: Handler (com.android.internal.telephony.GsmCdmaPhone) {51fb079}
06-10 12:45:25.053 I/Dialer  ( 1381): LegacyVoicemailNotificationReceiver.onReceive - clearing notification
06-10 12:45:25.053 I/Dialer  ( 1381): LegacyVoicemailNotifier.cancelNotification - enter
06-10 12:45:25.056 I/NetworkManagementSocketTagger( 1060): tagSocketFd(-1, 805307399, -1) failed with errno-9
06-10 12:45:25.068 W/BestClock(  486): java.time.DateTimeException: Missing NTP fix
06-10 12:45:25.069 E/BandwidthController(  230): Updating quota globalAlert failed (Status[code: 2, msg: "[No such file or directory] : fopen("/proc/net/xt_quota/globalAlert", "we") failed"])
06-10 12:45:25.070 W/NetworkStats(  486): problem registering for global alert: java.lang.IllegalStateException: command '43 bandwidth setglobalalert 2097152' failed with '400 43 Bandwidth command failed'
06-10 12:45:25.072 W/BestClock(  486): java.time.DateTimeException: Missing NTP fix
06-10 12:45:25.074 I/Telecom (  486): PhoneAccountRegistrar: Modify account: [ComponentInfo{com.android.phone/com.android.services.telephony.TelephonyConnectionService}, ***, UserHandle{0}]: TSI.rPA@ADY
06-10 12:45:25.076 I/TelecomFramework(  836): AccountEntry: Registered phoneAccount: [[ ] PhoneAccount: ComponentInfo{com.android.phone/com.android.services.telephony.TelephonyConnectionService}, ***, UserHandle{0} Capabilities: CallProvider MultiUser PlaceEmerg SimSub  Audio Routes: BESW Schemes: tel voicemail  Extras: Bundle[{android.telecom.extra.SUPPORTS_VIDEO_CALLING_FALLBACK=true}] GroupId: ***] with handle: ComponentInfo{com.android.phone/com.android.services.telephony.TelephonyConnectionService}, ***, UserHandle{0}
06-10 12:45:25.076 I/TelecomFramework(  836): PstnIncomingCallNotifier: Registering: Handler (com.android.internal.telephony.GsmCdmaPhone) {51fb079}
06-10 12:45:25.077 W/BestClock(  486): java.time.DateTimeException: Missing NTP fix
06-10 12:45:25.080 I/TelecomFramework(  836): PstnPhoneCapabilitiesNotifier: handleVideoCapabilitesChanged. Video capability - false
06-10 12:45:25.080 I/MmsService(  836): MmsConfigManager loads in background mcc/mnc: 310/270
06-10 12:45:25.080 W/BestClock(  486): java.time.DateTimeException: Missing NTP fix
06-10 12:45:25.082 D/SntpClient(  486): round trip: 69ms, clock offset: 2019ms
06-10 12:45:25.096 W/IptablesRestoreController(  230): iptables-restore process 1905 terminated status=256
06-10 12:45:25.096 I/Telecom (  486): PhoneAccountRegistrar: Modify account: [ComponentInfo{com.android.phone/com.android.services.telephony.TelephonyConnectionService}, ***, UserHandle{0}]: TSI.rPA@ADk
06-10 12:45:25.103 W/IptablesRestoreController(  230): iptables-restore process 1908 terminated status=256
06-10 12:45:25.104 E/IptablesRestoreController(  230): iptables error:
06-10 12:45:25.104 E/IptablesRestoreController(  230): ------- COMMAND -------
06-10 12:45:25.104 E/IptablesRestoreController(  230): *filter
06-10 12:45:25.104 E/IptablesRestoreController(  230): :bw_costly_radio0 -
06-10 12:45:25.104 E/IptablesRestoreController(  230): -A bw_costly_radio0 -j bw_penalty_box
06-10 12:45:25.104 E/IptablesRestoreController(  230): -I bw_INPUT 2 -i radio0 --jump bw_costly_radio0
06-10 12:45:25.104 E/IptablesRestoreController(  230): -I bw_OUTPUT 2 -o radio0 --jump bw_costly_radio0
06-10 12:45:25.104 E/IptablesRestoreController(  230): -A bw_FORWARD -i radio0 --jump bw_costly_radio0
06-10 12:45:25.104 E/IptablesRestoreController(  230): -A bw_FORWARD -o radio0 --jump bw_costly_radio0
06-10 12:45:25.104 E/IptablesRestoreController(  230): -A bw_costly_radio0 -m quota2 ! --quota 9223372036854775807 --name radio0 --jump REJECT
06-10 12:45:25.104 E/IptablesRestoreController(  230): COMMIT
06-10 12:45:25.104 E/IptablesRestoreController(  230): 
06-10 12:45:25.104 E/IptablesRestoreController(  230): -------  ERROR -------
06-10 12:45:25.104 E/IptablesRestoreController(  230): ip6tables-restore: line 9 failed
06-10 12:45:25.104 E/IptablesRestoreController(  230): ----------------------
06-10 12:45:25.104 E/BandwidthController(  230): Failed set quota rule
06-10 12:45:25.104 E/BandwidthController(  230): No such iface radio0 to delete
06-10 12:45:25.104 E/NetworkPolicy(  486): problem setting interface quota
06-10 12:45:25.104 E/NetworkPolicy(  486): java.lang.IllegalStateException: command '44 bandwidth setiquota radio0 9223372036854775807' failed with '400 44 Bandwidth command failed'
06-10 12:45:25.104 E/NetworkPolicy(  486): 	at com.android.server.NetworkManagementService.setInterfaceQuota(NetworkManagementService.java:1591)
06-10 12:45:25.104 E/NetworkPolicy(  486): 	at com.android.server.net.NetworkPolicyManagerService.setInterfaceQuota(NetworkPolicyManagerService.java:4478)
06-10 12:45:25.104 E/NetworkPolicy(  486): 	at com.android.server.net.NetworkPolicyManagerService.access$3000(NetworkPolicyManagerService.java:291)
06-10 12:45:25.104 E/NetworkPolicy(  486): 	at com.android.server.net.NetworkPolicyManagerService$17.handleMessage(NetworkPolicyManagerService.java:4359)
06-10 12:45:25.104 E/NetworkPolicy(  486): 	at android.os.Handler.dispatchMessage(Handler.java:102)
06-10 12:45:25.104 E/NetworkPolicy(  486): 	at android.os.Looper.loop(Looper.java:193)
06-10 12:45:25.104 E/NetworkPolicy(  486): 	at android.os.HandlerThread.run(HandlerThread.java:65)
06-10 12:45:25.104 E/NetworkPolicy(  486): Caused by: com.android.server.NativeDaemonConnector$NativeDaemonFailureException: command '44 bandwidth setiquota radio0 9223372036854775807' failed with '400 44 Bandwidth command failed'
06-10 12:45:25.104 E/NetworkPolicy(  486): 	at com.android.server.NativeDaemonConnector.executeForList(NativeDaemonConnector.java:515)
06-10 12:45:25.104 E/NetworkPolicy(  486): 	at com.android.server.NativeDaemonConnector.execute(NativeDaemonConnector.java:411)
06-10 12:45:25.104 E/NetworkPolicy(  486): 	at com.android.server.NativeDaemonConnector.execute(NativeDaemonConnector.java:406)
06-10 12:45:25.104 E/NetworkPolicy(  486): 	at com.android.server.NetworkManagementService.setInterfaceQuota(NetworkManagementService.java:1588)
06-10 12:45:25.104 E/NetworkPolicy(  486): 	... 6 more
06-10 12:45:25.115 E/BandwidthController(  230): Updating quota globalAlert failed (Status[code: 2, msg: "[No such file or directory] : fopen("/proc/net/xt_quota/globalAlert", "we") failed"])
06-10 12:45:25.115 W/NetworkStats(  486): problem registering for global alert: java.lang.IllegalStateException: command '45 bandwidth setglobalalert 2097152' failed with '400 45 Bandwidth command failed'
06-10 12:45:25.198 D/NetworkMonitor/NetworkAgentInfo [MOBILE (LTE) - 100](  486): PROBE_HTTP http://connectivitycheck.gstatic.com/generate_204 time=203ms ret=204 request={User-Agent=[Mozilla/5.0 (X11; Linux x86_64) AppleWebKit/537.36 (KHTML, like Gecko) Chrome/60.0.3112.32 Safari/537.36]} headers={null=[HTTP/1.1 204 No Content], Content-Length=[0], Cross-Origin-Resource-Policy=[cross-origin], Date=[Sat, 10 Jun 2023 16:45:27 GMT], X-Android-Received-Millis=[1686415525198], X-Android-Response-Source=[NETWORK 204], X-Android-Selected-Protocol=[http/1.1], X-Android-Sent-Millis=[1686415525069]}
06-10 12:45:25.213 I/Finsky  ( 1834): [156] tr.aM(20): Finished reading experiment flags from file [MTQFfXgEDSF6vPyBEk9r548L87tDGJQHfeQnHi3sTWc].
06-10 12:45:25.226 W/PackageParser( 1230): Unknown element under <manifest>: queries at /data/user_de/0/com.google.android.gms/app_chimera/m/00000010/DynamiteModulesC.apk Binary XML file line #15
06-10 12:45:25.227 W/ProviderHelper( 1230): Unknown dynamite feature providerinstaller.dynamite
06-10 12:45:25.227 I/DynamiteModule( 1230): Considering local module com.google.android.gms.providerinstaller.dynamite:1 and remote module com.google.android.gms.providerinstaller.dynamite:0
06-10 12:45:25.228 I/DynamiteModule( 1230): Selected local version of com.google.android.gms.providerinstaller.dynamite
06-10 12:45:25.243 W/android.vendin( 1834): Accessing hidden field Ljava/util/Collections$SynchronizedCollection;->mutex:Ljava/lang/Object; (dark greylist, reflection)
06-10 12:45:25.243 W/android.vendin( 1834): Accessing hidden method Ljava/util/Collections$SynchronizedSet;-><init>(Ljava/util/Set;Ljava/lang/Object;)V (dark greylist, reflection)
06-10 12:45:25.243 W/android.vendin( 1834): Accessing hidden method Ljava/util/Collections$SynchronizedCollection;-><init>(Ljava/util/Collection;Ljava/lang/Object;)V (dark greylist, reflection)
06-10 12:45:25.252 D/BoundBrokerSvc( 1060): onBind: Intent { act=com.google.android.gms.phenotype.service.START pkg=com.google.android.gms }
06-10 12:45:25.252 D/BoundBrokerSvc( 1060): Loading bound service for intent: Intent { act=com.google.android.gms.phenotype.service.START pkg=com.google.android.gms }
06-10 12:45:25.256 W/PackageParser( 1230): Unknown element under <manifest>: queries at /data/user_de/0/com.google.android.gms/app_chimera/m/0000000c/AdsDynamite.apk Binary XML file line #15
06-10 12:45:25.257 W/ProviderHelper( 1230): Unknown dynamite feature providerinstaller.dynamite
06-10 12:45:25.257 I/DynamiteModule( 1230): Considering local module com.google.android.gms.providerinstaller.dynamite:1 and remote module com.google.android.gms.providerinstaller.dynamite:0
06-10 12:45:25.257 I/DynamiteModule( 1230): Selected local version of com.google.android.gms.providerinstaller.dynamite
06-10 12:45:25.270 I/Finsky  ( 1834): [2] jii.ak(57): Profiling: Starting up (0)
06-10 12:45:25.278 I/Finsky  ( 1834): [154] jii.L(1): pcsi: PROCESS_START
06-10 12:45:25.284 D/NetworkMonitor/NetworkAgentInfo [MOBILE (LTE) - 100](  486): PROBE_HTTPS https://www.google.com/generate_204 time=289ms ret=204 request={User-Agent=[Mozilla/5.0 (X11; Linux x86_64) AppleWebKit/537.36 (KHTML, like Gecko) Chrome/60.0.3112.32 Safari/537.36]} headers={null=[HTTP/1.1 204 No Content], Alt-Svc=[h3=":443"; ma=2592000,h3-29=":443"; ma=2592000], Content-Length=[0], Cross-Origin-Resource-Policy=[cross-origin], Date=[Sat, 10 Jun 2023 16:45:27 GMT], X-Android-Received-Millis=[1686415525284], X-Android-Response-Source=[NETWORK 204], X-Android-Selected-Protocol=[http/1.1], X-Android-Sent-Millis=[1686415525218]}
06-10 12:45:25.285 D/ConnectivityService(  486): NetworkAgentInfo [MOBILE (LTE) - 100] validation passed
06-10 12:45:25.291 I/GnssLocationProvider(  486): WakeLock acquired by sendMessage(UPDATE_NETWORK_STATE, 0, 100)
06-10 12:45:25.292 I/GnssLocationProvider(  486): WakeLock released by handleMessage(UPDATE_NETWORK_STATE, 0, 100)
06-10 12:45:25.294 D/genymotion_gps(  521): gps_inject_time not implemented
06-10 12:45:25.295 E/AppIdleHistory(  486): Unable to read app idle file for user 0
06-10 12:45:25.299 W/SyncManager(  486): Clock is valid now.
06-10 12:45:25.321 W/PackageParser( 1230): Unknown element under <manifest>: queries at /data/user_de/0/com.google.android.gms/app_chimera/m/00000019/dl-AdsFdrDynamite.integ_231710100100000.apk Binary XML file line #15
06-10 12:45:25.322 W/ProviderHelper( 1230): Unknown dynamite feature providerinstaller.dynamite
06-10 12:45:25.322 I/DynamiteModule( 1230): Considering local module com.google.android.gms.providerinstaller.dynamite:1 and remote module com.google.android.gms.providerinstaller.dynamite:0
06-10 12:45:25.322 I/DynamiteModule( 1230): Selected local version of com.google.android.gms.providerinstaller.dynamite
06-10 12:45:25.340 I/Finsky  ( 1834): [153] vgo.<init>(3): vgr - Registering in memory receiver for android.intent.action.PACKAGE_ADDED and android.intent.action.PACKAGE_REMOVED
06-10 12:45:25.344 I/AlarmManager( 1060): setExactAndAllowWhileIdle [name: GCM_HB_ALARM type: 2 triggerAtMillis: 855471]
06-10 12:45:25.356 I/Finsky  ( 1834): [155] lgo.i(2): Subscription detail: DataSubscriptionInfo{groupIdLevel1=null, serviceProviderName=[Zr1R7g28S8p7iucp_gnNJJtsRl-pgO3Y6eIkCh24Iy0], simCarrierId=1}
06-10 12:45:25.357 I/Finsky  ( 1834): [155] agcr.d(2): SysUA: Disable SystemUpdateActivity, because Android is lower than Q
06-10 12:45:25.369 I/Finsky  ( 1834): [176] pxy.run(7): SysUA: Set SystemUpdateActivity enabled state to 2
06-10 12:45:25.376 I/Finsky  ( 1834): [170] rgm.run(35): SysCUA: Set {com.android.vending/com.google.android.finsky.systemcomponentupdateui.common.SystemComponentUpdateActivity} enabled state to 0
06-10 12:45:25.380 I/Finsky  ( 1834): [172] pc.run(5): Set UnhibernateActivity enabled state to 1
06-10 12:45:25.380 W/Settings( 1834): Setting download_manager_max_bytes_over_mobile has moved from android.provider.Settings.Secure to android.provider.Settings.Global.
06-10 12:45:25.381 I/Finsky  ( 1834): [152] unc.i(3): SettingNotFoundException, fall through to G.downloadBytesOverMobileMaximum
06-10 12:45:25.381 W/Settings( 1834): Setting download_manager_recommended_max_bytes_over_mobile has moved from android.provider.Settings.Secure to android.provider.Settings.Global.
06-10 12:45:25.382 I/Finsky  ( 1834): [152] unc.h(3): SettingNotFoundException, fall through to G.downloadBytesOverMobileRecommended
06-10 12:45:25.393 I/Finsky  ( 1834): [152] akzg.d(2): registerListener
06-10 12:45:25.396 I/Finsky  ( 1834): [152] akzg.d(2): registerListener
06-10 12:45:25.400 I/Finsky  ( 1834): [152] sqb.r(6): Enqueuing libraries load for -1688310742
06-10 12:45:25.400 I/Finsky  ( 1834): [176] sqb.s(1): Starting libraries load for -1688310742
06-10 12:45:25.403 W/ProviderHelper( 1230): Unknown dynamite feature providerinstaller.dynamite
06-10 12:45:25.403 I/DynamiteModule( 1230): Considering local module com.google.android.gms.providerinstaller.dynamite:1 and remote module com.google.android.gms.providerinstaller.dynamite:0
06-10 12:45:25.403 I/DynamiteModule( 1230): Selected local version of com.google.android.gms.providerinstaller.dynamite
06-10 12:45:25.408 I/AlarmManager( 1060): set [name: SystemMemoryCache type: 2 triggerAtMillis: 315360015534 windowMillis: -1 intervalMillis: 0]
06-10 12:45:25.427 I/Finsky  ( 1834): [155] afnf.<init>(3): VerifyApps: Setup app restrictions monitor
06-10 12:45:25.429 I/NetworkScheduler.Stats( 1060): (REDACTED) Task %s/%s started execution. cause:%s exec_start_elapsed_seconds: %s
06-10 12:45:25.432 I/Finsky  ( 1834): [155] aftd.a(3): VerifyApps: Device wide unknown source restriction updated
06-10 12:45:25.476 D/BoundBrokerSvc( 1060): onBind: Intent { act=com.google.android.gms.clearcut.service.START pkg=com.google.android.gms }
06-10 12:45:25.476 D/BoundBrokerSvc( 1060): Loading bound service for intent: Intent { act=com.google.android.gms.clearcut.service.START pkg=com.google.android.gms }
06-10 12:45:25.479 D/BoundBrokerSvc( 1230): onBind: Intent { act=com.google.android.gms.safetynet.service.START pkg=com.google.android.gms }
06-10 12:45:25.479 D/BoundBrokerSvc( 1230): Loading bound service for intent: Intent { act=com.google.android.gms.safetynet.service.START pkg=com.google.android.gms }
06-10 12:45:25.501 I/NetworkScheduler.Stats( 1060): (REDACTED) Task %s/%s finished executing. cause:%s result: %s elapsed_millis: %s uptime_millis: %s exec_start_elapsed_seconds: %s
06-10 12:45:25.509 I/Finsky  ( 1834): [158] rjw.<init>(4): Item store provider started.
06-10 12:45:25.514 W/DriveInitializer( 1230): Awaiting to be initialized
06-10 12:45:25.528 W/ProviderHelper( 1230): Unknown dynamite feature providerinstaller.dynamite
06-10 12:45:25.528 I/DynamiteModule( 1230): Considering local module com.google.android.gms.providerinstaller.dynamite:1 and remote module com.google.android.gms.providerinstaller.dynamite:0
06-10 12:45:25.528 I/DynamiteModule( 1230): Selected local version of com.google.android.gms.providerinstaller.dynamite
06-10 12:45:25.531 D/BoundBrokerSvc( 1060): onBind: Intent { act=com.google.android.gms.usagereporting.service.START pkg=com.google.android.gms }
06-10 12:45:25.532 D/BoundBrokerSvc( 1060): Loading bound service for intent: Intent { act=com.google.android.gms.usagereporting.service.START pkg=com.google.android.gms }
06-10 12:45:25.539 I/Finsky  ( 1834): [176] sqb.s(19): Loaded library for account: [NbTUk0TTsou2SRCDHxrESfXQ2HgIwjJp7u9PrtioUS8]
06-10 12:45:25.540 I/Finsky  ( 1834): [176] sqb.s(23): Finished loading 1 libraries.
06-10 12:45:25.542 I/AlarmManager( 1060): setExactAndAllowWhileIdle [name: GCM_HB_ALARM type: 2 triggerAtMillis: 855668]
06-10 12:45:25.550 I/AlarmManager( 1060): setExactAndAllowWhileIdle [name: GCM_HB_ALARM type: 2 triggerAtMillis: 855677]
06-10 12:45:25.559 I/Finsky  ( 1834): [2] yig.<init>(3): Resetting scheduler db
06-10 12:45:25.584 I/TransportClient(  486): LocalTransportService#0: Notifying [TransportManager.registerTransport()] transport = IBackupTransport
06-10 12:45:25.584 D/BackupTransportManager(  486): Transport android/com.android.internal.backup.LocalTransportService registered
06-10 12:45:25.584 D/BackupManagerService(  486): Transport android/com.android.internal.backup.LocalTransport registered 3057ms after first request (delay = 3000ms)
06-10 12:45:25.589 I/Finsky  ( 1834): [2] ixs.h(32): This process start was not selected for Play memory metrics collection.
06-10 12:45:25.607 D/Volley  ( 1834): [179] agbn.b: Cache cleared.
06-10 12:45:25.614 I/PinnedContentDownloader( 1230): Finished downloading pinned content.
06-10 12:45:25.618 I/ContentMaintenance( 1230): Internal cache bytes used: 0; limit: 100000000; download size: 0
06-10 12:45:25.627 D/Volley  ( 1834): [198] agbn.b: Cache cleared.
06-10 12:45:25.628 I/RealtimeCacheCleanup( 1230): Beginning Realtime garbage collection.
06-10 12:45:25.630 I/RealtimeCacheCleanup( 1230): Finished Realtime garbage collection.
06-10 12:45:25.639 I/GmsModuleFndr( 1230): Beginning GMS chimera module scan
06-10 12:45:25.647 D/Volley  ( 1834): [2] agbm.b: Cache cleared.
06-10 12:45:25.662 I/ModuleSetMgr( 1230): Computing pending module set with APKs: [[AdsFdrDynamite.integ:231710100100000], [Enpromo.integ:214106000020000], [MapsCoreDynamite.integ:231112103100700], [MlkitOcrCommon.optional:231819100700], [Pay.optional:231819100000], [TfliteDynamiteDynamite.integ:231406202000700], [TfliteDynamiteDynamite.integ:231406202100700], [VisionOcrDynamite.integ:223610901100700], [VisionOcrDynamite.integ:231602400100000], [AdsFdrDynamite.integ:231004600100000], [Cronetdynamite:231819100700], [Dynamiteloader:231819100000], [Dynamitemodulesa:231819100000], [Dynamitemodulesc:231819100000], [Googlecertificates:231819100000], [Mapsdynamite:231819100000], [Measurementdynamite:231819100000]]
06-10 12:45:25.677 I/Finsky  ( 1834): [176] xtu.accept(57): SCH: Scheduling phonesky job Id: 1-1337, CT: 1686414988408, Constraints: [{ L: 32087783, D: 75287783, C: 1, I: 1, N: 1 }]
06-10 12:45:25.677 D/Backup  ( 1230): [D2dTransport] Moved from state 0 to 0
06-10 12:45:25.679 I/TransportClient(  486): D2dTransportService#1: Notifying [TransportManager.registerTransport()] transport = IBackupTransport
06-10 12:45:25.680 I/Finsky  ( 1834): [176] xtu.accept(57): SCH: Scheduling phonesky job Id: 2-48879, CT: 1686414988008, Constraints: [{ L: 0, D: 86400000, C: 2, I: 2, N: 2 }]
06-10 12:45:25.680 I/Finsky  ( 1834): [176] xtu.accept(57): SCH: Scheduling phonesky job Id: 3-9, CT: 1686414985292, Constraints: [{ L: 0, D: 86400000, C: 2, I: 2, N: 2 }]
06-10 12:45:25.681 I/Finsky  ( 1834): [176] xtu.accept(57): SCH: Scheduling phonesky job Id: 10-4, CT: 1686414988013, Constraints: [{ L: 1200000, D: 86400000, C: 1, I: 1, N: 1 }]
06-10 12:45:25.681 I/Finsky  ( 1834): [176] xtu.accept(57): SCH: Scheduling phonesky job Id: 10-78, CT: 1686414988015, Constraints: [{ L: 0, D: 86400000, C: 1, I: 2, N: 1 }]
06-10 12:45:25.681 I/Finsky  ( 1834): [176] xtu.accept(57): SCH: Scheduling phonesky job Id: 24-77777777, CT: 1686383548467, Constraints: [{ L: 1, D: 82800000, C: 1, I: 2, N: 0 }]
06-10 12:45:25.682 I/Finsky  ( 1834): [176] xtu.accept(57): SCH: Scheduling phonesky job Id: 26-1414141414, CT: 1686383548546, Constraints: [{ L: 43171772, D: 44071772, C: 1, I: 1, N: 0 }]
06-10 12:45:25.682 I/Finsky  ( 1834): [176] xtu.accept(57): SCH: Scheduling phonesky job Id: 34-11, CT: 1686414991035, Constraints: [{ L: 21490889, D: 1317490889, C: 2, I: 2, N: 2 }, { L: 21490889, D: 1317490889, C: 1, I: 2, N: 2 }]
06-10 12:45:25.682 I/Finsky  ( 1834): [176] xtu.accept(57): SCH: Scheduling phonesky job Id: 34-12, CT: 1686414991700, Constraints: [{ L: 79199982, D: 1375199982, C: 1, I: 1, N: 1 }]
06-10 12:45:25.682 I/Finsky  ( 1834): [176] xtu.accept(57): SCH: Scheduling phonesky job Id: 34-13, CT: 1686414991035, Constraints: [{ L: 140226223, D: 1436226223, C: 1, I: 1, N: 2 }]
06-10 12:45:25.682 W/Binder  (  486): Outgoing transactions from this process must be FLAG_ONEWAY
06-10 12:45:25.682 W/Binder  (  486): java.lang.Throwable
06-10 12:45:25.682 W/Binder  (  486): 	at android.os.BinderProxy.transact(Binder.java:1116)
06-10 12:45:25.682 W/Binder  (  486): 	at com.android.internal.backup.IBackupTransport$Stub$Proxy.name(IBackupTransport.java:381)
06-10 12:45:25.682 W/Binder  (  486): 	at com.android.server.backup.TransportManager.registerTransport(TransportManager.java:612)
06-10 12:45:25.682 W/Binder  (  486): 	at com.android.server.backup.TransportManager.registerTransportsForIntent(TransportManager.java:550)
06-10 12:45:25.682 W/Binder  (  486): 	at com.android.server.backup.TransportManager.registerTransports(TransportManager.java:520)
06-10 12:45:25.682 W/Binder  (  486): 	at com.android.server.backup.-$$Lambda$pM_c5tVAGDtxjxLF_ONtACWWq6Q.run(Unknown Source:2)
06-10 12:45:25.682 W/Binder  (  486): 	at android.os.Handler.handleCallback(Handler.java:873)
06-10 12:45:25.682 W/Binder  (  486): 	at android.os.Handler.dispatchMessage(Handler.java:99)
06-10 12:45:25.682 W/Binder  (  486): 	at android.os.Looper.loop(Looper.java:193)
06-10 12:45:25.682 W/Binder  (  486): 	at android.os.HandlerThread.run(HandlerThread.java:65)
06-10 12:45:25.683 I/Finsky  ( 1834): [176] xtu.accept(57): SCH: Scheduling phonesky job Id: 44-1027, CT: 1686383547739, Constraints: [{ L: 0, D: 86400000, C: 1, I: 2, N: 0 }]
06-10 12:45:25.686 I/Finsky  ( 1834): [2] pyd.B(3): Installer: Attempting to start installer
06-10 12:45:25.688 I/Finsky  ( 1834): [2] akzg.d(2): registerListener
06-10 12:45:25.693 I/Finsky  ( 1834): [2] zmn.<init>(20): Initializing pausers from value store.
06-10 12:45:25.693 I/Finsky  ( 1834): [2] zmn.<init>(24): Get the following callers from value store [].
06-10 12:45:25.698 I/Finsky  ( 1834): [2] lgn.onSubscriptionsChanged(1): onSubscriptionsChanged
06-10 12:45:25.701 D/BackupTransportManager(  486): Transport com.google.android.gms/.backup.component.D2dTransportService registered
06-10 12:45:25.701 D/BackupManagerService(  486): Transport com.google.android.gms/.backup.migrate.service.D2dTransport registered 3174ms after first request (delay = 3000ms)
06-10 12:45:25.716 I/Zygote  ( 1983): seccomp disabled by setenforce 0
06-10 12:45:25.718 I/ActivityManager(  486): Start proc 1983:com.genymotion.superuser/1000 for broadcast com.genymotion.superuser/com.koushikdutta.superuser.SuCheckerReceiver
06-10 12:45:25.722 W/otion.superuse( 1983): Unexpected CPU variant for X86 using defaults: x86
06-10 12:45:25.739 I/otion.superuse( 1983): The ClassLoaderContext is a special shared library.
06-10 12:45:25.740 I/ModuleSetMgr( 1230): Pending container module APKs: [[MapsCoreDynamite.integ:231112103100700], [MlkitOcrCommon.optional:231819100700], [Pay.optional:231819100000]]
06-10 12:45:25.740 I/ModuleSetMgr( 1230): Pending non-container module APKs: [[VisionOcrDynamite.integ:231602400100000], [Enpromo.integ:214106000020000], [TfliteDynamiteDynamite.integ:231406202100700], [AdsFdrDynamite.integ:231710100100000]]
06-10 12:45:25.753 I/Finsky  ( 1834): [172] xtt.apply(46): SCH: Scheduling 7 system job(s)
06-10 12:45:25.754 I/Finsky  ( 1834): [172] yhw.d(4): SCH: Scheduling system job Id: 9094, L: 662260, D: 74750438, C: false, I: false, N: 1
06-10 12:45:25.756 I/Finsky  ( 1834): [172] yhw.d(4): SCH: Scheduling system job Id: 9095, L: 0, D: 85859536, C: true, I: true, N: 2
06-10 12:45:25.762 I/Finsky  ( 1834): [172] yhw.d(4): SCH: Scheduling system job Id: 9096, L: 0, D: 85862254, C: false, I: true, N: 1
06-10 12:45:25.763 W/PackageParser( 1230): Unknown element under <manifest>: queries at /data/user_de/0/com.google.android.gms/app_chimera/m/0000000c/AdsDynamite.apk Binary XML file line #15
06-10 12:45:25.763 I/Finsky  ( 1834): [172] yhw.d(4): SCH: Scheduling system job Id: 9097, L: 0, D: 50822704, C: false, I: true, N: 0
06-10 12:45:25.764 I/Superuser( 1983): Result: 16 com.genymotion.superuser
06-10 12:45:25.764 I/Finsky  ( 1834): [172] yhw.d(4): SCH: Scheduling system job Id: 9098, L: 11194554, D: 12094554, C: false, I: false, N: 0
06-10 12:45:25.765 I/Finsky  ( 1834): [207] soe.s(1): getDownloads()
06-10 12:45:25.770 I/Finsky  ( 1834): [172] yhw.d(4): SCH: Scheduling system job Id: 9099, L: 20956156, D: 1316956156, C: false, I: true, N: 2
06-10 12:45:25.772 I/TransportClient(  486): BackupTransportService#2: Notifying [TransportManager.registerTransport()] transport = IBackupTransport
06-10 12:45:25.775 W/Binder  (  486): Outgoing transactions from this process must be FLAG_ONEWAY
06-10 12:45:25.775 W/Binder  (  486): java.lang.Throwable
06-10 12:45:25.775 W/Binder  (  486): 	at android.os.BinderProxy.transact(Binder.java:1116)
06-10 12:45:25.775 W/Binder  (  486): 	at com.android.internal.backup.IBackupTransport$Stub$Proxy.name(IBackupTransport.java:381)
06-10 12:45:25.775 W/Binder  (  486): 	at com.android.server.backup.TransportManager.registerTransport(TransportManager.java:612)
06-10 12:45:25.775 W/Binder  (  486): 	at com.android.server.backup.TransportManager.registerTransportsForIntent(TransportManager.java:550)
06-10 12:45:25.775 W/Binder  (  486): 	at com.android.server.backup.TransportManager.registerTransports(TransportManager.java:520)
06-10 12:45:25.775 W/Binder  (  486): 	at com.android.server.backup.-$$Lambda$pM_c5tVAGDtxjxLF_ONtACWWq6Q.run(Unknown Source:2)
06-10 12:45:25.775 W/Binder  (  486): 	at android.os.Handler.handleCallback(Handler.java:873)
06-10 12:45:25.775 W/Binder  (  486): 	at android.os.Handler.dispatchMessage(Handler.java:99)
06-10 12:45:25.775 W/Binder  (  486): 	at android.os.Looper.loop(Looper.java:193)
06-10 12:45:25.775 W/Binder  (  486): 	at android.os.HandlerThread.run(HandlerThread.java:65)
06-10 12:45:25.777 D/Backup  ( 1230): [BackupScheduler] Setting backup scheduler enabled=true due to desired state 1
06-10 12:45:25.778 I/Zygote  ( 2012): seccomp disabled by setenforce 0
06-10 12:45:25.779 I/ActivityManager(  486): Start proc 2012:com.google.android.configupdater/u0a75 for broadcast com.google.android.configupdater/.MainReceiver
06-10 12:45:25.780 D/Backup  ( 1230): [BackupScheduler] Setting backup scheduler enabled=true due to desired state 1
06-10 12:45:25.780 W/d.configupdate( 2012): Unexpected CPU variant for X86 using defaults: x86
06-10 12:45:25.780 I/Finsky  ( 1834): [172] yhw.d(4): SCH: Scheduling system job Id: 9100, L: 139691487, D: 1435691487, C: false, I: false, N: 2
06-10 12:45:25.790 W/PackageParser( 1230): Unknown element under <manifest>: queries at /data/user_de/0/com.google.android.gms/app_chimera/m/00000010/DynamiteModulesC.apk Binary XML file line #15
06-10 12:45:25.791 I/Backup  ( 1230): [GmsBackupAccountManager] Backup account not found in gmscore.
06-10 12:45:25.794 I/Zygote  ( 2027): seccomp disabled by setenforce 0
06-10 12:45:25.795 W/ding:backgroun( 2027): Unexpected CPU variant for X86 using defaults: x86
06-10 12:45:25.800 I/ActivityManager(  486): Start proc 2027:com.android.vending:background/u0a80 for service com.android.vending/com.google.android.finsky.ipcservers.background.BackgroundGrpcServerAndroidService
06-10 12:45:25.801 V/Backup  ( 1230): [GmsBackupTransport] currentDestinationString: null
06-10 12:45:25.806 W/ChimeraUtils( 1060): Module com.google.android.gms.backup_base missing resource null(0)
06-10 12:45:25.807 I/d.configupdate( 2012): The ClassLoaderContext is a special shared library.
06-10 12:45:25.811 I/ding:backgroun( 2027): The ClassLoaderContext is a special shared library.
06-10 12:45:25.815 D/BackupTransportManager(  486): Transport com.google.android.gms/.backup.BackupTransportService registered
06-10 12:45:25.815 D/BackupManagerService(  486): Transport com.google.android.gms/.backup.BackupTransportService registered 3287ms after first request (delay = 3000ms)
06-10 12:45:25.819 W/PackageParser( 1230): Unknown element under <manifest>: queries at /data/user_de/0/com.google.android.gms/app_chimera/m/00000019/dl-AdsFdrDynamite.integ_231710100100000.apk Binary XML file line #15
06-10 12:45:25.823 I/BackupManagerService(  486): Found stale backup journal, scheduling
06-10 12:45:25.827 V/Backup  ( 1060): [BackupAccountNotifier] Handling new intent. Show notification: true
06-10 12:45:25.829 D/NetworkSecurityConfig( 1834): No Network Security Config specified, using platform default
06-10 12:45:25.865 E/ConfigUpdater( 2012): ignoring update request
06-10 12:45:25.867 E/ConfigUpdater( 2012): ignoring update request
06-10 12:45:25.868 I/Finsky:background( 2027): [2] jkn.i(6): Process created at version: 35.2.19-21 [0] [PR] 522404461
06-10 12:45:25.869 E/ConfigUpdater( 2012): ignoring update request
06-10 12:45:25.880 I/chatty  ( 2012): uid=10075(com.google.android.configupdater) identical 3 lines
06-10 12:45:25.883 E/ConfigUpdater( 2012): ignoring update request
06-10 12:45:25.883 I/ding:backgroun( 2027): Rejecting re-init on previously-failed class java.lang.Class<ol>: java.lang.NoClassDefFoundError: Failed resolution of: Landroid/window/OnBackInvokedCallback;
06-10 12:45:25.883 I/ding:backgroun( 2027):   at arbp arbj.a(java.lang.Class) (PG:1)
06-10 12:45:25.883 I/ding:backgroun( 2027):   at arbp arbj.b(java.lang.Object) (PG:-1)
06-10 12:45:25.883 I/ding:backgroun( 2027):   at aqzv aqzv.x(aqzv, byte[], int, int, aqzj) (PG:2)
06-10 12:45:25.883 I/ding:backgroun( 2027):   at void vtr.d() (PG:3)
06-10 12:45:25.883 I/ding:backgroun( 2027):   at void voo.b(voo) (PG:1)
06-10 12:45:25.883 I/ding:backgroun( 2027):   at void vtr.<clinit>() (PG:-1)
06-10 12:45:25.883 I/ding:backgroun( 2027):   at void wch.a() (PG:1)
06-10 12:45:25.883 I/ding:backgroun( 2027):   at java.util.Map vpb.a(vor) (PG:-1)
06-10 12:45:25.883 I/ding:backgroun( 2027):   at java.lang.Object jzb.a() (PG:100)
06-10 12:45:25.883 I/ding:backgroun( 2027):   at java.lang.Object jzb.b() (PG:113)
06-10 12:45:25.883 I/ding:backgroun( 2027):   at java.lang.Object auin.b() (PG:1)
06-10 12:45:25.883 I/ding:backgroun( 2027):   at java.lang.Object jzb.a() (PG:101)
06-10 12:45:25.883 I/ding:backgroun( 2027):   at java.lang.Object jzb.b() (PG:113)
06-10 12:45:25.883 I/ding:backgroun( 2027):   at java.lang.Object auin.b() (PG:1)
06-10 12:45:25.883 I/ding:backgroun( 2027):   at java.lang.Object jzb.a() (PG:102)
06-10 12:45:25.883 I/ding:backgroun( 2027):   at java.lang.Object jzb.b() (PG:113)
06-10 12:45:25.883 I/ding:backgroun( 2027):   at java.lang.Object auin.b() (PG:1)
06-10 12:45:25.883 I/ding:backgroun( 2027):   at void jyu.h(android.app.Application) (PG:4)
06-10 12:45:25.883 I/ding:backgroun( 2027):   at void jkn.i() (PG:11)
06-10 12:45:25.883 I/ding:backgroun( 2027):   at void jkn.onCreate() (PG:3)
06-10 12:45:25.883 I/ding:backgroun( 2027):   at void android.app.Instrumentation.callApplicationOnCreate(android.app.Application) (Instrumentation.java:1154)
06-10 12:45:25.883 I/ding:backgroun( 2027):   at void android.app.ActivityThread.handleBindApplication(android.app.ActivityThread$AppBindData) (ActivityThread.java:5871)
06-10 12:45:25.883 I/ding:backgroun( 2027):   at void android.app.ActivityThread.access$1100(android.app.ActivityThread, android.app.ActivityThread$AppBindData) (ActivityThread.java:199)
06-10 12:45:25.883 I/ding:backgroun( 2027):   at void android.app.ActivityThread$H.handleMessage(android.os.Message) (ActivityThread.java:1650)
06-10 12:45:25.883 I/ding:backgroun( 2027):   at void android.os.Handler.dispatchMessage(android.os.Message) (Handler.java:106)
06-10 12:45:25.883 I/ding:backgroun( 2027):   at void android.os.Looper.loop() (Looper.java:193)
06-10 12:45:25.883 I/ding:backgroun( 2027):   at void android.app.ActivityThread.main(java.lang.String[]) (ActivityThread.java:6669)
06-10 12:45:25.883 I/ding:backgroun( 2027):   at java.lang.Object java.lang.reflect.Method.invoke(java.lang.Object, java.lang.Object[]) (Method.java:-2)
06-10 12:45:25.883 I/ding:backgroun( 2027):   at void com.android.internal.os.RuntimeInit$MethodAndArgsCaller.run() (RuntimeInit.java:493)
06-10 12:45:25.883 I/ding:backgroun( 2027):   at void com.android.internal.os.ZygoteInit.main(java.lang.String[]) (ZygoteInit.java:858)
06-10 12:45:25.883 I/ding:backgroun( 2027): Caused by: java.lang.ClassNotFoundException: Didn't find class "android.window.OnBackInvokedCallback" on path: DexPathList[[zip file "/system/framework/org.apache.http.legacy.boot.jar", zip file "/data/app/com.android.vending-1WhW1mr96Ixz0S7BiigySQ==/base.apk"],nativeLibraryDirectories=[/data/app/com.android.vending-1WhW1mr96Ixz0S7BiigySQ==/lib/x86, /data/app/com.android.vending-1WhW1mr96Ixz0S7BiigySQ==/base.apk!/lib/x86, /system/lib, /system/vendor/lib]]
06-10 12:45:25.883 I/ding:backgroun( 2027):   at java.lang.Class dalvik.system.BaseDexClassLoader.findClass(java.lang.String) (BaseDexClassLoader.java:134)
06-10 12:45:25.883 I/ding:backgroun( 2027):   at java.lang.Class java.lang.ClassLoader.loadClass(java.lang.String, boolean) (ClassLoader.java:379)
06-10 12:45:25.883 I/ding:backgroun( 2027):   at java.lang.Class java.lang.ClassLoader.loadClass(java.lang.String) (ClassLoader.java:312)
06-10 12:45:25.883 I/ding:backgroun( 2027):   at arbp arbj.a(java.lang.Class) (PG:1)
06-10 12:45:25.883 I/ding:backgroun( 2027):   at arbp arbj.b(java.lang.Object) (PG:-1)
06-10 12:45:25.883 I/ding:backgroun( 2027):   at aqzv aqzv.x(aqzv, byte[], int, int, aqzj) (PG:2)
06-10 12:45:25.883 I/ding:backgroun( 2027):   at void vtr.d() (PG:3)
06-10 12:45:25.883 I/ding:backgroun( 2027):   at void voo.b(voo) (PG:1)
06-10 12:45:25.883 I/ding:backgroun( 2027):   at void vtr.<clinit>() (PG:-1)
06-10 12:45:25.883 I/ding:backgroun( 2027):   at void wch.a() (PG:1)
06-10 12:45:25.883 I/ding:backgroun( 2027):   at java.util.Map vpb.a(vor) (PG:-1)
06-10 12:45:25.883 I/ding:backgroun( 2027):   at java.lang.Object jzb.a() (PG:100)
06-10 12:45:25.883 I/ding:backgroun( 2027):   at java.lang.Object jzb.b() (PG:113)
06-10 12:45:25.883 I/ding:backgroun( 2027):   at java.lang.Object auin.b() (PG:1)
06-10 12:45:25.883 I/ding:backgroun( 2027):   at java.lang.Object jzb.a() (PG:101)
06-10 12:45:25.883 I/ding:backgroun( 2027):   at java.lang.Object jzb.b() (PG:113)
06-10 12:45:25.883 I/ding:backgroun( 2027):   at java.lang.Object auin.b() (PG:1)
06-10 12:45:25.883 I/ding:backgroun( 2027):   at java.lang.Object jzb.a() (PG:102)
06-10 12:45:25.883 I/ding:backgroun( 2027):   at java.lang.Object jzb.b() (PG:113)
06-10 12:45:25.883 I/ding:backgroun( 2027):   at java.lang.Object auin.b() (PG:1)
06-10 12:45:25.883 I/ding:backgroun( 2027):   at void jyu.h(android.app.Application) (PG:4)
06-10 12:45:25.883 I/ding:backgroun( 2027):   at void jkn.i() (PG:11)
06-10 12:45:25.883 I/ding:backgroun( 2027):   at void jkn.onCreate() (PG:3)
06-10 12:45:25.883 I/ding:backgroun( 2027):   at void android.app.Instrumentation.callApplicationOnCreate(android.app.Application) (Instrumentation.java:1154)
06-10 12:45:25.883 I/ding:backgroun( 2027):   at void android.app.ActivityThread.handleBindApplication(android.app.ActivityThread$AppBindData) (ActivityThread.java:5871)
06-10 12:45:25.883 I/ding:backgroun( 2027):   at void android.app.ActivityThread.access$1100(android.app.ActivityThread, android.app.ActivityThread$AppBindData) (ActivityThread.java:199)
06-10 12:45:25.883 I/ding:backgroun( 2027):   at void android.app.ActivityThread$H.handleMessage(android.os.Message) (ActivityThread.java:1650)
06-10 12:45:25.883 I/ding:backgroun( 2027):   at void android.os.Handler.dispatchMessage(android.os.Message) (Handler.java:106)
06-10 12:45:25.883 I/ding:backgroun( 2027):   at void android.os.Looper.loop() (Looper.java:193)
06-10 12:45:25.883 I/ding:backgroun( 2027):   at void android.app.ActivityThread.main(java.lang.String[]) (ActivityThread.java:6669)
06-10 12:45:25.883 I/ding:backgroun( 2027):   at java.lang.Object java.lang.reflect.Method.invoke(java.lang.Object, java.lang.Object[]) (Method.java:-2)
06-10 12:45:25.883 I/ding:backgroun( 2027):   at void com.android.internal.os.RuntimeInit$MethodAndArgsCaller.run() (RuntimeInit.java:493)
