06-10 15:09:58.217 D/SystemServerTiming(  486): StartVoiceRecognitionManager took to complete: 1ms
06-10 15:09:58.218 I/SystemServer(  486): StartGestureLauncher
06-10 15:09:58.218 I/SystemServiceManager(  486): Starting com.android.server.GestureLauncherService
06-10 15:09:58.218 D/SystemServerTiming(  486): StartGestureLauncher took to complete: 0ms
06-10 15:09:58.218 I/SystemServer(  486): StartSensorNotification
06-10 15:09:58.218 I/SystemServiceManager(  486): Starting com.android.server.SensorNotificationService
06-10 15:09:58.218 D/SystemServerTiming(  486): StartSensorNotification took to complete: 0ms
06-10 15:09:58.218 I/SystemServer(  486): StartContextHubSystemService
06-10 15:09:58.218 I/SystemServiceManager(  486): Starting com.android.server.ContextHubSystemService
06-10 15:09:58.218 D/SystemServerTiming(  486): StartContextHubSystemService took to complete: 1ms
06-10 15:09:58.218 I/SystemServer(  486): StartDiskStatsService
06-10 15:09:58.218 D/SystemServerInitThreadPool(  486): Started executing Init ContextHubSystemService
06-10 15:09:58.219 W/System  (  486): A resource was acquired at attached stack trace but never released. See java.io.Closeable for information on avoiding resource leaks.
06-10 15:09:58.219 W/hwservicemanager(  162): getTransport: Cannot find entry android.hardware.contexthub@1.0::IContexthub/default in either framework or device manifest.
06-10 15:09:58.219 W/System  (  486): java.lang.Throwable: Explicit termination method 'close' not called
06-10 15:09:58.219 W/System  (  486): 	at dalvik.system.CloseGuard.open(CloseGuard.java:221)
06-10 15:09:58.219 W/System  (  486): 	at java.io.FileInputStream.<init>(FileInputStream.java:168)
06-10 15:09:58.219 W/System  (  486): 	at com.android.internal.os.AtomicFile.openRead(AtomicFile.java:147)
06-10 15:09:58.219 W/System  (  486): 	at com.android.server.storage.CacheQuotaStrategy.setupQuotasFromFile(CacheQuotaStrategy.java:301)
06-10 15:09:58.219 W/System  (  486): 	at com.android.server.usage.StorageStatsService$H.handleMessage(StorageStatsService.java:508)
06-10 15:09:58.219 W/System  (  486): 	at android.os.Handler.dispatchMessage(Handler.java:106)
06-10 15:09:58.219 W/System  (  486): 	at android.os.Looper.loop(Looper.java:193)
06-10 15:09:58.219 W/System  (  486): 	at android.os.HandlerThread.run(HandlerThread.java:65)
06-10 15:09:58.219 W/System  (  486): 	at com.android.server.ServiceThread.run(ServiceThread.java:44)
06-10 15:09:58.219 D/SystemServerTiming(  486): StartDiskStatsService took to complete: 0ms
06-10 15:09:58.219 I/SystemServer(  486): StartNetworkTimeUpdateService
06-10 15:09:58.219 I/ContextHubService(  486): Context Hub HAL service not found
06-10 15:09:58.219 D/SystemServerInitThreadPool(  486): Finished executing Init ContextHubSystemService
06-10 15:09:58.219 D/SystemServerTiming(  486): StartNetworkTimeUpdateService took to complete: 1ms
06-10 15:09:58.220 I/SystemServer(  486): StartCommonTimeManagementService
06-10 15:09:58.220 D/SystemServerTiming(  486): StartCommonTimeManagementService took to complete: 0ms
06-10 15:09:58.220 I/SystemServer(  486): CertBlacklister
06-10 15:09:58.220 D/SystemServerTiming(  486): CertBlacklister took to complete: 1ms
06-10 15:09:58.220 I/SystemServer(  486): StartEmergencyAffordanceService
06-10 15:09:58.220 I/SystemServiceManager(  486): Starting com.android.server.emergency.EmergencyAffordanceService
06-10 15:09:58.220 D/SystemServerTiming(  486): StartEmergencyAffordanceService took to complete: 0ms
06-10 15:09:58.220 I/SystemServer(  486): StartDreamManager
06-10 15:09:58.220 I/SystemServiceManager(  486): Starting com.android.server.dreams.DreamManagerService
06-10 15:09:58.221 D/SystemServerTiming(  486): StartDreamManager took to complete: 0ms
06-10 15:09:58.221 I/SystemServer(  486): AddGraphicsStatsService
06-10 15:09:58.222 D/SystemServerTiming(  486): AddGraphicsStatsService took to complete: 2ms
06-10 15:09:58.222 I/SystemServer(  486): StartPrintManager
06-10 15:09:58.222 I/SystemServiceManager(  486): Starting com.android.server.print.PrintManagerService
06-10 15:09:58.223 D/SystemServerTiming(  486): StartPrintManager took to complete: 1ms
06-10 15:09:58.223 I/SystemServer(  486): StartCompanionDeviceManager
06-10 15:09:58.223 I/SystemServiceManager(  486): Starting com.android.server.companion.CompanionDeviceManagerService
06-10 15:09:58.224 D/SystemServerTiming(  486): StartCompanionDeviceManager took to complete: 0ms
06-10 15:09:58.224 I/SystemServer(  486): StartRestrictionManager
06-10 15:09:58.224 I/SystemServiceManager(  486): Starting com.android.server.restrictions.RestrictionsManagerService
06-10 15:09:58.224 D/SystemServerTiming(  486): StartRestrictionManager took to complete: 1ms
06-10 15:09:58.224 I/SystemServer(  486): StartMediaSessionService
06-10 15:09:58.224 I/SystemServiceManager(  486): Starting com.android.server.media.MediaSessionService
06-10 15:09:58.226 D/SystemServerTiming(  486): StartMediaSessionService took to complete: 1ms
06-10 15:09:58.226 I/SystemServer(  486): StartMediaUpdateService
06-10 15:09:58.226 I/SystemServiceManager(  486): Starting com.android.server.media.MediaUpdateService
06-10 15:09:58.226 D/SystemServerTiming(  486): StartMediaUpdateService took to complete: 0ms
06-10 15:09:58.226 I/SystemServer(  486): StartMediaResourceMonitor
06-10 15:09:58.226 I/SystemServiceManager(  486): Starting com.android.server.media.MediaResourceMonitorService
06-10 15:09:58.226 D/SystemServerTiming(  486): StartMediaResourceMonitor took to complete: 1ms
06-10 15:09:58.226 I/SystemServer(  486): StartMediaRouterService
06-10 15:09:58.227 D/SystemServerTiming(  486): StartMediaRouterService took to complete: 0ms
06-10 15:09:58.227 I/SystemServer(  486): StartBackgroundDexOptService
06-10 15:09:58.227 W/BackgroundDexOptService(  486): SysProp pm.dexopt.downgrade_after_inactive_days not set
06-10 15:09:58.227 D/SystemServerTiming(  486): StartBackgroundDexOptService took to complete: 1ms
06-10 15:09:58.227 I/SystemServer(  486): StartPruneInstantAppsJobService
06-10 15:09:58.227 D/SystemServerTiming(  486): StartPruneInstantAppsJobService took to complete: 0ms
06-10 15:09:58.227 I/SystemServer(  486): StartShortcutServiceLifecycle
06-10 15:09:58.227 I/SystemServiceManager(  486): Starting com.android.server.pm.ShortcutService$Lifecycle
06-10 15:09:58.228 D/SystemServerTiming(  486): StartShortcutServiceLifecycle took to complete: 1ms
06-10 15:09:58.228 I/SystemServer(  486): StartLauncherAppsService
06-10 15:09:58.228 I/SystemServiceManager(  486): Starting com.android.server.pm.LauncherAppsService
06-10 15:09:58.229 D/SystemServerTiming(  486): StartLauncherAppsService took to complete: 0ms
06-10 15:09:58.229 I/SystemServer(  486): StartCrossProfileAppsService
06-10 15:09:58.229 I/SystemServiceManager(  486): Starting com.android.server.pm.CrossProfileAppsService
06-10 15:09:58.229 D/SystemServerTiming(  486): StartCrossProfileAppsService took to complete: 0ms
06-10 15:09:58.229 I/SystemServer(  486): StartMediaProjectionManager
06-10 15:09:58.229 I/SystemServiceManager(  486): Starting com.android.server.media.projection.MediaProjectionManagerService
06-10 15:09:58.230 V/MediaRouter(  486): Adding route: RouteInfo{ name=Phone, description=null, status=null, category=RouteCategory{ name=System types=ROUTE_TYPE_LIVE_AUDIO ROUTE_TYPE_LIVE_VIDEO  groupable=false }, supportedTypes=ROUTE_TYPE_LIVE_AUDIO ROUTE_TYPE_LIVE_VIDEO , presentationDisplay=null }
06-10 15:09:58.231 V/MediaRouter(  486): Selecting route: RouteInfo{ name=Phone, description=null, status=null, category=RouteCategory{ name=System types=ROUTE_TYPE_LIVE_AUDIO ROUTE_TYPE_LIVE_VIDEO  groupable=false }, supportedTypes=ROUTE_TYPE_LIVE_AUDIO ROUTE_TYPE_LIVE_VIDEO , presentationDisplay=null }
06-10 15:09:58.231 D/SystemServerTiming(  486): StartMediaProjectionManager took to complete: 3ms
06-10 15:09:58.231 I/SystemServer(  486): StartSliceManagerService
06-10 15:09:58.231 I/SystemServiceManager(  486): Starting com.android.server.slice.SliceManagerService$Lifecycle
06-10 15:09:58.233 D/SystemServerTiming(  486): StartSliceManagerService took to complete: 1ms
06-10 15:09:58.233 I/SystemServer(  486): StartCameraServiceProxy
06-10 15:09:58.233 I/SystemServiceManager(  486): Starting com.android.server.camera.CameraServiceProxy
06-10 15:09:58.234 D/SystemServerTiming(  486): StartCameraServiceProxy took to complete: 1ms
06-10 15:09:58.234 I/SystemServer(  486): StartStatsCompanionService
06-10 15:09:58.234 I/SystemServiceManager(  486): Starting com.android.server.stats.StatsCompanionService$Lifecycle
06-10 15:09:58.234 I/KernelUidCpuFreqTimeReader(  486): mPerClusterTimesAvailable=false
06-10 15:09:58.235 D/SystemServerTiming(  486): StartStatsCompanionService took to complete: 1ms
06-10 15:09:58.235 I/WindowManager(  486): SAFE MODE not enabled
06-10 15:09:58.235 I/SystemServer(  486): StartJitCompilation
06-10 15:09:58.235 D/SystemServerTiming(  486): StartJitCompilation took to complete: 0ms
06-10 15:09:58.235 I/SystemServer(  486): StartMmsService
06-10 15:09:58.235 I/SystemServiceManager(  486): Starting com.android.server.MmsServiceBroker
06-10 15:09:58.235 D/SystemServerTiming(  486): StartMmsService took to complete: 1ms
06-10 15:09:58.235 I/SystemServer(  486): StartAutoFillService
06-10 15:09:58.236 I/SystemServiceManager(  486): Starting com.android.server.autofill.AutofillManagerService
06-10 15:09:58.236 I/AutofillManagerService(  486): Setting debug to true
06-10 15:09:58.236 D/SystemServerTiming(  486): StartAutoFillService took to complete: 1ms
06-10 15:09:58.236 I/SystemServer(  486): MakeVibratorServiceReady
06-10 15:09:58.237 D/SystemServerTiming(  486): MakeVibratorServiceReady took to complete: 0ms
06-10 15:09:58.237 I/SystemServer(  486): MakeLockSettingsServiceReady
06-10 15:09:58.248 W/hwservicemanager(  162): getTransport: Cannot find entry android.hardware.weaver@1.0::IWeaver/default in either framework or device manifest.
06-10 15:09:58.249 I/SyntheticPasswordManager(  486): Device does not support weaver
06-10 15:09:58.250 W/hwservicemanager(  162): getTransport: Cannot find entry android.hardware.authsecret@1.0::IAuthSecret/default in either framework or device manifest.
06-10 15:09:58.250 I/LockSettingsService(  486): Device doesn't implement AuthSecret HAL
06-10 15:09:58.251 E/LockSettingsStorage(  486): Cannot read file java.io.FileNotFoundException: /data/system/gatekeeper.password.key: open failed: ENOENT (No such file or directory)
06-10 15:09:58.251 E/LockSettingsStorage(  486): Cannot read file java.io.FileNotFoundException: /data/system/password.key: open failed: ENOENT (No such file or directory)
06-10 15:09:58.251 E/LockSettingsStorage(  486): Cannot read file java.io.FileNotFoundException: /data/system/gatekeeper.pattern.key: open failed: ENOENT (No such file or directory)
06-10 15:09:58.251 E/LockSettingsStorage(  486): Cannot read file java.io.FileNotFoundException: /data/system/gatekeeper.gesture.key: open failed: ENOENT (No such file or directory)
06-10 15:09:58.251 E/LockSettingsStorage(  486): Cannot read file java.io.FileNotFoundException: /data/system/gesture.key: open failed: ENOENT (No such file or directory)
06-10 15:09:58.252 D/SystemServerTiming(  486): MakeLockSettingsServiceReady took to complete: 14ms
06-10 15:09:58.252 I/SystemServer(  486): StartBootPhaseLockSettingsReady
06-10 15:09:58.252 I/SystemServiceManager(  486): Starting phase 480
06-10 15:09:58.354 I/DevicePolicyManager(  486): Set ro.device_owner property to false
06-10 15:09:58.355 W/SystemServiceManager(  486): Service com.android.server.devicepolicy.DevicePolicyManagerService$Lifecycle took 103 ms in onBootPhase
06-10 15:09:58.355 D/SystemServerInitThreadPool(  486): Started executing DevicePolicyManager
06-10 15:09:58.355 D/SystemServerInitThreadPool(  486): Finished executing DevicePolicyManager
06-10 15:09:58.358 D/SystemServerTiming(  486): StartBootPhaseLockSettingsReady took to complete: 106ms
06-10 15:09:58.358 I/SystemServer(  486): StartBootPhaseSystemServicesReady
06-10 15:09:58.358 I/SystemServiceManager(  486): Starting phase 500
06-10 15:09:58.359 D/AppStandbyController(  486): Setting app idle enabled state
06-10 15:09:58.361 W/UsageStatsService(  486): Missing procfs interface: /proc/uid_procstat/set
06-10 15:09:58.362 I/VrManagerService(  486): No default vr listener service found.
06-10 15:09:58.366 I/WifiService(  486): WifiService starting up with Wi-Fi enabled
06-10 15:09:58.368 I/android_os_HwBinder(  486): HwBinder: Starting thread pool for default::android.hidl.manager@1.0::IServiceManager
06-10 15:09:58.369 D/HalDevMgr(  486): IWifi registration notification: fqName=android.hardware.wifi@1.0::IWifi, name=default, preexisting=true
06-10 15:09:58.371 I/android_os_HwBinder(  486): HwBinder: Starting thread pool for default::android.hardware.wifi@1.0::IWifi
06-10 15:09:58.372 D/WificondControl(  486): tearing down interfaces in wificond
06-10 15:09:58.374 D/WifiService(  486): setWifiEnabled: true pid=486, uid=1000, package=android
06-10 15:09:58.374 I/WifiService(  486): setWifiEnabled package=android uid=1000 enable=true
06-10 15:09:58.374 I/WifiScanningService(  486): Starting wifiscanner
06-10 15:09:58.375 I/EthernetServiceImpl(  486): Starting Ethernet service
06-10 15:09:58.381 D/Ethernet(  486): Registering NetworkFactory
06-10 15:09:58.381 D/ConnectivityService(  486): Got NetworkFactory Messenger for Ethernet
06-10 15:09:58.381 D/ConnectivityService(  486): Ignoring Ethernet network
06-10 15:09:58.382 E/IpConfigStore(  486): Error opening configuration file: java.io.FileNotFoundException: /data/misc/ethernet/ipconfig.txt (No such file or directory)
06-10 15:09:58.384 D/ZenLog  (  486): config: cleanUpZenRules,ZenModeConfig[user=0,allowAlarms=true,allowMedia=true,allowSystem=false,allowReminders=false,allowEvents=false,allowCalls=true,allowRepeatCallers=true,allowMessages=false,allowCallsFrom=stars,allowMessagesFrom=contacts,suppressedVisualEffects=511,areChannelsBypassingDnd=false,automaticRules={EVENTS_DEFAULT_RULE=ZenRule[enabled=false,snoozing=false,name=Event,zenMode=ZEN_MODE_IMPORTANT_INTERRUPTIONS,conditionId=condition://android/event?userId=-10000&calendar=&reply=1,condition=Condition[id=condition://android/event?userId=-10000&calendar=&reply=1,summary=...,line1=...,line2=...,icon=0,state=STATE_FALSE,flags=2],component=ComponentInfo{android/com.android.server.notification.EventConditionProvider},id=EVENTS_DEFAULT_RULE,creationTime=1686381741133,enabler=null], EVERY_NIGHT_DEFAULT_RULE=ZenRule[enabled=false,snoozing=false,name=Sleeping,zenMode=ZEN_MODE_IMPORTANT_INTERRUPTIONS,conditionId=condition://android/schedule?days=1.2.3.4.5.6.7&start=22.0&end=7.0&exitAtAlarm=true,condition=Condition[id=condition://android/schedule?days=1.2.3.4.5.6.7&start=22.0&end=7.0&exitAtAlarm=true,summary=...,line1=...,line2=...,icon=0,state=STATE_FALSE,flags=2],component=ComponentInfo{android/com.android.server.notification.ScheduleConditionProvider},id=EVERY_NIGHT_DEFAULT_RULE,creationTime=1686381741132,enabler=null]},manualRule=null],Diff[]
06-10 15:09:58.384 D/ZenLog  (  486): set_zen_mode: off,onSystemReady
06-10 15:09:58.384 I/EthernetTracker(  486): maybeTrackInterface eth0
06-10 15:09:58.384 I/EthernetTracker(  486): maybeTrackInterface hwsim0
06-10 15:09:58.384 I/EthernetTracker(  486): maybeTrackInterface ifb0
06-10 15:09:58.384 I/EthernetTracker(  486): maybeTrackInterface ifb1
06-10 15:09:58.384 I/EthernetTracker(  486): maybeTrackInterface lo
06-10 15:09:58.385 I/EthernetTracker(  486): maybeTrackInterface radio0
06-10 15:09:58.385 I/EthernetTracker(  486): maybeTrackInterface sit0
06-10 15:09:58.385 I/EthernetTracker(  486): maybeTrackInterface wlan0
06-10 15:09:58.386 D/PermissionCache(  530): checking android.permission.CAPTURE_AUDIO_HOTWORD for uid=1000 => granted (47 us)
06-10 15:09:58.386 W/SoundTriggerHelper(  486): listModules status=0, # of modules=0
06-10 15:09:58.387 D/ContextHubSystemService(  486): onBootPhase: PHASE_SYSTEM_SERVICES_READY
06-10 15:09:58.387 D/SystemServerTiming(  486): StartBootPhaseSystemServicesReady took to complete: 29ms
06-10 15:09:58.387 I/SystemServer(  486): MakeWindowManagerServiceReady
06-10 15:09:58.389 I/android_os_HwBinder(  486): HwBinder: Starting thread pool for default::android.hardware.configstore@1.0::ISurfaceFlingerConfigs
06-10 15:09:58.390 D/SystemServerTiming(  486): MakeWindowManagerServiceReady took to complete: 2ms
06-10 15:09:58.390 I/SystemServer(  486): MakePowerManagerServiceReady
06-10 15:09:58.391 D/WifiStateMachinePrime(  486): received a message in WifiDisabledState: { when=0 what=3 target=com.android.internal.util.StateMachine$SmHandler }
06-10 15:09:58.391 D/WifiController(  486): WifiController msg { when=-16ms what=155656 target=com.android.internal.util.StateMachine$SmHandler } deferred for 500ms
06-10 15:09:58.391 D/WifiStateMachinePrime(  486): Switching from WifiDisabledState to WifiDisabled
06-10 15:09:58.391 D/WifiStateMachinePrime(  486): Entering WifiDisabledState
06-10 15:09:58.391 D/ActiveModeManager(  486): sending scan available broadcast: false
06-10 15:09:58.395 W/KeyguardServiceDelegate(  486): onScreenTurningOn(): no keyguard service!
06-10 15:09:58.396 D/SystemServerTiming(  486): MakePowerManagerServiceReady took to complete: 6ms
06-10 15:09:58.396 I/SystemServer(  486): MakePackageManagerServiceReady
06-10 15:09:58.401 W/DefaultPermGrantPolicy(  486): Unknown package:com.google.android.apps.pixelmigrate
06-10 15:09:58.401 W/DefaultPermGrantPolicy(  486): Unknown package:com.google.android.projection.gearhead
06-10 15:09:58.401 W/DefaultPermGrantPolicy(  486): Unknown package:com.verizon.mips.services
06-10 15:09:58.401 W/DefaultPermGrantPolicy(  486): Unknown package:com.google.intelligence.sense
06-10 15:09:58.401 W/DefaultPermGrantPolicy(  486): Unknown package:com.qualcomm.ltebc_vzw
06-10 15:09:58.401 W/DefaultPermGrantPolicy(  486): Unknown package:com.google.android.settings.intelligence
06-10 15:09:58.401 W/DefaultPermGrantPolicy(  486): Unknown package:com.google.android.wfcactivation
06-10 15:09:58.401 W/DefaultPermGrantPolicy(  486): Unknown package:com.google.android.cbrsnetworkmonitor
06-10 15:09:58.401 W/DefaultPermGrantPolicy(  486): Unknown package:com.google.android.apps.scone
06-10 15:09:58.401 W/DefaultPermGrantPolicy(  486): Unknown package:com.google.vr.apps.ornament
06-10 15:09:58.401 W/DefaultPermGrantPolicy(  486): Unknown package:com.google.android.apps.miphone.aiai
06-10 15:09:58.402 W/DefaultPermGrantPolicy(  486): Unknown package:com.google.android.apps.gcs
06-10 15:09:58.402 W/DefaultPermGrantPolicy(  486): Unknown package:com.google.android.apps.messaging
06-10 15:09:58.402 W/DefaultPermGrantPolicy(  486): Unknown package:com.google.android.apps.nexuslauncher
06-10 15:09:58.402 W/DefaultPermGrantPolicy(  486): Unknown package:com.google.android.contacts
06-10 15:09:58.402 W/DefaultPermGrantPolicy(  486): Unknown package:com.google.android.dialer
06-10 15:09:58.402 W/DefaultPermGrantPolicy(  486): Unknown package:com.google.android.gm.exchange
06-10 15:09:58.402 W/DefaultPermGrantPolicy(  486): Unknown package:com.google.android.googlequicksearchbox
06-10 15:09:58.402 W/DefaultPermGrantPolicy(  486): Unknown package:com.google.android.gsf.login
06-10 15:09:58.402 W/DefaultPermGrantPolicy(  486): Unknown package:com.google.android.tag
06-10 15:09:58.403 W/DefaultPermGrantPolicy(  486): Unknown package:com.google.android.talk
06-10 15:09:58.405 V/UserDataPreparer(  486): Found /data/user_de/0 with serial number 0
06-10 15:09:58.405 V/UserDataPreparer(  486): Found /data/user/0 with serial number 0
06-10 15:09:58.405 V/UserDataPreparer(  486): Found /data/system_de/0 with serial number 0
06-10 15:09:58.405 V/UserDataPreparer(  486): Found /data/system_ce/0 with serial number 0
06-10 15:09:58.405 V/UserDataPreparer(  486): Found /data/misc_ce/0 with serial number 0
06-10 15:09:58.406 D/SystemServerTiming(  486): MakePackageManagerServiceReady took to complete: 10ms
06-10 15:09:58.406 I/SystemServer(  486): MakeDisplayManagerServiceReady
06-10 15:09:58.406 D/SystemServerTiming(  486): MakeDisplayManagerServiceReady took to complete: 0ms
06-10 15:09:58.406 I/SystemServer(  486): StartDeviceSpecificServices
06-10 15:09:58.406 D/SystemServerTiming(  486): StartDeviceSpecificServices took to complete: 0ms
06-10 15:09:58.406 I/SystemServer(  486): StartBootPhaseDeviceSpecificServicesReady
06-10 15:09:58.406 I/SystemServiceManager(  486): Starting phase 520
06-10 15:09:58.406 D/SystemServerTiming(  486): StartBootPhaseDeviceSpecificServicesReady took to complete: 1ms
06-10 15:09:58.407 W/UsageStatsService(  486): Event reported without a package name
06-10 15:09:58.408 I/ActivityManager(  486): System now ready
06-10 15:09:58.420 I/SystemServer(  486): Making services ready
06-10 15:09:58.420 I/SystemServer(  486): StartActivityManagerReadyPhase
06-10 15:09:58.420 I/SystemServiceManager(  486): Starting phase 550
06-10 15:09:58.421 W/ActivityManager(  486): Too early to start/bind service in system_server: Phase=550 ComponentInfo{com.android.server.telecom/com.android.server.telecom.components.TelecomService}
06-10 15:09:58.422 W/ActivityManager(  486): Too early to start/bind service in system_server: Phase=550 ComponentInfo{com.android.server.telecom/com.android.server.telecom.components.TelecomService}
06-10 15:09:58.499 W/SystemServiceManager(  486): Service com.android.server.content.ContentService$Lifecycle took 77 ms in onBootPhase
06-10 15:09:58.541 D/StorageManagerService(  486): Thinking about init, mSystemReady=true, mDaemonConnected=true
06-10 15:09:58.541 D/StorageManagerService(  486): Thinking about reset, mSystemReady=true, mDaemonConnected=true
06-10 15:09:58.541 I/ActivityManager(  486): Force stopping com.android.providers.media appid=10004 user=-1: vold reset
06-10 15:09:58.542 V/StorageManagerService(  486): Found primary storage at VolumeInfo{emulated}:
06-10 15:09:58.542 V/StorageManagerService(  486):     type=EMULATED diskId=null partGuid= mountFlags=0 mountUserId=-1 
06-10 15:09:58.542 V/StorageManagerService(  486):     state=UNMOUNTED 
06-10 15:09:58.542 V/StorageManagerService(  486):     fsType=null fsUuid=null fsLabel=null 
06-10 15:09:58.542 V/StorageManagerService(  486):     path=null internalPath=null 
06-10 15:09:58.542 I/WallpaperManagerService(  486): No static wallpaper imagery; defaults will be shown
06-10 15:09:58.543 V/vold    (  174): Waiting for FUSE to spin up...
06-10 15:09:58.544 E/BitmapFactory(  486): Unable to decode stream: java.io.FileNotFoundException: /data/system/users/0/wallpaper_orig (No such file or directory)
06-10 15:09:58.544 W/WallpaperManagerService(  486): Invalid wallpaper data
06-10 15:09:58.544 E/WallpaperManagerService(  486): Unable to apply new wallpaper
06-10 15:09:58.545 I/AudioService(  486): setBluetoothScoOnInt: false resetBluetoothSco
06-10 15:09:58.545 E/BluetoothAdapter(  486): Bluetooth binder is null
06-10 15:09:58.545 I/Zygote  (  712): seccomp disabled by setenforce 0
06-10 15:09:58.545 D/SystemServerTiming(  486): StartActivityManagerReadyPhase took to complete: 125ms
06-10 15:09:58.545 I/SystemServer(  486): StartObservingNativeCrashes
06-10 15:09:58.545 E/BluetoothAdapter(  486): Bluetooth binder is null
06-10 15:09:58.546 D/SystemServerTiming(  486): StartObservingNativeCrashes took to complete: 0ms
06-10 15:09:58.546 I/SystemServer(  486): StartSystemUI
06-10 15:09:58.546 D/SystemServerInitThreadPool(  486): Started executing WebViewFactoryPreparation
06-10 15:09:58.546 I/SystemServer(  486): WebViewFactoryPreparation
06-10 15:09:58.546 I/AudioFlinger(  530): systemReady
06-10 15:09:58.549 D/SystemServerTiming(  486): StartSystemUI took to complete: 3ms
06-10 15:09:58.549 I/SystemServer(  486): MakeNetworkManagementServiceReady
06-10 15:09:58.549 D/NetworkManagement(  486): enabling bandwidth control
06-10 15:09:58.550 W/putmethod.lati(  712): Unexpected CPU variant for X86 using defaults: x86
06-10 15:09:58.550 I/ActivityManager(  486): Start proc 712:com.android.inputmethod.latin/u0a54 for service com.android.inputmethod.latin/.LatinIME
06-10 15:09:58.550 W/sdcard  (  713): Device explicitly enabled sdcardfs
06-10 15:09:58.554 D/WebViewLibraryLoader(  486): Setting new address space to 154891072
06-10 15:09:58.555 W/MediaExtractorFactory(  227): couldn't dlopen(/system/lib/extractors/.) Is a directory
06-10 15:09:58.557 I/Zygote  (  730): seccomp disabled by setenforce 0
06-10 15:09:58.558 W/NetworkManagement(  486): setDataSaverMode(): already false
06-10 15:09:58.558 D/SystemServerTiming(  486): MakeNetworkManagementServiceReady took to complete: 10ms
06-10 15:09:58.558 I/SystemServer(  486): MakeIpSecServiceReady
06-10 15:09:58.560 W/ndroid.systemu(  730): Unexpected CPU variant for X86 using defaults: x86
06-10 15:09:58.560 E/BatteryExternalStatsWorker(  486): no controller energy info supplied for wifi
06-10 15:09:58.560 E/BatteryExternalStatsWorker(  486): no controller energy info supplied for telephony
06-10 15:09:58.560 D/IpSecService(  486): IpSecService is ready
06-10 15:09:58.560 D/SystemServerTiming(  486): MakeIpSecServiceReady took to complete: 2ms
06-10 15:09:58.560 I/SystemServer(  486): MakeNetworkStatsServiceReady
06-10 15:09:58.563 W/BestClock(  486): java.time.DateTimeException: Missing NTP fix
06-10 15:09:58.566 I/ActivityManager(  486): Start proc 730:com.android.systemui/u0a31 for service com.android.systemui/.SystemUIService
06-10 15:09:58.567 D/SystemServerTimingAsync(  486): WebViewFactoryPreparation took to complete: 21ms
06-10 15:09:58.567 D/SystemServerInitThreadPool(  486): Finished executing WebViewFactoryPreparation
06-10 15:09:58.564 I/iptables-restor(  265): type=1400 audit(0.0:544): avc: denied { module_request } for kmod="ipt_quota2" scontext=u:r:netd:s0 tcontext=u:r:kernel:s0 tclass=system permissive=1
06-10 15:09:58.570 W/IptablesRestoreController(  230): iptables-restore process 265 terminated status=256
06-10 15:09:58.570 E/IptablesRestoreController(  230): iptables error:
06-10 15:09:58.570 E/IptablesRestoreController(  230): ------- COMMAND -------
06-10 15:09:58.570 E/IptablesRestoreController(  230): *filter
06-10 15:09:58.570 E/IptablesRestoreController(  230): -I bw_INPUT -m quota2 ! --quota 2097152 --name globalAlert
06-10 15:09:58.570 E/IptablesRestoreController(  230): -I bw_OUTPUT -m quota2 ! --quota 2097152 --name globalAlert
06-10 15:09:58.570 E/IptablesRestoreController(  230): COMMIT
06-10 15:09:58.570 E/IptablesRestoreController(  230): 
06-10 15:09:58.570 E/IptablesRestoreController(  230): -------  ERROR -------
06-10 15:09:58.570 E/IptablesRestoreController(  230): iptables-restore: line 283 failed
06-10 15:09:58.570 E/IptablesRestoreController(  230): ----------------------
06-10 15:09:58.572 W/IptablesRestoreController(  230): iptables-restore process 266 terminated status=256
06-10 15:09:58.572 E/IptablesRestoreController(  230): iptables error:
06-10 15:09:58.572 E/IptablesRestoreController(  230): ------- COMMAND -------
06-10 15:09:58.572 E/IptablesRestoreController(  230): *filter
06-10 15:09:58.572 E/IptablesRestoreController(  230): -I bw_INPUT -m quota2 ! --quota 2097152 --name globalAlert
06-10 15:09:58.572 E/IptablesRestoreController(  230): -I bw_OUTPUT -m quota2 ! --quota 2097152 --name globalAlert
06-10 15:09:58.572 E/IptablesRestoreController(  230): COMMIT
06-10 15:09:58.572 E/IptablesRestoreController(  230): 
06-10 15:09:58.572 E/IptablesRestoreController(  230): -------  ERROR -------
06-10 15:09:58.572 E/IptablesRestoreController(  230): ip6tables-restore: line 264 failed
06-10 15:09:58.572 E/IptablesRestoreController(  230): ----------------------
06-10 15:09:58.572 W/NetworkStats(  486): problem registering for global alert: java.lang.IllegalStateException: command '5 bandwidth setglobalalert 2097152' failed with '400 5 Bandwidth command failed'
06-10 15:09:58.572 D/SystemServerTiming(  486): MakeNetworkStatsServiceReady took to complete: 12ms
06-10 15:09:58.572 I/SystemServer(  486): MakeConnectivityServiceReady
06-10 15:09:58.572 W/MediaExtractorFactory(  227): couldn't dlopen(/system/lib/extractors/..) Is a directory
06-10 15:09:58.573 D/PermissionMonitor(  486): Monitoring
06-10 15:09:58.573 I/Zygote  (  752): seccomp disabled by setenforce 0
06-10 15:09:58.575 E/MediaExtractorFactory(  227): couldn't opendir(/vendor/lib/extractors)
06-10 15:09:58.575 W/NetworkPolicy(  486): setRestrictBackgroundUL: already false
06-10 15:09:58.576 W/WebViewLoader-(  752): Unexpected CPU variant for X86 using defaults: x86
06-10 15:09:58.577 I/ActivityManager(  486): Start proc 752:WebViewLoader-x86/1037 [android.webkit.WebViewLibraryLoader$RelroFileCreator] for 
06-10 15:09:58.578 I/putmethod.lati(  712): The ClassLoaderContext is a special shared library.
06-10 15:09:58.578 D/PermissionMonitor(  486): Users: 1, Apps: 89
06-10 15:09:58.582 D/StagefrightPluginLoader(  229): Failed to load library: libstagefright_ccodec.so (dlopen failed: library "libstagefright_ccodec.so" not found)
06-10 15:09:58.582 D/StagefrightPluginLoader(  229): Handle or CreateInputSurface symbol is null
06-10 15:09:58.582 D/StagefrightPluginLoader(  229): Handle or CreateBuilder symbol is null
06-10 15:09:58.583 I/putmethod.lati(  712): The ClassLoaderContext is a special shared library.
06-10 15:09:58.583 D/SystemServerTiming(  486): MakeConnectivityServiceReady took to complete: 11ms
06-10 15:09:58.583 I/SystemServer(  486): MakeNetworkPolicyServiceReady
06-10 15:09:58.584 I/OMXClient(  229): IOmx service obtained
06-10 15:09:58.585 I/OMXMaster(  234): makeComponentInstance(OMX.google.aac.decoder) in omx@1.0-service process
06-10 15:09:58.586 I/Zygote  (  763): seccomp disabled by setenforce 0
06-10 15:09:58.588 W/ZygoteProcess(  486): Got error connecting to zygote, retrying. msg= Connection refused
06-10 15:09:58.589 W/BestClock(  486): java.time.DateTimeException: Missing NTP fix
06-10 15:09:58.588 I/webview_zygote(  763): type=1400 audit(0.0:545): avc: denied { write } for path="socket:[16009]" dev="sockfs" ino=16009 scontext=u:r:webview_zygote:s0 tcontext=u:r:zygote:s0 tclass=unix_dgram_socket permissive=1
06-10 15:09:58.590 I/WebViewZygoteInit(  763): Starting WebViewZygoteInit
06-10 15:09:58.590 I/WebViewZygoteInit(  763): --zygote-socket=com.android.internal.os.WebViewZygoteInit/1e1291c2-d664-4db4-9c09-a134ac1fdcf1
06-10 15:09:58.591 D/SystemServerTiming(  486): MakeNetworkPolicyServiceReady took to complete: 7ms
06-10 15:09:58.591 I/SystemServer(  486): StartWatchdog
06-10 15:09:58.591 D/SystemServerTiming(  486): StartWatchdog took to complete: 1ms
06-10 15:09:58.591 I/SystemServer(  486): PhaseThirdPartyAppsCanStart
06-10 15:09:58.591 I/SystemServiceManager(  486): Starting phase 600
06-10 15:09:58.592 V/WebViewLibraryLoader(  752): RelroFileCreator (64bit = false), lib: /system/product/app/webview/webview.apk!/lib/x86/libwebviewchromium.so
06-10 15:09:58.594 I/ndroid.systemu(  730): The ClassLoaderContext is a special shared library.
06-10 15:09:58.594 V/WallpaperManagerService(  486): bindWallpaperComponentLocked: componentName=ComponentInfo{com.android.systemui/com.android.systemui.ImageWallpaper}
06-10 15:09:58.595 I/OMXClient(  229): IOmx service obtained
06-10 15:09:58.595 I/OMXMaster(  234): makeComponentInstance(OMX.google.ac3.decoder) in omx@1.0-service process
06-10 15:09:58.595 E/media.codec(  234): Failed to allocate omx component 'OMX.google.ac3.decoder'  err=InvalidComponentName(0x80001002)
06-10 15:09:58.595 W/OmxInfoBuilder(  229): Fail to add mime audio/ac3 to codec OMX.google.ac3.decoder
06-10 15:09:58.596 I/OMXClient(  229): IOmx service obtained
06-10 15:09:58.596 I/local_opengl(  477): type=1400 audit(0.0:546): avc: denied { write } for laddr=10.0.2.15 lport=22468 faddr=10.0.2.2 fport=49342 scontext=u:r:local_opengl:s0 tcontext=u:r:local_opengl:s0 tclass=tcp_socket permissive=1
06-10 15:09:58.596 I/OMXMaster(  234): makeComponentInstance(OMX.google.amrnb.decoder) in omx@1.0-service process
06-10 15:09:58.596 I/local_opengl(  477): type=1400 audit(0.0:547): avc: denied { read } for laddr=10.0.2.15 lport=22468 faddr=10.0.2.2 fport=49342 scontext=u:r:local_opengl:s0 tcontext=u:r:local_opengl:s0 tclass=tcp_socket permissive=1
06-10 15:09:58.602 I/OMXClient(  229): IOmx service obtained
06-10 15:09:58.602 I/OMXMaster(  234): makeComponentInstance(OMX.google.amrwb.decoder) in omx@1.0-service process
06-10 15:09:58.604 I/OMXClient(  229): IOmx service obtained
06-10 15:09:58.604 I/OMXMaster(  234): makeComponentInstance(OMX.google.flac.decoder) in omx@1.0-service process
06-10 15:09:58.609 I/StatsCompanionService(  486): Told statsd that StatsCompanionService is alive.
06-10 15:09:58.609 D/SystemServerTiming(  486): PhaseThirdPartyAppsCanStart took to complete: 18ms
06-10 15:09:58.609 I/SystemServer(  486): MakeLocationServiceReady
06-10 15:09:58.609 I/OMXClient(  229): IOmx service obtained
06-10 15:09:58.610 I/OMXMaster(  234): makeComponentInstance(OMX.google.g711.alaw.decoder) in omx@1.0-service process
06-10 15:09:58.611 I/LatinIME(  712): Hardware accelerated drawing: true
06-10 15:09:58.611 W/hwservicemanager(  162): getTransport: Cannot find entry android.hardware.gnss@1.1::IGnss/default in either framework or device manifest.
06-10 15:09:58.611 D/GnssLocationProvider(  486): gnssHal 1.1 was null, trying 1.0
06-10 15:09:58.614 I/OMXClient(  229): IOmx service obtained
06-10 15:09:58.614 I/OMXMaster(  234): makeComponentInstance(OMX.google.g711.mlaw.decoder) in omx@1.0-service process
06-10 15:09:58.614 I/GnssLocationProvider(  486): WakeLock acquired by sendMessage(INITIALIZE_HANDLER, 0, null)
06-10 15:09:58.617 I/OMXClient(  229): IOmx service obtained
06-10 15:09:58.617 W/LocationProviderProxy-network(  486): Odd, no component found for service com.android.location.service.v3.NetworkLocationProvider
06-10 15:09:58.617 I/OMXMaster(  234): makeComponentInstance(OMX.google.gsm.decoder) in omx@1.0-service process
06-10 15:09:58.620 W/GeocoderProxy(  486): Odd, no component found for service com.android.location.service.GeocodeProvider
06-10 15:09:58.622 W/GeofenceProxy(  486): Odd, no component found for service com.android.location.service.GeofenceProvider
06-10 15:09:58.622 E/ActivityRecognitionHardware(  486): activity_recognition HAL is deprecated. is_supported is effectively a no-op
06-10 15:09:58.622 D/LocationManagerService(  486): Hardware Activity-Recognition not supported.
06-10 15:09:58.622 W/ActivityRecognitionProxy(  486): Odd, no component found for service com.android.location.service.ActivityRecognitionProvider
06-10 15:09:58.623 I/GnssLocationProvider(  486): WakeLock acquired by sendMessage(ENABLE, 1, null)
06-10 15:09:58.623 I/OMXClient(  229): IOmx service obtained
06-10 15:09:58.623 I/OMXMaster(  234): makeComponentInstance(OMX.google.mp2.decoder) in omx@1.0-service process
06-10 15:09:58.623 E/media.codec(  234): Failed to allocate omx component 'OMX.google.mp2.decoder'  err=InvalidComponentName(0x80001002)
06-10 15:09:58.623 W/OmxInfoBuilder(  229): Fail to add mime audio/mpeg-L2 to codec OMX.google.mp2.decoder
06-10 15:09:58.624 W/BroadcastQueue(  486): Background execution not allowed: receiving Intent { act=android.location.PROVIDERS_CHANGED flg=0x10 } to com.google.android.gms/.chimera.GmsIntentOperationService$PersistentTrustedReceiver
06-10 15:09:58.624 I/OMXClient(  229): IOmx service obtained
06-10 15:09:58.624 I/OMXMaster(  234): makeComponentInstance(OMX.google.mp3.decoder) in omx@1.0-service process
06-10 15:09:58.625 W/BroadcastQueue(  486): Background execution not allowed: receiving Intent { act=android.location.MODE_CHANGED flg=0x10 } to com.google.android.gms/.chimera.GmsIntentOperationService$PersistentTrustedReceiver
06-10 15:09:58.626 D/SystemServerTiming(  486): MakeLocationServiceReady took to complete: 16ms
06-10 15:09:58.626 I/SystemServer(  486): MakeCountryDetectionServiceReady
06-10 15:09:58.626 D/SystemServerTiming(  486): MakeCountryDetectionServiceReady took to complete: 0ms
06-10 15:09:58.626 I/SystemServer(  486): MakeNetworkTimeUpdateReady
06-10 15:09:58.627 D/ConnectivityService(  486): requestNetwork for uid/pid:1000/486 NetworkRequest [ TRACK_DEFAULT id=6, [ Capabilities: INTERNET&NOT_RESTRICTED&TRUSTED Unwanted:  Uid: 1000] ]
06-10 15:09:58.627 D/SystemServerTiming(  486): MakeNetworkTimeUpdateReady took to complete: 2ms
06-10 15:09:58.627 I/SystemServer(  486): MakeCommonTimeManagementServiceReady
06-10 15:09:58.627 I/CommonTimeManagementService(  486): No common time service detected on this platform.  Common time services will be unavailable.
06-10 15:09:58.627 D/SystemServerTiming(  486): MakeCommonTimeManagementServiceReady took to complete: 0ms
06-10 15:09:58.627 I/SystemServer(  486): MakeInputManagerServiceReady
06-10 15:09:58.628 I/OMXClient(  229): IOmx service obtained
06-10 15:09:58.628 I/OMXMaster(  234): makeComponentInstance(OMX.google.opus.decoder) in omx@1.0-service process
06-10 15:09:58.628 D/SystemServerTiming(  486): MakeInputManagerServiceReady took to complete: 1ms
06-10 15:09:58.628 I/SystemServer(  486): MakeTelephonyRegistryReady
06-10 15:09:58.629 D/SystemServerTiming(  486): MakeTelephonyRegistryReady took to complete: 0ms
06-10 15:09:58.629 I/SystemServer(  486): MakeMediaRouterServiceReady
06-10 15:09:58.629 D/SystemServerTiming(  486): MakeMediaRouterServiceReady took to complete: 0ms
06-10 15:09:58.629 I/SystemServer(  486): MakeMmsServiceReady
06-10 15:09:58.629 I/MmsServiceBroker(  486): Delay connecting to MmsService until an API is called
06-10 15:09:58.629 D/SystemServerTiming(  486): MakeMmsServiceReady took to complete: 0ms
06-10 15:09:58.629 I/SystemServer(  486): IncidentDaemonReady
06-10 15:09:58.629 I/WebViewLoader-(  752): System.exit called, status: 0
06-10 15:09:58.629 I/AndroidRuntime(  752): VM exiting with result code 0, cleanup skipped.
06-10 15:09:58.630 I/InputReader(  486): Reconfiguring input devices.  changes=0x00000020
06-10 15:09:58.631 I/InputReader(  486): Reconfiguring input devices.  changes=0x00000010
06-10 15:09:58.633 I/Zygote  (  219): Process 752 exited cleanly (0)
06-10 15:09:58.633 D/SystemServerTiming(  486): IncidentDaemonReady took to complete: 4ms
06-10 15:09:58.633 I/SystemServiceManager(  486): Calling onStartUser u0
06-10 15:09:58.635 W/VoiceInteractionManagerService(  486): no available voice interaction services found for user 0
06-10 15:09:58.635 W/VoiceInteractionManagerService(  486): no available voice recognition services found for user 0
06-10 15:09:58.635 I/OMXClient(  229): IOmx service obtained
06-10 15:09:58.635 I/OMXMaster(  234): makeComponentInstance(OMX.google.raw.decoder) in omx@1.0-service process
06-10 15:09:58.637 I/ActivityManager(  486): START u0 {act=android.intent.action.MAIN cat=[android.intent.category.HOME] flg=0x10000100 cmp=com.android.settings/.FallbackHome} from uid 0
06-10 15:09:58.639 I/OMXClient(  229): IOmx service obtained
06-10 15:09:58.639 I/OMXMaster(  234): makeComponentInstance(OMX.google.vorbis.decoder) in omx@1.0-service process
06-10 15:09:58.644 I/OMXClient(  229): IOmx service obtained
06-10 15:09:58.644 I/OMXMaster(  234): makeComponentInstance(OMX.google.aac.encoder) in omx@1.0-service process
06-10 15:09:58.649 D/GnssLocationProvider(  486): Link to death notification successful
06-10 15:09:58.649 D/genymotion_gps(  521): gps_get_extension not implemented
06-10 15:09:58.649 I/GnssHAL_GnssInterface(  521): getExtensionXtra: GnssXtra interface not implemented by HAL
06-10 15:09:58.649 D/genymotion_gps(  521): gps_get_extension not implemented
06-10 15:09:58.649 I/GnssHAL_GnssInterface(  521): getExtensionAGnssRil: GnssRil interface not implemented by HAL
06-10 15:09:58.649 D/genymotion_gps(  521): gps_get_extension not implemented
06-10 15:09:58.649 E/GnssHAL_GnssInterface(  521): getExtensionAGnss: AGnss interface not implemented by HAL
06-10 15:09:58.650 I/OMXClient(  229): IOmx service obtained
06-10 15:09:58.650 D/genymotion_gps(  521): gps_get_extension not implemented
06-10 15:09:58.650 I/GnssHAL_GnssInterface(  521): getExtensionGnssNavigationMessage: GnssNavigationMessage interface not implemented by HAL
06-10 15:09:58.650 D/genymotion_gps(  521): gps_get_extension not implemented
06-10 15:09:58.650 E/GnssHAL_GnssInterface(  521): getExtensionGnssMeasurement: GnssMeasurement interface not implemented by HAL
06-10 15:09:58.650 I/OMXMaster(  234): makeComponentInstance(OMX.google.amrnb.encoder) in omx@1.0-service process
06-10 15:09:58.650 D/genymotion_gps(  521): gps_get_extension not implemented
06-10 15:09:58.650 I/GnssHAL_GnssInterface(  521): getExtensionGnssDebug: GnssDebug interface not implemented by HAL
06-10 15:09:58.650 D/genymotion_gps(  521): gps_get_extension not implemented
06-10 15:09:58.650 I/GnssHAL_GnssInterface(  521): getExtensionGnssNi: GnssNi interface not implemented by HAL
06-10 15:09:58.650 D/genymotion_gps(  521): gps_get_extension not implemented
06-10 15:09:58.650 E/GnssHAL_GnssInterface(  521): getExtensionGnssConfiguration: GnssConfiguration interface not implemented by HAL
06-10 15:09:58.650 D/genymotion_gps(  521): gps_get_extension not implemented
06-10 15:09:58.650 E/GnssHAL_GnssInterface(  521): getExtensionGnssGeofencing: GnssGeofencing interface not implemented by HAL
06-10 15:09:58.650 E/GnssHAL_GnssInterface(  521): gnss flp hw_get_module failed: -2
06-10 15:09:58.650 E/GnssHAL_GnssInterface(  521): getExtensionGnssBatching: GnssBatching interface is not implemented by HAL
06-10 15:09:58.648 I/gnss@1.0-servic(  521): type=1400 audit(0.0:548): avc: denied { create } for scontext=u:r:hal_gnss_default:s0 tcontext=u:r:hal_gnss_default:s0 tclass=tcp_socket permissive=1
06-10 15:09:58.652 D/genymotion_gps(  521): Redis Gps read thread is starting ...
06-10 15:09:58.653 D/GnssLocationProvider(  486): gnssSetCapabilitesCb: 0u
06-10 15:09:58.653 D/GnssLocationProvider(  486): gnssSetSystemInfoCb: yearOfHw=2015
06-10 15:09:58.653 E/GnssLocationProvider(  486): Unable to initialize GNSS Xtra interface
06-10 15:09:58.653 I/GnssLocationProvider(  486): Unable to Initialize AGnss interface
06-10 15:09:58.653 I/GnssLocationProvider(  486): Unable to initialize GNSS Geofencing interface
06-10 15:09:58.653 I/GnssLocationProvider(  486): Unable to initialize GNSS NI interface
06-10 15:09:58.653 I/GnssLocationProvider(  486): Unable to Initialize AGnss Ril interface
06-10 15:09:58.653 I/OMXClient(  229): IOmx service obtained
06-10 15:09:58.653 I/OMXMaster(  234): makeComponentInstance(OMX.google.amrwb.encoder) in omx@1.0-service process
06-10 15:09:58.656 I/OMXClient(  229): IOmx service obtained
06-10 15:09:58.657 I/OMXMaster(  234): makeComponentInstance(OMX.google.flac.encoder) in omx@1.0-service process
06-10 15:09:58.659 I/OMXClient(  229): IOmx service obtained
06-10 15:09:58.659 I/OMXMaster(  234): makeComponentInstance(OMX.google.h264.decoder) in omx@1.0-service process
06-10 15:09:58.662 E/OMXNodeInstance(  234): getExtensionIndex(0xf0baca80:google.h264.decoder, OMX.google.android.index.configureVideoTunnelMode) ERROR: UnsupportedIndex(0x8000101a)
06-10 15:09:58.662 E/OMXNodeInstance(  234): getExtensionIndex(0xf0baca80:google.h264.decoder, OMX.google.android.index.enableAndroidNativeBuffers) ERROR: UnsupportedIndex(0x8000101a)
06-10 15:09:58.664 I/OMXClient(  229): IOmx service obtained
06-10 15:09:58.664 I/OMXMaster(  234): makeComponentInstance(OMX.google.h263.decoder) in omx@1.0-service process
06-10 15:09:58.667 E/OMXNodeInstance(  234): getExtensionIndex(0xf0baca80:google.h263.decoder, OMX.google.android.index.configureVideoTunnelMode) ERROR: UnsupportedIndex(0x8000101a)
06-10 15:09:58.667 E/OMXNodeInstance(  234): getExtensionIndex(0xf0baca80:google.h263.decoder, OMX.google.android.index.enableAndroidNativeBuffers) ERROR: UnsupportedIndex(0x8000101a)
06-10 15:09:58.668 I/OMXClient(  229): IOmx service obtained
06-10 15:09:58.668 I/OMXMaster(  234): makeComponentInstance(OMX.google.hevc.decoder) in omx@1.0-service process
06-10 15:09:58.673 E/OMXNodeInstance(  234): getExtensionIndex(0xf0baca80:google.hevc.decoder, OMX.google.android.index.configureVideoTunnelMode) ERROR: UnsupportedIndex(0x8000101a)
06-10 15:09:58.673 E/OMXNodeInstance(  234): getExtensionIndex(0xf0baca80:google.hevc.decoder, OMX.google.android.index.enableAndroidNativeBuffers) ERROR: UnsupportedIndex(0x8000101a)
06-10 15:09:58.674 I/OMXClient(  229): IOmx service obtained
06-10 15:09:58.674 I/OMXMaster(  234): makeComponentInstance(OMX.google.mpeg2v.decoder) in omx@1.0-service process
06-10 15:09:58.674 E/media.codec(  234): Failed to allocate omx component 'OMX.google.mpeg2v.decoder'  err=InvalidComponentName(0x80001002)
06-10 15:09:58.674 W/OmxInfoBuilder(  229): Fail to add mime video/mpeg2 to codec OMX.google.mpeg2v.decoder
06-10 15:09:58.675 I/OMXClient(  229): IOmx service obtained
06-10 15:09:58.675 I/OMXMaster(  234): makeComponentInstance(OMX.google.mpeg4.decoder) in omx@1.0-service process
06-10 15:09:58.676 E/OMXNodeInstance(  234): getExtensionIndex(0xf0bacd20:google.mpeg4.decoder, OMX.google.android.index.configureVideoTunnelMode) ERROR: UnsupportedIndex(0x8000101a)
06-10 15:09:58.677 E/OMXNodeInstance(  234): getExtensionIndex(0xf0bacd20:google.mpeg4.decoder, OMX.google.android.index.enableAndroidNativeBuffers) ERROR: UnsupportedIndex(0x8000101a)
06-10 15:09:58.678 I/OMXClient(  229): IOmx service obtained
06-10 15:09:58.678 I/OMXMaster(  234): makeComponentInstance(OMX.google.vp8.decoder) in omx@1.0-service process
06-10 15:09:58.681 E/OMXNodeInstance(  234): getExtensionIndex(0xf0baca80:google.vp8.decoder, OMX.google.android.index.configureVideoTunnelMode) ERROR: UnsupportedIndex(0x8000101a)
06-10 15:09:58.681 E/OMXNodeInstance(  234): getExtensionIndex(0xf0baca80:google.vp8.decoder, OMX.google.android.index.enableAndroidNativeBuffers) ERROR: UnsupportedIndex(0x8000101a)
06-10 15:09:58.682 I/ActivityManager(  486): Loaded persisted task ids for user 0
06-10 15:09:58.682 I/OMXClient(  229): IOmx service obtained
06-10 15:09:58.682 I/OMXMaster(  234): makeComponentInstance(OMX.google.vp9.decoder) in omx@1.0-service process
06-10 15:09:58.684 E/OMXNodeInstance(  234): getExtensionIndex(0xf0bacd20:google.vp9.decoder, OMX.google.android.index.configureVideoTunnelMode) ERROR: UnsupportedIndex(0x8000101a)
06-10 15:09:58.684 E/OMXNodeInstance(  234): getExtensionIndex(0xf0bacd20:google.vp9.decoder, OMX.google.android.index.enableAndroidNativeBuffers) ERROR: UnsupportedIndex(0x8000101a)
06-10 15:09:58.685 I/OMXClient(  229): IOmx service obtained
06-10 15:09:58.685 I/OMXMaster(  234): makeComponentInstance(OMX.google.h264.encoder) in omx@1.0-service process
06-10 15:09:58.688 D/SystemServerTiming(  486): ActivityManagerStartApps took to complete: 55ms
06-10 15:09:58.688 D/SystemServerTiming(  486): PhaseActivityManagerReady took to complete: 281ms
06-10 15:09:58.688 W/ActivityManager(  486): Slow operation: 51ms so far, now at startProcess: asking zygote to start proc
06-10 15:09:58.688 D/SystemServerInitThreadPool(  486): Shutdown successful
06-10 15:09:58.688 D/SystemServerTiming(  486): StartServices took to complete: 6055ms
06-10 15:09:58.688 W/libprocessgroup(  486): kill(-752, 9) failed: No such process
06-10 15:09:58.688 I/libprocessgroup(  486): Successfully killed process cgroup uid 1037 pid 752 in 0ms
06-10 15:09:58.689 I/ActivityManager(  486): Process WebViewLoader-x86 (pid 752) has died: psvc PER 
06-10 15:09:58.689 W/OMXUtils(  229): do not know color format 0x7f000789 = 2130708361
06-10 15:09:58.690 I/OMXClient(  229): IOmx service obtained
06-10 15:09:58.690 I/OMXMaster(  234): makeComponentInstance(OMX.google.h263.encoder) in omx@1.0-service process
06-10 15:09:58.691 W/AlarmManager(  730): Unrecognized alarm listener com.android.systemui.keyguard.-$$Lambda$KeyguardSliceProvider$IhzByd8TsqFuOrSyuGurVskyPLo@4965677
06-10 15:09:58.691 W/Looper  (  486): Slow delivery took 853ms main h=android.os.Handler c=com.android.server.-$$Lambda$BatteryService$2x73lvpB0jctMSVP4qb9sHAqRPw@bc56892 m=0
06-10 15:09:58.692 I/Zygote  (  838): seccomp disabled by setenforce 0
06-10 15:09:58.694 W/m.android.phon(  838): Unexpected CPU variant for X86 using defaults: x86
06-10 15:09:58.695 I/SoftMPEG4Encoder(  234): Construct SoftMPEG4Encoder
06-10 15:09:58.696 D/ConditionProviders.SCP(  486): onConnected
06-10 15:09:58.696 W/OMXUtils(  229): do not know color format 0x7f000789 = 2130708361
06-10 15:09:58.696 D/ZenLog  (  486): set_zen_mode: off,readXml
06-10 15:09:58.696 E/OMXNodeInstance(  234): getConfig(0xf0bacd20:google.h263.encoder, ConfigAndroidIntraRefresh(0x6f60000a)) ERROR: Undefined(0x80001001)
06-10 15:09:58.696 D/ConditionProviders(  486): Subscribing to condition://android/event?userId=-10000&calendar=&reply=1 with ComponentInfo{android/com.android.server.notification.EventConditionProvider}
06-10 15:09:58.696 D/ZenLog  (  486): subscribe: condition://android/event?userId=-10000&calendar=&reply=1,ok
06-10 15:09:58.696 D/ConditionProviders(  486): Subscribing to condition://android/schedule?days=1.2.3.4.5.6.7&start=22.0&end=7.0&exitAtAlarm=true with ComponentInfo{android/com.android.server.notification.ScheduleConditionProvider}
06-10 15:09:58.696 D/ZenLog  (  486): subscribe: condition://android/schedule?days=1.2.3.4.5.6.7&start=22.0&end=7.0&exitAtAlarm=true,ok
06-10 15:09:58.698 W/ActivityManager(  486): Slow operation: 62ms so far, now at startProcess: returned from zygote!
06-10 15:09:58.699 I/OMXClient(  229): IOmx service obtained
06-10 15:09:58.700 I/OMXMaster(  234): makeComponentInstance(OMX.google.mpeg4.encoder) in omx@1.0-service process
06-10 15:09:58.700 I/SoftMPEG4Encoder(  234): Construct SoftMPEG4Encoder
06-10 15:09:58.701 W/ActivityManager(  486): Slow operation: 65ms so far, now at startProcess: done updating battery stats
06-10 15:09:58.702 W/ActivityManager(  486): Slow operation: 65ms so far, now at startProcess: building log message
