06-10 12:45:21.474 D/SystemUIBootTiming(  725): StartServicescom.android.systemui.power.PowerUI took to complete: 4ms
06-10 12:45:21.476 D/SystemUIBootTiming(  725): StartServicescom.android.systemui.media.RingtonePlayer took to complete: 1ms
06-10 12:45:21.476 D/SystemUIBootTiming(  725): StartServicescom.android.systemui.keyboard.KeyboardUI took to complete: 1ms
06-10 12:45:21.486 D/SystemUIBootTiming(  725): StartServicescom.android.systemui.pip.PipUI took to complete: 9ms
06-10 12:45:21.487 D/SystemUIBootTiming(  725): StartServicescom.android.systemui.shortcut.ShortcutKeyDispatcher took to complete: 1ms
06-10 12:45:21.487 D/SystemUIBootTiming(  725): StartServicescom.android.systemui.VendorServices took to complete: 0ms
06-10 12:45:21.488 V/GarbageMonitor(  725): Now tracking processes: 725 
06-10 12:45:21.488 D/SystemUIBootTiming(  725): StartServicescom.android.systemui.util.leak.GarbageMonitor$Service took to complete: 1ms
06-10 12:45:21.489 D/SystemUIBootTiming(  725): StartServicescom.android.systemui.LatencyTester took to complete: 1ms
06-10 12:45:21.490 D/SystemUIBootTiming(  725): StartServicescom.android.systemui.globalactions.GlobalActionsComponent took to complete: 2ms
06-10 12:45:21.491 D/SystemUIBootTiming(  725): StartServicescom.android.systemui.ScreenDecorations took to complete: 0ms
06-10 12:45:21.492 D/SystemUIBootTiming(  725): StartServicescom.android.systemui.fingerprint.FingerprintDialogImpl took to complete: 1ms
06-10 12:45:21.493 D/SystemUIBootTiming(  725): StartServicescom.android.systemui.SliceBroadcastRelayHandler took to complete: 1ms
06-10 12:45:21.493 D/SystemUIBootTiming(  725): StartServices took to complete: 595ms
06-10 12:45:21.507 I/InputReader(  486): Reconfiguring input devices.  changes=0x00000004
06-10 12:45:21.512 D/libEGL  (  725): Emulator has host GPU support, qemu.gles is set to 1.
06-10 12:45:21.512 D/gralloc_ranchu(  522): gralloc_alloc: Creating ashmem region of size 331776
06-10 12:45:21.513 D/vndksupport(  725): Loading /vendor/lib/egl/libGLES_emulation.so from current namespace instead of sphal namespace.
06-10 12:45:21.513 E/        (  522): open_verbose:32: Could not open '/dev/goldfish_pipe': No such file or directory
06-10 12:45:21.514 E/libEGL  (  725): load_driver(/vendor/lib/egl/libGLES_emulation.so): dlopen failed: library "/vendor/lib/egl/libGLES_emulation.so" not found
06-10 12:45:21.514 D/vndksupport(  725): Loading /vendor/lib/egl/libEGL_emulation.so from current namespace instead of sphal namespace.
06-10 12:45:21.514 D/gralloc_ranchu(  522): gralloc_alloc: Creating ashmem region of size 331776
06-10 12:45:21.515 D/libEGL  (  725): loaded /vendor/lib/egl/libEGL_emulation.so
06-10 12:45:21.516 D/vndksupport(  725): Loading /vendor/lib/egl/libGLESv1_CM_emulation.so from current namespace instead of sphal namespace.
06-10 12:45:21.516 D/libEGL  (  725): loaded /vendor/lib/egl/libGLESv1_CM_emulation.so
06-10 12:45:21.519 E/        (  522): open_verbose:32: Could not open '/dev/goldfish_pipe': No such file or directory
06-10 12:45:21.520 D/gralloc_ranchu(  522): gralloc_alloc: Creating ashmem region of size 331776
06-10 12:45:21.521 I/InputReader(  486): Reconfiguring input devices.  changes=0x00000004
06-10 12:45:21.522 D/vndksupport(  725): Loading /vendor/lib/egl/libGLESv2_emulation.so from current namespace instead of sphal namespace.
06-10 12:45:21.523 D/libEGL  (  725): loaded /vendor/lib/egl/libGLESv2_emulation.so
06-10 12:45:21.523 E/        (  522): open_verbose:32: Could not open '/dev/goldfish_pipe': No such file or directory
06-10 12:45:21.525 D/ViewRootImpl[StatusBar](  725): changeCanvasOpacity: opaque=true
06-10 12:45:21.531 D/HostConnection(  725): HostConnection::get() New Host Connection established 0xce0ac660, pid 725, tid 955
06-10 12:45:21.532 D/local_opengl(  477): Sending id 9 to host
06-10 12:45:21.536 E/ActivityThread(  725): Failed to find provider info for com.android.contacts
06-10 12:45:21.537 D/HostConnection(  725): HostComposition ext GL_OES_EGL_sync GL_OES_EGL_image GL_OES_EGL_image_external GL_OES_depth24 GL_OES_depth32 GL_OES_element_index_uint GL_OES_texture_float GL_OES_texture_float_linear GL_OES_compressed_paletted_texture GL_OES_compressed_ETC1_RGB8_texture GL_OES_depth_texture GL_OES_texture_half_float GL_OES_texture_half_float_linear GL_OES_packed_depth_stencil GL_OES_vertex_half_float GL_OES_texture_npot GL_OES_rgb8_rgba8 GL_EXT_color_buffer_float GL_EXT_color_buffer_half_float GL_EXT_texture_format_BGRA8888 GL_APPLE_texture_format_BGRA8888 ANDROID_EMU_host_composition_v1 ANDROID_EMU_host_composition_v2 ANDROID_EMU_async_unmap_buffer ANDROID_EMU_sync_buffer_data GL_OES_EGL_image_external_essl3 GL_OES_vertex_array_object GL_KHR_texture_compression_astc_ldr ANDROID_EMU_host_side_tracing ANDROID_EMU_async_frame_commands ANDROID_EMU_gles_max_version_3_1 
06-10 12:45:21.538 E/        (  725): open_verbose:32: Could not open '/dev/goldfish_pipe': No such file or directory
06-10 12:45:21.538 W/        (  725): Process pipe failed
06-10 12:45:21.540 I/ConfigStore(  725): android::hardware::configstore::V1_0::ISurfaceFlingerConfigs::hasWideColorDisplay retrieved: 0
06-10 12:45:21.541 I/ConfigStore(  725): android::hardware::configstore::V1_0::ISurfaceFlingerConfigs::hasHDRDisplay retrieved: 0
06-10 12:45:21.541 I/OpenGLRenderer(  725): Initialized EGL, version 1.4
06-10 12:45:21.541 D/OpenGLRenderer(  725): Swap behavior 1
06-10 12:45:21.541 W/OpenGLRenderer(  725): Failed to choose config with EGL_SWAP_BEHAVIOR_PRESERVED, retrying without...
06-10 12:45:21.541 D/OpenGLRenderer(  725): Swap behavior 0
06-10 12:45:21.545 D/EGL_emulation(  725): eglCreateContext: 0xce0ac6c0: maj 3 min 1 rcv 4
06-10 12:45:21.546 E/        (  725): open_verbose:32: Could not open '/dev/goldfish_pipe': No such file or directory
06-10 12:45:21.547 D/EGL_emulation(  725): eglMakeCurrent: 0xce0ac6c0: ver 3 1 (tinfo 0xcd9d6080) (first time)
06-10 12:45:21.549 E/ActivityThread(  725): Failed to find provider info for com.android.contacts
06-10 12:45:21.573 D/vndksupport(  725): Loading /vendor/lib/hw/android.hardware.graphics.mapper@2.0-impl.so from current namespace instead of sphal namespace.
06-10 12:45:21.574 D/vndksupport(  725): Loading /vendor/lib/hw/gralloc.ranchu.so from current namespace instead of sphal namespace.
06-10 12:45:21.574 D/HostConnection(  725): createUnique: call
06-10 12:45:21.574 D/HostConnection(  725): HostConnection::get() New Host Connection established 0xe4a76880, pid 725, tid 955
06-10 12:45:21.576 D/local_opengl(  477): Sending id 10 to host
06-10 12:45:21.576 D/HostConnection(  725): HostComposition ext ANDROID_EMU_host_composition_v1 ANDROID_EMU_host_composition_v2 ANDROID_EMU_async_unmap_buffer ANDROID_EMU_sync_buffer_data GL_OES_EGL_image_external_essl3 GL_OES_vertex_array_object GL_KHR_texture_compression_astc_ldr ANDROID_EMU_host_side_tracing ANDROID_EMU_async_frame_commands ANDROID_EMU_gles_max_version_3_1 
06-10 12:45:21.582 D/gralloc_ranchu(  522): gralloc_alloc: Creating ashmem region of size 167936
06-10 12:45:21.585 E/        (  522): open_verbose:32: Could not open '/dev/goldfish_pipe': No such file or directory
06-10 12:45:21.589 D/gralloc_ranchu(  522): gralloc_alloc: Creating ashmem region of size 167936
06-10 12:45:21.597 E/        (  522): open_verbose:32: Could not open '/dev/goldfish_pipe': No such file or directory
06-10 12:45:21.597 D/gralloc_ranchu(  522): gralloc_alloc: Creating ashmem region of size 167936
06-10 12:45:21.598 E/        (  522): open_verbose:32: Could not open '/dev/goldfish_pipe': No such file or directory
06-10 12:45:21.606 D/WifiService(  486): New client listening to asynchronous messages
06-10 12:45:21.746 I/Zygote  (  486): Process: zygote socket ABSTRACT/com.android.internal.os.WebViewZygoteInit/43c95069-7f58-472c-9e73-f34dd455e33f opened, supported ABIS: x86,armeabi-v7a,armeabi
06-10 12:45:21.746 D/WebViewZygote(  486): Preloading package /system/product/app/webview/webview.apk /system/product/app/webview/lib/x86:/system/product/app/webview/webview.apk!/lib/x86
06-10 12:45:21.756 I/Zygote  (  486): Process: zygote socket ABSTRACT/com.android.internal.os.WebViewZygoteInit/43c95069-7f58-472c-9e73-f34dd455e33f opened, supported ABIS: x86,armeabi-v7a,armeabi
06-10 12:45:21.767 I/WebViewZygoteInit(  768): Beginning package preload
06-10 12:45:21.765 I/webview_zygote(  768): type=1400 audit(0.0:600): avc: denied { write } for path="socket:[15271]" dev="sockfs" ino=15271 scontext=u:r:webview_zygote:s0 tcontext=u:r:zygote:s0 tclass=unix_dgram_socket permissive=1
06-10 12:45:21.771 I/webview_zygote(  768): The ClassLoaderContext is a special shared library.
06-10 12:45:21.781 I/WebViewZygoteInit(  768): Package preload done
06-10 12:45:21.791 D/incidentd(  223): Start uploading backlogs in /data/misc/incidents/
06-10 12:45:21.791 D/incidentd(  223): Successfully uploaded 0 files to Dropbox.
06-10 12:45:21.797 W/BroadcastQueue(  486): Background execution not allowed: receiving Intent { act=android.intent.action.USER_PRESENT flg=0x24200010 } to com.google.android.gms/.chimera.GmsIntentOperationService$PersistentTrustedReceiver
06-10 12:45:21.803 D/genymotion_gps(  521): Redis has been disconnected
06-10 12:45:21.803 I/InputReader(  486): Reconfiguring input devices.  changes=0x00000004
06-10 12:45:21.804 E/GnssLocationProvider(  486): no AGPS interface in set_agps_server
06-10 12:45:21.805 I/GnssLocationProvider(  486): WakeLock released by handleMessage(INITIALIZE_HANDLER, 0, null)
06-10 12:45:21.806 W/GnssHAL_GnssInterface(  521): setCallback called more than once. Unexpected unless test.
06-10 12:45:21.806 D/GnssLocationProvider(  486): gnssSetSystemInfoCb: yearOfHw=2015
06-10 12:45:21.806 D/genymotion_gps(  521): Redis Gps read thread is starting ...
06-10 12:45:21.805 I/gnss@1.0-servic(  521): type=1400 audit(0.0:601): avc: denied { create } for scontext=u:r:hal_gnss_default:s0 tcontext=u:r:hal_gnss_default:s0 tclass=tcp_socket permissive=1
06-10 12:45:21.806 D/GnssLocationProvider(  486): gnssSetCapabilitesCb: 0u
06-10 12:45:21.807 D/GnssLocationProvider(  486): gnssSetSystemInfoCb: yearOfHw=2015
06-10 12:45:21.807 E/GnssLocationProvider(  486): Unable to initialize GNSS Xtra interface
06-10 12:45:21.807 I/GnssLocationProvider(  486): Unable to Initialize AGnss interface
06-10 12:45:21.807 I/GnssLocationProvider(  486): Unable to initialize GNSS Geofencing interface
06-10 12:45:21.807 I/GnssLocationProvider(  486): Unable to initialize GNSS NI interface
06-10 12:45:21.807 I/GnssLocationProvider(  486): Unable to Initialize AGnss Ril interface
06-10 12:45:21.807 E/GnssLocationProvider(  486): no AGPS interface in set_agps_server
06-10 12:45:21.807 E/GnssBatchingProvider(  486): Failed to initialize GNSS batching
06-10 12:45:21.807 I/GnssLocationProvider(  486): WakeLock released by handleMessage(ENABLE, 1, null)
06-10 12:45:21.807 I/GnssLocationProvider(  486): restartRequests
06-10 12:45:21.808 W/LocationProviderProxy-network(  486): Odd, no component found for service com.android.location.service.v3.NetworkLocationProvider
06-10 12:45:21.808 W/GeocoderProxy(  486): Odd, no component found for service com.android.location.service.GeocodeProvider
06-10 12:45:21.808 W/GeofenceProxy(  486): Odd, no component found for service com.android.location.service.GeofenceProvider
06-10 12:45:21.808 W/ActivityRecognitionProxy(  486): Odd, no component found for service com.android.location.service.ActivityRecognitionProvider
06-10 12:45:21.808 I/GnssLocationProvider(  486): No GNSS Satellite Blacklist interface available
06-10 12:45:21.808 I/GnssLocationProvider(  486): restartRequests
06-10 12:45:21.808 W/Looper  (  486): Slow dispatch took 773ms main h=com.android.server.location.GeofenceProxy$4 c=null m=2
06-10 12:45:21.808 W/Looper  (  486): Slow delivery took 775ms main h=android.os.Handler c=null m=1
06-10 12:45:21.816 D/gralloc_ranchu(  522): gralloc_alloc: Creating ashmem region of size 8192
06-10 12:45:21.816 I/WifiScanningService(  486): wifi driver unloaded
06-10 12:45:21.817 E/        (  522): open_verbose:32: Could not open '/dev/goldfish_pipe': No such file or directory
06-10 12:45:21.818 E/WifiVendorHal(  486): getBgScanCapabilities(l.671) failed {.code = ERROR_NOT_SUPPORTED, .description = }
06-10 12:45:21.820 I/WifiScanningService(  486): wifi driver loaded with scan capabilities: max buckets=16
06-10 12:45:21.823 D/gralloc_ranchu(  522): gralloc_alloc: Creating ashmem region of size 8192
06-10 12:45:21.824 I/GnssLocationProvider(  486): WakeLock acquired by sendMessage(SUBSCRIPTION_OR_SIM_CHANGED, 0, null)
06-10 12:45:21.824 I/FusedLocation(  486): engine started (com.android.location.fused)
06-10 12:45:21.824 E/        (  522): open_verbose:32: Could not open '/dev/goldfish_pipe': No such file or directory
06-10 12:45:21.825 W/Looper  (  486): Drained
06-10 12:45:21.825 I/GnssLocationProvider(  486): WakeLock released by handleMessage(SUBSCRIPTION_OR_SIM_CHANGED, 0, null)
06-10 12:45:21.830 D/gralloc_ranchu(  522): gralloc_alloc: Creating ashmem region of size 4096
06-10 12:45:21.831 E/        (  522): open_verbose:32: Could not open '/dev/goldfish_pipe': No such file or directory
06-10 12:45:21.832 I/InputReader(  486): Reconfiguring input devices.  changes=0x00000004
06-10 12:45:21.836 D/gralloc_ranchu(  522): gralloc_alloc: Creating ashmem region of size 4096
06-10 12:45:21.839 E/        (  522): open_verbose:32: Could not open '/dev/goldfish_pipe': No such file or directory
06-10 12:45:21.846 D/gralloc_ranchu(  522): gralloc_alloc: Creating ashmem region of size 8192
06-10 12:45:21.847 E/        (  522): open_verbose:32: Could not open '/dev/goldfish_pipe': No such file or directory
06-10 12:45:21.854 D/gralloc_ranchu(  522): gralloc_alloc: Creating ashmem region of size 8192
06-10 12:45:21.857 E/        (  522): open_verbose:32: Could not open '/dev/goldfish_pipe': No such file or directory
06-10 12:45:21.979 D/Sensors (  528): batch handle 1, but there is no batch sensor in genymotion
06-10 12:45:22.020 I/ImageWallpaper(  725): Redrawing in rect: RectF(0.0, 0.0, 1340.0, 1196.0) with surface size: 1340x1196
06-10 12:45:22.020 D/gralloc_ranchu(  522): gralloc_alloc: Creating ashmem region of size 4100096
06-10 12:45:22.039 E/        (  522): open_verbose:32: Could not open '/dev/goldfish_pipe': No such file or directory
06-10 12:45:22.124 D/gralloc_ranchu(  522): gralloc_alloc: Creating ashmem region of size 4100096
06-10 12:45:22.136 E/        (  522): open_verbose:32: Could not open '/dev/goldfish_pipe': No such file or directory
06-10 12:45:22.178 I/ImageWallpaper(  725): Redrawing in rect: RectF(0.0, 0.0, 1340.0, 1196.0) with surface size: 1340x1196
06-10 12:45:22.188 I/ImageWallpaper(  725): Redrawing in rect: RectF(0.0, 0.0, 1340.0, 1196.0) with surface size: 1340x1196
06-10 12:45:22.190 D/gralloc_ranchu(  522): gralloc_alloc: Creating ashmem region of size 6414336
06-10 12:45:22.209 E/        (  522): open_verbose:32: Could not open '/dev/goldfish_pipe': No such file or directory
06-10 12:45:22.219 I/ImageWallpaper(  725): Redrawing in rect: RectF(0.0, 0.0, 1340.0, 1196.0) with surface size: 1340x1196
06-10 12:45:22.236 D/gralloc_ranchu(  522): gralloc_alloc: Creating ashmem region of size 6414336
06-10 12:45:22.261 E/        (  522): open_verbose:32: Could not open '/dev/goldfish_pipe': No such file or directory
06-10 12:45:22.320 D/gralloc_ranchu(  522): gralloc_alloc: Creating ashmem region of size 6414336
06-10 12:45:22.336 E/        (  522): open_verbose:32: Could not open '/dev/goldfish_pipe': No such file or directory
06-10 12:45:22.352 I/WindowManager(  486): ******* TELLING SURFACE FLINGER WE ARE BOOTED!
06-10 12:45:22.353 I/SurfaceFlinger(  536): Boot is finished (3504 ms)
06-10 12:45:22.354 I/ImageWallpaper(  725): Redrawing in rect: RectF(0.0, 0.0, 1340.0, 1196.0) with surface size: 1340x1196
06-10 12:45:22.354 E/installd(  224): Failed to unlink /data//dalvik-cache/arm/.booting: No such file or directory
06-10 12:45:22.355 W/ActivityManager(  486): Unable to mark boot complete for abi: armeabi-v7a (android.os.ServiceSpecificException: Failed to unlink /data//dalvik-cache/arm/.booting (code 2))
06-10 12:45:22.355 I/SystemServiceManager(  486): Starting phase 1000
06-10 12:45:22.356 D/ActivityManager(  486): Finishing user boot 0
06-10 12:45:22.357 I/ActivityManager(  486): User 0 state changed from BOOTING to RUNNING_LOCKED
06-10 12:45:22.357 D/vold    (  174): e4crypt_unlock_user_key 0 serial=0 token_present=0
06-10 12:45:22.359 D/vold    (  174): Skipping non-key ..
06-10 12:45:22.359 D/vold    (  174): Skipping non-key .
06-10 12:45:22.359 D/vold    (  174): Trying user CE key /data/misc/vold/user_keys/ce/0/current
06-10 12:45:22.364 W/hwservicemanager(  162): getTransport: Cannot find entry android.hardware.keymaster@4.0::IKeymasterDevice/default in either framework or device manifest.
06-10 12:45:22.364 I/bootstat( 1034): Service started: /system/bin/bootstat --set_system_boot_reason --record_boot_complete --record_boot_reason --record_time_since_factory_reset -l 
06-10 12:45:22.365 I/vold    (  174): List of Keymaster HALs found:
06-10 12:45:22.365 I/vold    (  174): Keymaster HAL #1: SoftwareKeymasterDevice from Google SecurityLevel: SOFTWARE HAL: android.hardware.keymaster@3.0::IKeymasterDevice/default
06-10 12:45:22.365 I/vold    (  174): Using SoftwareKeymasterDevice from Google for encryption.  Security level: SOFTWARE, HAL: android.hardware.keymaster@3.0::IKeymasterDevice/default
06-10 12:45:22.366 D/vold    (  174): Successfully retrieved key
06-10 12:45:22.366 D/vold    (  174): Added key 116625707 (ext4:f1711825e698f511) to keyring 360442136 in process 174
06-10 12:45:22.366 D/vold    (  174): Added key 306238878 (f2fs:f1711825e698f511) to keyring 360442136 in process 174
06-10 12:45:22.366 D/vold    (  174): Added key 996324340 (fscrypt:f1711825e698f511) to keyring 360442136 in process 174
06-10 12:45:22.366 D/vold    (  174): Installed ce key for user 0
06-10 12:45:22.366 D/ActivityManager(  486): Started unlocking user 0
06-10 12:45:22.367 D/ActivityManager(  486): Unlocking user 0 progress 0
06-10 12:45:22.367 D/ActivityManager(  486): Unlocking user 0 progress 5
06-10 12:45:22.367 D/vold    (  174): e4crypt_prepare_user_storage for volume null, user 0, serial 0, flags 2
06-10 12:45:22.367 D/vold    (  174): Preparing: /data/system_ce/0
06-10 12:45:22.367 D/vold    (  174): Preparing: /data/misc_ce/0
06-10 12:45:22.367 D/vold    (  174): Preparing: /data/vendor_ce/0
06-10 12:45:22.367 D/vold    (  174): Preparing: /data/media/0
06-10 12:45:22.367 D/vold    (  174): Preparing: /data/data
06-10 12:45:22.368 I/vold    (  174): Found policy f1711825e698f511 at /data/system_ce/0 which matches expected value
06-10 12:45:22.369 I/vold    (  174): Found policy f1711825e698f511 at /data/misc_ce/0 which matches expected value
06-10 12:45:22.369 I/vold    (  174): Policy for /data/vendor_ce/0 set to f1711825e698f511 modes 1/4
06-10 12:45:22.369 D/WifiConfigStore(  486): Reading from stores completed in 3 ms.
06-10 12:45:22.370 I/vold    (  174): Found policy f1711825e698f511 at /data/media/0 which matches expected value
06-10 12:45:22.370 I/vold    (  174): Found policy f1711825e698f511 at /data/data which matches expected value
06-10 12:45:22.370 V/vold    (  174): Starting restorecon of /data/system_ce/0
06-10 12:45:22.373 V/vold    (  174): Finished restorecon of /data/system_ce/0
06-10 12:45:22.373 D/WIFI    (  486): Registering NetworkFactory
06-10 12:45:22.373 V/vold    (  174): Starting restorecon of /data/misc_ce/0
06-10 12:45:22.373 D/WIFI_UT (  486): Registering NetworkFactory
06-10 12:45:22.373 D/ConnectivityService(  486): Got NetworkFactory Messenger for WIFI
06-10 12:45:22.373 D/ConnectivityService(  486): Got NetworkFactory Messenger for WIFI_UT
06-10 12:45:22.373 D/WIFI    (  486): got request NetworkRequest [ BACKGROUND_REQUEST id=2, [ Transports: CELLULAR Capabilities: INTERNET&NOT_RESTRICTED&TRUSTED&NOT_VPN Unwanted: ] ] with score 0
06-10 12:45:22.373 D/WIFI    (  486): got request NetworkRequest [ TRACK_DEFAULT id=8, [ Capabilities: INTERNET&NOT_RESTRICTED&TRUSTED Unwanted:  Uid: 10031] ] with score 0
06-10 12:45:22.374 I/Zygote  ( 1039): seccomp disabled by setenforce 0
06-10 12:45:22.376 V/vold    (  174): Finished restorecon of /data/misc_ce/0
06-10 12:45:22.376 V/vold    (  174): /system/bin/vold_prepare_subdirs
06-10 12:45:22.376 V/vold    (  174):     prepare
06-10 12:45:22.376 V/vold    (  174):     
06-10 12:45:22.376 W/droid.deskcloc( 1039): Unexpected CPU variant for X86 using defaults: x86
06-10 12:45:22.376 V/vold    (  174):     0
06-10 12:45:22.376 V/vold    (  174):     2
06-10 12:45:22.376 I/bootstat( 1034): Canonical boot reason: reboot
06-10 12:45:22.377 E/bootstat( 1034): Failed to read /data/misc/bootstat/post_decrypt_time_elapsed: No such file or directory
06-10 12:45:22.377 E/bootstat( 1034): Failed to parse boot time record: /data/misc/bootstat/post_decrypt_time_elapsed
06-10 12:45:22.377 D/WifiConnectivityHelper(  486): Firmware supported feature set: 10019
06-10 12:45:22.377 D/WifiConnectivityHelper(  486): Firmware roaming is not supported
06-10 12:45:22.378 D/WIFI    (  486): got request NetworkRequest [ REQUEST id=1, [ Capabilities: INTERNET&NOT_RESTRICTED&TRUSTED&NOT_VPN Unwanted: ] ] with score 0
06-10 12:45:22.378 D/WIFI    (  486): got request NetworkRequest [ TRACK_DEFAULT id=6, [ Capabilities: INTERNET&NOT_RESTRICTED&TRUSTED Unwanted:  Uid: 1000] ] with score 0
06-10 12:45:22.378 D/WIFI_UT (  486): got request NetworkRequest [ BACKGROUND_REQUEST id=2, [ Transports: CELLULAR Capabilities: INTERNET&NOT_RESTRICTED&TRUSTED&NOT_VPN Unwanted: ] ] with score 0
06-10 12:45:22.378 D/WIFI_UT (  486): got request NetworkRequest [ TRACK_DEFAULT id=8, [ Capabilities: INTERNET&NOT_RESTRICTED&TRUSTED Unwanted:  Uid: 10031] ] with score 0
06-10 12:45:22.378 D/WIFI_UT (  486): got request NetworkRequest [ REQUEST id=1, [ Capabilities: INTERNET&NOT_RESTRICTED&TRUSTED&NOT_VPN Unwanted: ] ] with score 0
06-10 12:45:22.378 D/WIFI_UT (  486): got request NetworkRequest [ TRACK_DEFAULT id=6, [ Capabilities: INTERNET&NOT_RESTRICTED&TRUSTED Unwanted:  Uid: 1000] ] with score 0
06-10 12:45:22.380 I/ActivityManager(  486): Start proc 1039:com.android.deskclock/u0a68 for broadcast com.android.deskclock/.AlarmInitReceiver
06-10 12:45:22.383 I/vold_prepare_subdirs(  174): SELinux: Loaded file_contexts
06-10 12:45:22.384 D/vold_prepare_subdirs( 1046): Setting up mode 700 uid 0 gid 0 context u:object_r:vold_data_file:s0 on path: /data/misc_ce/0/vold
06-10 12:45:22.385 D/vold_prepare_subdirs( 1046): Setting up mode 700 uid 0 gid 0 context u:object_r:storaged_data_file:s0 on path: /data/misc_ce/0/storaged
06-10 12:45:22.386 V/UserDataPreparer(  486): Found /data/user/0 with serial number 0
06-10 12:45:22.386 V/UserDataPreparer(  486): Found /data/system_ce/0 with serial number 0
06-10 12:45:22.386 D/UserDataPreparer(  486): Setting property: sys.user.0.ce_available=true
06-10 12:45:22.387 V/PackageManager(  486): reconcileAppsData for null u0 0x2 migrateAppData=false
06-10 12:45:22.396 I/droid.deskcloc( 1039): The ClassLoaderContext is a special shared library.
06-10 12:45:22.399 I/droid.deskcloc( 1039): The ClassLoaderContext is a special shared library.
06-10 12:45:22.420 I/AlarmClock( 1039): AlarmInitReceiver android.intent.action.LOCKED_BOOT_COMPLETED
06-10 12:45:22.421 W/cutils  (  224): Expected path /data/data/com.google.android.gms with mode 700 but found 711
06-10 12:45:22.423 I/AlarmClock( 1039): Fixing alarm instances
06-10 12:45:22.432 V/AlarmClock( 1039): AlarmInitReceiver finished
06-10 12:45:22.443 I/Zygote  ( 1060): seccomp disabled by setenforce 0
06-10 12:45:22.445 W/.gms.persisten( 1060): Unexpected CPU variant for X86 using defaults: x86
06-10 12:45:22.447 V/PackageManager(  486): reconcileAppsData finished 111 packages
06-10 12:45:22.447 I/ActivityManager(  486): User 0 state changed from RUNNING_LOCKED to RUNNING_UNLOCKING
06-10 12:45:22.447 D/ActivityManager(  486): Unlocking user 0 progress 20
06-10 12:45:22.447 I/SystemServiceManager(  486): Calling onUnlockUser u0
06-10 12:45:22.447 D/StorageManagerService(  486): onUnlockUser 0
06-10 12:45:22.448 D/vold    (  174): Linking /storage/emulated/0 to /mnt/user/0/primary
06-10 12:45:22.448 D/StorageManagerService(  486): Volume emulated broadcasting mounted to UserHandle{0}
06-10 12:45:22.449 I/ActivityManager(  486): Start proc 1060:com.google.android.gms.persistent/u0a77 for broadcast com.google.android.gms/.chimera.GmsIntentOperationService$PersistentTrustedReceiver
06-10 12:45:22.450 V/BackupManagerService(  486): Starting with transport android/com.android.internal.backup.LocalTransport
06-10 12:45:22.450 W/VoiceInteractionManagerService(  486): no available voice interaction services found for user 0
06-10 12:45:22.451 W/VoiceInteractionManagerService(  486): no available voice recognition services found for user 0
06-10 12:45:22.451 D/WifiConfigStore(  486): Reading from user store completed in 2 ms.
06-10 12:45:22.452 D/WakeupConfigStoreData(  486): WifiWake user data has been read
06-10 12:45:22.455 D/AutofillManagerServiceImpl(  486): Reset component for user 0 ()
06-10 12:45:22.455 D/AutofillManagerServiceImpl(  486): Reset component for user 0 ()
06-10 12:45:22.455 D/FieldClassificationStrategy(  486): reset(): service is not bound. Do nothing.
06-10 12:45:22.455 I/ActivityManager(  486): User 0 state changed from RUNNING_UNLOCKING to RUNNING_UNLOCKED
06-10 12:45:22.455 D/SystemServerTiming(  486): SystemUserUnlock took to complete: 88ms
06-10 12:45:22.455 D/AutofillUI(  486): destroySaveUiUiThread(): already destroyed
06-10 12:45:22.455 I/InputAttributes(  713): InputType.TYPE_NULL is specified
06-10 12:45:22.457 I/ActivityManager(  486): Sending BOOT_COMPLETE user #0
06-10 12:45:22.458 I/SELinux (  486): SELinux: Loaded file_contexts
06-10 12:45:22.461 V/NotificationListeners(  486): enabling notification listener for 0: ComponentInfo{com.android.launcher3/com.android.launcher3.notification.NotificationListener}
06-10 12:45:22.461 D/CarrierSvcBindHelper(  836): Received android.intent.action.USER_UNLOCKED
06-10 12:45:22.461 V/NotificationListeners(  486): binding: Intent { act=android.service.notification.NotificationListenerService cmp=com.android.launcher3/.notification.NotificationListener (has extras) }
06-10 12:45:22.462 E/PhoneInterfaceManager(  836): [PhoneIntfMgr] getCarrierPackageNamesForIntent: No UICC
06-10 12:45:22.462 D/CarrierSvcBindHelper(  836): No carrier app for: 0
06-10 12:45:22.462 E/BackupPasswordManager(  486): Unable to read backup pw version
06-10 12:45:22.462 I/.gms.persisten( 1060): The ClassLoaderContext is a special shared library.
06-10 12:45:22.463 I/Zygote  ( 1080): seccomp disabled by setenforce 0
06-10 12:45:22.464 E/BackupPasswordManager(  486): Unable to read saved backup pw hash
06-10 12:45:22.464 I/.gms.persisten( 1060): The ClassLoaderContext is a special shared library.
06-10 12:45:22.465 W/motion.setting( 1080): Unexpected CPU variant for X86 using defaults: x86
06-10 12:45:22.465 I/.gms.persisten( 1060): The ClassLoaderContext is a special shared library.
06-10 12:45:22.467 D/FallbackHome(  856): User unlocked and real home found; let's go!
06-10 12:45:22.467 W/NotificationAssistants(  486): Not binding notification assistant service ComponentInfo{android.ext.services/android.ext.services.notification.Assistant}: service not found
06-10 12:45:22.467 I/AccountManagerService(  486): User 0 is unlocked - opening CE database
06-10 12:45:22.468 D/WifiConfigStore(  486): Writing to stores completed in 16 ms.
06-10 12:45:22.468 I/ActivityManager(  486): Start proc 1080:com.genymotion.settings/1000 for added application com.genymotion.settings
06-10 12:45:22.477 I/Zygote  ( 1097): seccomp disabled by setenforce 0
06-10 12:45:22.482 W/n.systempatche( 1097): Unexpected CPU variant for X86 using defaults: x86
06-10 12:45:22.486 I/ActivityManager(  486): Start proc 1097:com.genymotion.systempatcher/1000 for added application com.genymotion.systempatcher
06-10 12:45:22.487 I/ActivityManager(  486): START u0 {act=android.intent.action.MAIN cat=[android.intent.category.HOME] flg=0x10000100 cmp=com.android.launcher3/.Launcher} from uid 0
06-10 12:45:22.494 I/motion.setting( 1080): The ClassLoaderContext is a special shared library.
06-10 12:45:22.501 D/SettingsServiceApp( 1080): Starting Settings Service
06-10 12:45:22.503 W/ContextImpl( 1080): Calling a method in the system process without a qualified user: android.app.ContextImpl.startService:1531 android.content.ContextWrapper.startService:664 com.genymotion.settings.SettingsServiceApp.onCreate:16 android.app.Instrumentation.callApplicationOnCreate:1154 android.app.ActivityThread.handleBindApplication:5871 
06-10 12:45:22.506 I/Zygote  ( 1114): seccomp disabled by setenforce 0
06-10 12:45:22.507 V/BackupManagerService(  486): No ancestral data
06-10 12:45:22.508 I/n.systempatche( 1097): The ClassLoaderContext is a special shared library.
06-10 12:45:22.509 W/com.android.se( 1114): Unexpected CPU variant for X86 using defaults: x86
06-10 12:45:22.509 W/ActivityManager(  486): Slow operation: 53ms so far, now at startProcess: returned from zygote!
06-10 12:45:22.509 W/ActivityManager(  486): Slow operation: 54ms so far, now at startProcess: done updating battery stats
06-10 12:45:22.509 W/ActivityManager(  486): Slow operation: 54ms so far, now at startProcess: building log message
06-10 12:45:22.509 I/ActivityManager(  486): Start proc 1114:com.android.se/1068 for added application com.android.se
06-10 12:45:22.509 W/ActivityManager(  486): Slow operation: 54ms so far, now at startProcess: starting to update pids map
06-10 12:45:22.509 W/ActivityManager(  486): Slow operation: 54ms so far, now at startProcess: done updating pids map
06-10 12:45:22.510 W/ActivityManager(  486): Slow operation: 54ms so far, now at startProcess: asking zygote to start proc
06-10 12:45:22.514 D/ConnectivityService(  486): requestNetwork for uid/pid:1000/1080 NetworkRequest [ REQUEST id=11, [ Transports: CELLULAR Capabilities: NOT_RESTRICTED&TRUSTED&NOT_VPN Unwanted:  Uid: 1000] ]
06-10 12:45:22.515 D/WIFI    (  486): got request NetworkRequest [ REQUEST id=11, [ Transports: CELLULAR Capabilities: NOT_RESTRICTED&TRUSTED&NOT_VPN Unwanted:  Uid: 1000] ] with score 0
06-10 12:45:22.515 D/WIFI_UT (  486): got request NetworkRequest [ REQUEST id=11, [ Transports: CELLULAR Capabilities: NOT_RESTRICTED&TRUSTED&NOT_VPN Unwanted:  Uid: 1000] ] with score 0
06-10 12:45:22.516 D/PhoneSwitcherNetworkRequstListener(  836): got request NetworkRequest [ REQUEST id=11, [ Transports: CELLULAR Capabilities: NOT_RESTRICTED&TRUSTED&NOT_VPN Unwanted:  Uid: 1000] ] with score 0
06-10 12:45:22.519 I/Zygote  ( 1124): seccomp disabled by setenforce 0
06-10 12:45:22.520 I/SystemPatcherService( 1097): Starting up
06-10 12:45:22.521 W/tion.tasklocke( 1124): Unexpected CPU variant for X86 using defaults: x86
06-10 12:45:22.521 W/ActivityManager(  486): Slow operation: 65ms so far, now at startProcess: returned from zygote!
06-10 12:45:22.521 W/ActivityManager(  486): Slow operation: 65ms so far, now at startProcess: done updating battery stats
06-10 12:45:22.522 W/ActivityManager(  486): Slow operation: 66ms so far, now at startProcess: building log message
06-10 12:45:22.522 I/ActivityManager(  486): Start proc 1124:com.genymotion.tasklocker/1000 for added application com.genymotion.tasklocker
06-10 12:45:22.522 W/ActivityManager(  486): Slow operation: 67ms so far, now at startProcess: starting to update pids map
06-10 12:45:22.522 W/ActivityManager(  486): Slow operation: 67ms so far, now at startProcess: done updating pids map
06-10 12:45:22.522 W/ActivityManager(  486): Slow operation: 67ms so far, now at startProcess: asking zygote to start proc
06-10 12:45:22.528 I/BackupManagerService(  486): Unlocking system user; mService=com.android.server.backup.BackupManagerService@2696168
06-10 12:45:22.530 I/BackupManagerService(  486): Backup enabled => false
06-10 12:45:22.534 W/ActivityManager(  486): Slow operation: 78ms so far, now at startProcess: returned from zygote!
06-10 12:45:22.534 W/ActivityManager(  486): Slow operation: 79ms so far, now at startProcess: done updating battery stats
06-10 12:45:22.534 W/ActivityManager(  486): Slow operation: 79ms so far, now at startProcess: building log message
06-10 12:45:22.534 I/ActivityManager(  486): Start proc 1149:com.genymotion.genyd/1000 for added application com.genymotion.genyd
06-10 12:45:22.534 W/ActivityManager(  486): Slow operation: 79ms so far, now at startProcess: starting to update pids map
06-10 12:45:22.534 W/ActivityManager(  486): Slow operation: 79ms so far, now at startProcess: done updating pids map
06-10 12:45:22.534 W/ActivityManager(  486): Slow operation: 68ms so far, now at startProcess: asking zygote to start proc
06-10 12:45:22.536 I/Zygote  ( 1149): seccomp disabled by setenforce 0
06-10 12:45:22.536 E/SELinux (  161): avc:  denied  { add } for service=SystemPatcher pid=1097 uid=1000 scontext=u:r:system_app:s0 tcontext=u:object_r:default_android_service:s0 tclass=service_manager permissive=1
06-10 12:45:22.536 I/SystemPatcherApp( 1097): Registered com.genymotion.systempatcher.SystemPatcherService as SystemPatcher
06-10 12:45:22.539 W/enymotion.geny( 1149): Unexpected CPU variant for X86 using defaults: x86
06-10 12:45:22.539 I/com.android.se( 1114): The ClassLoaderContext is a special shared library.
06-10 12:45:22.546 W/ActivityManager(  486): Slow operation: 80ms so far, now at startProcess: returned from zygote!
06-10 12:45:22.546 W/ActivityManager(  486): Slow operation: 80ms so far, now at startProcess: done updating battery stats
06-10 12:45:22.547 I/Zygote  ( 1160): seccomp disabled by setenforce 0
06-10 12:45:22.548 W/ActivityManager(  486): Slow operation: 81ms so far, now at startProcess: building log message
06-10 12:45:22.548 I/ActivityManager(  486): Start proc 1160:com.android.launcher3/u0a24 for service com.android.launcher3/.notification.NotificationListener
06-10 12:45:22.548 W/ActivityManager(  486): Slow operation: 81ms so far, now at startProcess: starting to update pids map
06-10 12:45:22.548 W/ActivityManager(  486): Slow operation: 81ms so far, now at startProcess: done updating pids map
06-10 12:45:22.548 W/droid.launcher( 1160): Unexpected CPU variant for X86 using defaults: x86
06-10 12:45:22.549 W/ActivityManager(  486): Slow operation: 79ms so far, now at startProcess: asking zygote to start proc
06-10 12:45:22.551 I/SecureElementService( 1114): main onCreate
06-10 12:45:22.552 I/tion.tasklocke( 1124): The ClassLoaderContext is a special shared library.
06-10 12:45:22.554 W/hwservicemanager(  162): getTransport: Cannot find entry android.hardware.secure_element@1.0::ISecureElement/eSE1 in either framework or device manifest.
06-10 12:45:22.555 I/Zygote  ( 1175): seccomp disabled by setenforce 0
06-10 12:45:22.557 I/SecureElementService( 1114): No HAL implementation for eSE1
06-10 12:45:22.558 W/hwservicemanager(  162): getTransport: Cannot find entry android.hardware.secure_element@1.0::ISecureElement/SIM1 in either framework or device manifest.
06-10 12:45:22.558 I/SecureElementService( 1114): No HAL implementation for SIM1
06-10 12:45:22.558 W/android.smspus( 1175): Unexpected CPU variant for X86 using defaults: x86
06-10 12:45:22.560 W/ActivityManager(  486): Slow operation: 90ms so far, now at startProcess: returned from zygote!
06-10 12:45:22.560 W/ActivityManager(  486): Slow operation: 90ms so far, now at startProcess: done updating battery stats
06-10 12:45:22.560 W/ActivityManager(  486): Slow operation: 90ms so far, now at startProcess: building log message
06-10 12:45:22.560 I/ActivityManager(  486): Start proc 1175:com.android.smspush/u0a45 for service com.android.smspush/.WapPushManager
06-10 12:45:22.560 W/ActivityManager(  486): Slow operation: 90ms so far, now at startProcess: starting to update pids map
06-10 12:45:22.560 W/ActivityManager(  486): Slow operation: 90ms so far, now at startProcess: done updating pids map
06-10 12:45:22.564 I/enymotion.geny( 1149): The ClassLoaderContext is a special shared library.
06-10 12:45:22.565 I/Zygote  ( 1199): seccomp disabled by setenforce 0
06-10 12:45:22.570 I/ActivityManager(  486): Start proc 1199:com.android.printspooler/u0a64 for service com.android.printspooler/.model.PrintSpoolerService
06-10 12:45:22.570 W/id.printspoole( 1199): Unexpected CPU variant for X86 using defaults: x86
06-10 12:45:22.574 I/droid.launcher( 1160): The ClassLoaderContext is a special shared library.
06-10 12:45:22.575 I/android.smspus( 1175): The ClassLoaderContext is a special shared library.
06-10 12:45:22.581 I/id.printspoole( 1199): The ClassLoaderContext is a special shared library.
06-10 12:45:22.612 V/BackupManagerConstants(  486): getKeyValueBackupIntervalMilliseconds(...) returns 14400000
06-10 12:45:22.612 V/BackupManagerConstants(  486): getKeyValueBackupFuzzMilliseconds(...) returns 600000
06-10 12:45:22.612 V/BackupManagerConstants(  486): getKeyValueBackupRequiredNetworkType(...) returns 1
06-10 12:45:22.612 V/BackupManagerConstants(  486): getKeyValueBackupRequireCharging(...) returns true
06-10 12:45:22.612 V/KeyValueBackupJob(  486): Scheduling k/v pass in 242 minutes
06-10 12:45:22.614 I/SyncManager(  486): Loaded persisted syncs: 10 periodic syncs, 0 oneshot syncs, 20 total system server jobs, JobStats: FirstLoad: 15/12/10 LastSave: -1/-1/-1
06-10 12:45:22.615 D/GenydServiceApp( 1149): Starting Genyd Service
06-10 12:45:22.616 W/ContextImpl( 1149): Calling a method in the system process without a qualified user: android.app.ContextImpl.startService:1531 android.content.ContextWrapper.startService:664 com.genymotion.genyd.GenydServiceApp.onCreate:16 android.app.Instrumentation.callApplicationOnCreate:1154 android.app.ActivityThread.handleBindApplication:5871 
06-10 12:45:22.617 I/AppWidgetServiceImpl(  486): Async processing of onUserUnlocked u0 took 166 ms
06-10 12:45:22.617 W/Looper  (  486): Slow dispatch took 166ms android.fg h=android.os.Handler c=com.android.server.appwidget.-$$Lambda$AppWidgetService$HIwvoPMyKqEhLVIiysgUKH8QJg8@26eae7b m=0
06-10 12:45:22.617 I/ActivityManager(  486): Loading recents for user 0 into memory.
06-10 12:45:22.627 D/IGenydServiceImpl( 1149): IGenydServiceImpl startup
06-10 12:45:22.629 W/.gms.persisten( 1060): JIT profile information will not be recorded: profile file does not exits.
06-10 12:45:22.629 W/.gms.persisten( 1060): JIT profile information will not be recorded: profile file does not exits.
06-10 12:45:22.637 D/libEGL  ( 1160): Emulator has host GPU support, qemu.gles is set to 1.
06-10 12:45:22.639 D/vndksupport( 1160): Loading /vendor/lib/egl/libGLES_emulation.so from current namespace instead of sphal namespace.
06-10 12:45:22.639 E/libEGL  ( 1160): load_driver(/vendor/lib/egl/libGLES_emulation.so): dlopen failed: library "/vendor/lib/egl/libGLES_emulation.so" not found
06-10 12:45:22.639 D/vndksupport( 1160): Loading /vendor/lib/egl/libEGL_emulation.so from current namespace instead of sphal namespace.
06-10 12:45:22.641 W/Looper  (  486): Slow dispatch took 175ms main h=android.app.ActivityThread$H c=android.app.-$$Lambda$LoadedApk$ReceiverDispatcher$Args$_BumDX2UKsnxLVrE6UJsJZkotuA@3615510 m=0
06-10 12:45:22.643 D/libEGL  ( 1160): loaded /vendor/lib/egl/libEGL_emulation.so
06-10 12:45:22.644 D/vndksupport( 1160): Loading /vendor/lib/egl/libGLESv1_CM_emulation.so from current namespace instead of sphal namespace.
06-10 12:45:22.645 I/Zygote  ( 1230): seccomp disabled by setenforce 0
06-10 12:45:22.646 D/libEGL  ( 1160): loaded /vendor/lib/egl/libGLESv1_CM_emulation.so
06-10 12:45:22.648 W/gle.android.gm( 1230): Unexpected CPU variant for X86 using defaults: x86
06-10 12:45:22.649 I/ActivityManager(  486): Start proc 1230:com.google.android.gms/u0a77 for service com.google.android.gms/.people.sync.PeopleSyncService
06-10 12:45:22.653 D/vndksupport( 1160): Loading /vendor/lib/egl/libGLESv2_emulation.so from current namespace instead of sphal namespace.
06-10 12:45:22.654 D/libEGL  ( 1160): loaded /vendor/lib/egl/libGLESv2_emulation.so
06-10 12:45:22.662 I/gle.android.gm( 1230): The ClassLoaderContext is a special shared library.
06-10 12:45:22.663 I/chatty  ( 1230): uid=10077(com.google.android.gms) identical 1 line
06-10 12:45:22.664 I/gle.android.gm( 1230): The ClassLoaderContext is a special shared library.
06-10 12:45:22.665 I/Zygote  ( 1248): seccomp disabled by setenforce 0
06-10 12:45:22.668 W/ndroid.keychai( 1248): Unexpected CPU variant for X86 using defaults: x86
06-10 12:45:22.669 I/ActivityManager(  486): Start proc 1248:com.android.keychain/1000 for service com.android.keychain/.KeyChainService
06-10 12:45:22.670 W/gle.android.gm( 1230): JIT profile information will not be recorded: profile file does not exits.
06-10 12:45:22.679 W/WallpaperManagerService(  486): Cannot extract colors because wallpaper could not be read.
06-10 12:45:22.679 W/WallpaperManagerService(  486): Cannot get theme colors because WallpaperColors is null.
06-10 12:45:22.670 W/gle.android.gm( 1230): JIT profile information will not be recorded: profile file does not exits.
06-10 12:45:22.680 V/Launcher( 1160): LauncherAppState initiated
06-10 12:45:22.685 I/ndroid.keychai( 1248): The ClassLoaderContext is a special shared library.
06-10 12:45:22.689 D/OpenGLRenderer( 1160): Skia GL Pipeline
06-10 12:45:22.698 I/FusedLocation(  486): engine stopped (com.android.location.fused)
06-10 12:45:22.771 W/System  ( 1160): ClassLoader referenced unknown path: 
06-10 12:45:22.794 D/LoaderTask( 1160): loadWorkspace: loading default favorites
06-10 12:45:22.823 D/HostConnection( 1160): HostConnection::get() New Host Connection established 0xe204ed00, pid 1160, tid 1273
06-10 12:45:22.821 I/RenderThread( 1160): type=1400 audit(0.0:658): avc: denied { write } for name="local_opengl" dev="tmpfs" ino=14512 scontext=u:r:priv_app:s0:c512,c768 tcontext=u:object_r:socket_device:s0 tclass=sock_file permissive=1
06-10 12:45:22.821 I/RenderThread( 1160): type=1400 audit(0.0:659): avc: denied { connectto } for path="/dev/socket/local_opengl" scontext=u:r:priv_app:s0:c512,c768 tcontext=u:r:local_opengl:s0 tclass=unix_stream_socket permissive=1
06-10 12:45:22.825 D/local_opengl(  477): Sending id 11 to host
06-10 12:45:22.827 D/TouchInteractionService( 1160): Touch service connected
06-10 12:45:22.830 D/HostConnection( 1160): HostComposition ext GL_OES_EGL_sync GL_OES_EGL_image GL_OES_EGL_image_external GL_OES_depth24 GL_OES_depth32 GL_OES_element_index_uint GL_OES_texture_float GL_OES_texture_float_linear GL_OES_compressed_paletted_texture GL_OES_compressed_ETC1_RGB8_texture GL_OES_depth_texture GL_OES_texture_half_float GL_OES_texture_half_float_linear GL_OES_packed_depth_stencil GL_OES_vertex_half_float GL_OES_texture_npot GL_OES_rgb8_rgba8 GL_EXT_color_buffer_float GL_EXT_color_buffer_half_float GL_EXT_texture_format_BGRA8888 GL_APPLE_texture_format_BGRA8888 ANDROID_EMU_host_composition_v1 ANDROID_EMU_host_composition_v2 ANDROID_EMU_async_unmap_buffer ANDROID_EMU_sync_buffer_data GL_OES_EGL_image_external_essl3 GL_OES_vertex_array_object GL_KHR_texture_compression_astc_ldr ANDROID_EMU_host_side_tracing ANDROID_EMU_async_frame_commands ANDROID_EMU_gles_max_version_3_1 
06-10 12:45:22.841 E/        ( 1160): open_verbose:32: Could not open '/dev/goldfish_pipe': No such file or directory
06-10 12:45:22.841 W/        ( 1160): Process pipe failed
06-10 12:45:22.847 D/gralloc_ranchu(  522): gralloc_alloc: Creating ashmem region of size 8192
06-10 12:45:22.847 I/ConfigStore( 1160): android::hardware::configstore::V1_0::ISurfaceFlingerConfigs::hasWideColorDisplay retrieved: 0
06-10 12:45:22.847 I/ConfigStore( 1160): android::hardware::configstore::V1_0::ISurfaceFlingerConfigs::hasHDRDisplay retrieved: 0
06-10 12:45:22.847 I/OpenGLRenderer( 1160): Initialized EGL, version 1.4
06-10 12:45:22.847 D/OpenGLRenderer( 1160): Swap behavior 1
06-10 12:45:22.848 W/OpenGLRenderer( 1160): Failed to choose config with EGL_SWAP_BEHAVIOR_PRESERVED, retrying without...
06-10 12:45:22.848 D/OpenGLRenderer( 1160): Swap behavior 0
06-10 12:45:22.848 E/        (  522): open_verbose:32: Could not open '/dev/goldfish_pipe': No such file or directory
06-10 12:45:22.849 I/Zygote  ( 1280): seccomp disabled by setenforce 0
06-10 12:45:22.850 W/ocess.gservice( 1280): Unexpected CPU variant for X86 using defaults: x86
06-10 12:45:22.851 D/EGL_emulation( 1160): eglCreateContext: 0xe204edc0: maj 3 min 1 rcv 4
06-10 12:45:22.853 E/        ( 1160): open_verbose:32: Could not open '/dev/goldfish_pipe': No such file or directory
06-10 12:45:22.854 D/EGL_emulation( 1160): eglMakeCurrent: 0xe204edc0: ver 3 1 (tinfo 0xcfaaad90) (first time)
06-10 12:45:22.855 I/ActivityManager(  486): Start proc 1280:com.google.process.gservices/u0a77 for content provider com.google.android.gsf/.gservices.GservicesProvider
06-10 12:45:22.856 D/gralloc_ranchu(  522): gralloc_alloc: Creating ashmem region of size 8192
06-10 12:45:22.857 E/        (  522): open_verbose:32: Could not open '/dev/goldfish_pipe': No such file or directory
06-10 12:45:22.861 D/gralloc_ranchu(  522): gralloc_alloc: Creating ashmem region of size 4096
06-10 12:45:22.862 E/        (  522): open_verbose:32: Could not open '/dev/goldfish_pipe': No such file or directory
06-10 12:45:22.863 I/ocess.gservice( 1280): The ClassLoaderContext is a special shared library.
06-10 12:45:22.864 D/gralloc_ranchu(  522): gralloc_alloc: Creating ashmem region of size 4096
06-10 12:45:22.868 E/        (  522): open_verbose:32: Could not open '/dev/goldfish_pipe': No such file or directory
06-10 12:45:22.871 D/gralloc_ranchu(  522): gralloc_alloc: Creating ashmem region of size 8192
06-10 12:45:22.872 E/        (  522): open_verbose:32: Could not open '/dev/goldfish_pipe': No such file or directory
06-10 12:45:22.874 D/gralloc_ranchu(  522): gralloc_alloc: Creating ashmem region of size 8192
06-10 12:45:22.875 E/        (  522): open_verbose:32: Could not open '/dev/goldfish_pipe': No such file or directory
06-10 12:45:22.880 I/GservicesProvider( 1280): Gservices pushing to system: true; secure/global: true
06-10 12:45:22.881 D/vndksupport( 1160): Loading /vendor/lib/hw/android.hardware.graphics.mapper@2.0-impl.so from current namespace instead of sphal namespace.
06-10 12:45:22.881 D/vndksupport( 1160): Loading /vendor/lib/hw/gralloc.ranchu.so from current namespace instead of sphal namespace.
06-10 12:45:22.883 D/gralloc_ranchu(  522): gralloc_alloc: Creating ashmem region of size 32768
06-10 12:45:22.885 E/        (  522): open_verbose:32: Could not open '/dev/goldfish_pipe': No such file or directory
06-10 12:45:22.885 D/HostConnection( 1160): createUnique: call
06-10 12:45:22.886 D/HostConnection( 1160): HostConnection::get() New Host Connection established 0xcf1be660, pid 1160, tid 1273
06-10 12:45:22.887 D/local_opengl(  477): Sending id 12 to host
06-10 12:45:22.891 D/HostConnection( 1160): HostComposition ext ANDROID_EMU_host_composition_v1 ANDROID_EMU_host_composition_v2 ANDROID_EMU_async_unmap_buffer ANDROID_EMU_sync_buffer_data GL_OES_EGL_image_external_essl3 GL_OES_vertex_array_object GL_KHR_texture_compression_astc_ldr ANDROID_EMU_host_side_tracing ANDROID_EMU_async_frame_commands ANDROID_EMU_gles_max_version_3_1 
06-10 12:45:22.899 D/gralloc_ranchu(  522): gralloc_alloc: Creating ashmem region of size 4100096
06-10 12:45:22.903 E/        (  522): open_verbose:32: Could not open '/dev/goldfish_pipe': No such file or directory
06-10 12:45:22.904 D/gralloc_ranchu(  522): gralloc_alloc: Creating ashmem region of size 4100096
06-10 12:45:22.905 W/WindowManager(  486): App freeze timeout expired.
06-10 12:45:22.907 E/        (  522): open_verbose:32: Could not open '/dev/goldfish_pipe': No such file or directory
06-10 12:45:22.909 D/gralloc_ranchu(  522): gralloc_alloc: Creating ashmem region of size 4100096
06-10 12:45:22.912 E/        (  522): open_verbose:32: Could not open '/dev/goldfish_pipe': No such file or directory
06-10 12:45:22.915 D/gralloc_ranchu(  522): gralloc_alloc: Creating ashmem region of size 32768
06-10 12:45:22.916 E/        (  522): open_verbose:32: Could not open '/dev/goldfish_pipe': No such file or directory
06-10 12:45:22.923 D/gralloc_ranchu(  522): gralloc_alloc: Creating ashmem region of size 32768
06-10 12:45:22.926 E/        (  522): open_verbose:32: Could not open '/dev/goldfish_pipe': No such file or directory
06-10 12:45:22.942 D/gralloc_ranchu(  522): gralloc_alloc: Creating ashmem region of size 32768
06-10 12:45:22.944 E/        (  522): open_verbose:32: Could not open '/dev/goldfish_pipe': No such file or directory
06-10 12:45:22.948 I/Safeboot( 1060): Checking safeboot...
06-10 12:45:22.952 D/gralloc_ranchu(  522): gralloc_alloc: Creating ashmem region of size 32768
06-10 12:45:22.953 E/        (  522): open_verbose:32: Could not open '/dev/goldfish_pipe': No such file or directory
06-10 12:45:22.956 I/ActivityManager(  486): Displayed com.android.launcher3/.Launcher: +456ms
06-10 12:45:22.963 D/gralloc_ranchu(  522): gralloc_alloc: Creating ashmem region of size 32768
06-10 12:45:22.964 E/        (  522): open_verbose:32: Could not open '/dev/goldfish_pipe': No such file or directory
06-10 12:45:22.979 D/gralloc_ranchu(  522): gralloc_alloc: Creating ashmem region of size 32768
06-10 12:45:22.980 E/        (  522): open_verbose:32: Could not open '/dev/goldfish_pipe': No such file or directory
06-10 12:45:23.001 W/ProviderHelper( 1060): Unknown dynamite feature providerinstaller.dynamite
06-10 12:45:23.002 I/DynamiteModule( 1060): Considering local module com.google.android.gms.providerinstaller.dynamite:1 and remote module com.google.android.gms.providerinstaller.dynamite:0
06-10 12:45:23.002 I/DynamiteModule( 1060): Selected local version of com.google.android.gms.providerinstaller.dynamite
