--------- beginning of main
06-10 12:45:10.389 W/auditd  (  160): type=2000 audit(0.0:1): initialized
06-10 12:45:11.945 I/auditd  (  160): type=1403 audit(0.0:2): policy loaded auid=4294967295 ses=4294967295
06-10 12:45:12.005 I/ueventd (  136): type=1400 audit(0.0:3): avc: denied { read } for name="vda2" dev="tmpfs" ino=12294 scontext=u:r:ueventd:s0 tcontext=u:object_r:block_device:s0 tclass=blk_file permissive=1
06-10 12:45:12.005 I/ueventd (  138): type=1400 audit(0.0:4): avc: denied { open } for path="/dev/block/vda4" dev="tmpfs" ino=11288 scontext=u:r:ueventd:s0 tcontext=u:object_r:block_device:s0 tclass=blk_file permissive=1
06-10 12:45:12.005 I/ueventd (  138): type=1400 audit(0.0:6): avc: denied { ioctl } for path="/dev/block/vda4" dev="tmpfs" ino=11288 ioctlcmd=1272 scontext=u:r:ueventd:s0 tcontext=u:object_r:block_device:s0 tclass=blk_file permissive=1
06-10 12:45:12.005 I/ueventd (  136): type=1400 audit(0.0:5): avc: denied { ioctl } for path="/dev/block/vda2" dev="tmpfs" ino=12294 ioctlcmd=1272 scontext=u:r:ueventd:s0 tcontext=u:object_r:block_device:s0 tclass=blk_file permissive=1
06-10 12:45:12.005 I/ueventd (  137): type=1400 audit(0.0:7): avc: denied { read } for name="filesystems" dev="proc" ino=4026532035 scontext=u:r:ueventd:s0 tcontext=u:object_r:proc_filesystems:s0 tclass=file permissive=1
06-10 12:45:12.005 I/ueventd (  137): type=1400 audit(0.0:8): avc: denied { open } for path="/proc/filesystems" dev="proc" ino=4026532035 scontext=u:r:ueventd:s0 tcontext=u:object_r:proc_filesystems:s0 tclass=file permissive=1
06-10 12:45:12.005 I/ueventd (  137): type=1400 audit(0.0:9): avc: denied { getattr } for path="/proc/filesystems" dev="proc" ino=4026532035 scontext=u:r:ueventd:s0 tcontext=u:object_r:proc_filesystems:s0 tclass=file permissive=1
06-10 12:45:12.013 I/ueventd (  136): type=1400 audit(0.0:10): avc: denied { read } for name="ram4" dev="tmpfs" ino=11211 scontext=u:r:ueventd:s0 tcontext=u:object_r:ram_device:s0 tclass=blk_file permissive=1
06-10 12:45:13.508 I/SELinux (  163): SELinux: Loaded service_contexts from:
06-10 12:45:13.508 I/SELinux (  161): SELinux: Loaded service_contexts from:
06-10 12:45:13.508 I/SELinux (  161):     /plat_service_contexts
06-10 12:45:13.509 I/SELinux (  161):     /vendor_service_contexts
06-10 12:45:13.509 I/SELinux (  163):     /vndservice_contexts
06-10 12:45:13.542 I/hwservicemanager(  162): hwservicemanager is ready now.
06-10 12:45:13.565 I/init    (    1): type=1400 audit(0.0:24): avc: denied { setattr } for name="slabinfo" dev="proc" ino=4026532032 scontext=u:r:init:s0 tcontext=u:object_r:proc:s0 tclass=file permissive=1
06-10 12:45:13.569 I/init.genymotion(  172): type=1400 audit(0.0:25): avc: denied { getattr } for path="/system/bin/sh" dev="vda6" ino=1325 scontext=u:r:vbox86-setup:s0 tcontext=u:object_r:shell_exec:s0 tclass=file permissive=1
06-10 12:45:13.573 I/init.genymotion(  172): type=1400 audit(0.0:26): avc: denied { read } for path="/system/bin/sh" dev="vda6" ino=1325 scontext=u:r:vbox86-setup:s0 tcontext=u:object_r:shell_exec:s0 tclass=file permissive=1
06-10 12:45:13.577 I/init.genymotion(  176): type=1400 audit(0.0:27): avc: denied { getattr } for path="/system/bin/toolbox" dev="vda6" ino=1051 scontext=u:r:vbox86-setup:s0 tcontext=u:object_r:toolbox_exec:s0 tclass=file permissive=1
06-10 12:45:13.577 I/init.genymotion(  176): type=1400 audit(0.0:28): avc: denied { execute } for name="toolbox" dev="vda6" ino=1051 scontext=u:r:vbox86-setup:s0 tcontext=u:object_r:toolbox_exec:s0 tclass=file permissive=1
06-10 12:45:13.577 I/init.genymotion(  176): type=1400 audit(0.0:29): avc: denied { read open } for path="/system/bin/toolbox" dev="vda6" ino=1051 scontext=u:r:vbox86-setup:s0 tcontext=u:object_r:toolbox_exec:s0 tclass=file permissive=1
06-10 12:45:13.577 I/init.genymotion(  176): type=1400 audit(0.0:30): avc: denied { execute_no_trans } for path="/system/bin/toolbox" dev="vda6" ino=1051 scontext=u:r:vbox86-setup:s0 tcontext=u:object_r:toolbox_exec:s0 tclass=file permissive=1
06-10 12:45:13.595 D/vndksupport(  173): Loading /vendor/lib/hw/android.hardware.keymaster@3.0-impl.so from current namespace instead of sphal namespace.
06-10 12:45:13.602 I/android.hardware.keymaster@3.0-impl(  173): Fetching keymaster device name default
06-10 12:45:13.603 I/android.hardware.keymaster@3.0-impl(  173): Could not find any keystore module, using software-only implementation.
06-10 12:45:13.603 I/ServiceManagement(  173): Removing namespace from process name android.hardware.keymaster@3.0-service to keymaster@3.0-service.
06-10 12:45:13.604 I/android.hardware.keymaster@3.0-service(  173): Registration complete for android.hardware.keymaster@3.0::IKeymasterDevice/default.
06-10 12:45:13.605 I/setprop (  179): type=1400 audit(0.0:31): avc: denied { write } for name="property_service" dev="tmpfs" ino=1118 scontext=u:r:vbox86-setup:s0 tcontext=u:object_r:property_socket:s0 tclass=sock_file permissive=1
--------- beginning of system
06-10 12:45:13.615 I/vold    (  174): Vold 3.0 (the awakening) firing up
06-10 12:45:13.615 V/vold    (  174): Detected support for: ext4 vfat
06-10 12:45:13.618 W/vold    (  174): Failed to LOOP_GET_STATUS64 /dev/block/loop7: No such device or address
06-10 12:45:13.618 W/vold    (  174): Failed to LOOP_GET_STATUS64 /dev/block/loop1: No such device or address
06-10 12:45:13.618 W/vold    (  174): Failed to LOOP_GET_STATUS64 /dev/block/loop4: No such device or address
06-10 12:45:13.618 W/vold    (  174): Failed to LOOP_GET_STATUS64 /dev/block/loop5: No such device or address
06-10 12:45:13.618 W/vold    (  174): Failed to LOOP_GET_STATUS64 /dev/block/loop3: No such device or address
06-10 12:45:13.618 W/vold    (  174): Failed to LOOP_GET_STATUS64 /dev/block/loop2: No such device or address
06-10 12:45:13.618 W/vold    (  174): Failed to LOOP_GET_STATUS64 /dev/block/loop6: No such device or address
06-10 12:45:13.618 W/vold    (  174): Failed to LOOP_GET_STATUS64 /dev/block/loop0: No such device or address
06-10 12:45:13.619 I/vold    (  174): [libfs_mgr]fs_mgr_read_fstab_dt(): failed to read fstab from dt
06-10 12:45:13.620 D/vold    (  174): VoldNativeService::start() completed OK
06-10 12:45:13.621 I/ueventd (  133): type=1400 audit(0.0:32): avc: denied { read } for name="vda" dev="tmpfs" ino=2075 scontext=u:r:ueventd:s0 tcontext=u:object_r:block_device:s0 tclass=blk_file permissive=1
06-10 12:45:13.630 I/vold    (  174): e4crypt_initialize_global_de
06-10 12:45:13.630 D/vold    (  174): Key exists, using: /data/unencrypted/key
06-10 12:45:13.633 W/hwservicemanager(  162): getTransport: Cannot find entry android.hardware.keymaster@4.0::IKeymasterDevice/default in either framework or device manifest.
06-10 12:45:13.635 I/vold    (  174): List of Keymaster HALs found:
06-10 12:45:13.635 I/vold    (  174): Keymaster HAL #1: SoftwareKeymasterDevice from Google SecurityLevel: SOFTWARE HAL: android.hardware.keymaster@3.0::IKeymasterDevice/default
06-10 12:45:13.635 I/vold    (  174): Using SoftwareKeymasterDevice from Google for encryption.  Security level: SOFTWARE, HAL: android.hardware.keymaster@3.0::IKeymasterDevice/default
06-10 12:45:13.638 D/vold    (  174): Added key 125790755 (ext4:bb4fd240efcc9d5a) to keyring 360442136 in process 174
06-10 12:45:13.638 D/vold    (  174): Added key 178458458 (f2fs:bb4fd240efcc9d5a) to keyring 360442136 in process 174
06-10 12:45:13.638 D/vold    (  174): Added key 390028238 (fscrypt:bb4fd240efcc9d5a) to keyring 360442136 in process 174
06-10 12:45:13.638 I/vold    (  174): Wrote system DE key reference to:/data/unencrypted/ref
06-10 12:45:13.696 D/vold    (  174): e4crypt_init_user0
06-10 12:45:13.696 D/vold    (  174): Preparing: /data/misc/vold/user_keys
06-10 12:45:13.697 D/vold    (  174): Preparing: /data/misc/vold/user_keys/ce
06-10 12:45:13.698 D/vold    (  174): Preparing: /data/misc/vold/user_keys/de
06-10 12:45:13.707 W/hwservicemanager(  162): getTransport: Cannot find entry android.hardware.keymaster@4.0::IKeymasterDevice/default in either framework or device manifest.
06-10 12:45:13.709 I/vold    (  174): List of Keymaster HALs found:
06-10 12:45:13.709 I/vold    (  174): Keymaster HAL #1: SoftwareKeymasterDevice from Google SecurityLevel: SOFTWARE HAL: android.hardware.keymaster@3.0::IKeymasterDevice/default
06-10 12:45:13.709 I/vold    (  174): Using SoftwareKeymasterDevice from Google for encryption.  Security level: SOFTWARE, HAL: android.hardware.keymaster@3.0::IKeymasterDevice/default
06-10 12:45:13.711 D/vold    (  174): Added key 232316332 (ext4:bc5d12dc89edea55) to keyring 360442136 in process 174
06-10 12:45:13.711 D/vold    (  174): Added key 83384472 (f2fs:bc5d12dc89edea55) to keyring 360442136 in process 174
06-10 12:45:13.711 D/vold    (  174): Added key 1034697910 (fscrypt:bc5d12dc89edea55) to keyring 360442136 in process 174
06-10 12:45:13.711 D/vold    (  174): Installed de key for user 0
06-10 12:45:13.711 D/vold    (  174): Skipping non-de-key ..
06-10 12:45:13.711 D/vold    (  174): Skipping non-de-key .
06-10 12:45:13.711 D/vold    (  174): e4crypt_prepare_user_storage for volume null, user 0, serial 0, flags 1
06-10 12:45:13.711 D/vold    (  174): Preparing: /data/system/users/0
06-10 12:45:13.712 D/vold    (  174): Preparing: /data/misc/profiles/cur/0
06-10 12:45:13.712 D/vold    (  174): Preparing: /data/system_de/0
06-10 12:45:13.713 D/vold    (  174): Preparing: /data/misc_de/0
06-10 12:45:13.713 D/vold    (  174): Preparing: /data/vendor_de/0
06-10 12:45:13.713 D/vold    (  174): Preparing: /data/user_de/0
06-10 12:45:13.715 I/vold    (  174): Found policy bc5d12dc89edea55 at /data/system_de/0 which matches expected value
06-10 12:45:13.716 I/vold    (  174): Found policy bc5d12dc89edea55 at /data/misc_de/0 which matches expected value
06-10 12:45:13.717 I/vold    (  174): Found policy bc5d12dc89edea55 at /data/vendor_de/0 which matches expected value
06-10 12:45:13.718 I/vold    (  174): Found policy bc5d12dc89edea55 at /data/user_de/0 which matches expected value
06-10 12:45:13.718 V/vold    (  174): /system/bin/vold_prepare_subdirs
06-10 12:45:13.718 V/vold    (  174):     prepare
06-10 12:45:13.718 V/vold    (  174):     
06-10 12:45:13.718 V/vold    (  174):     0
06-10 12:45:13.718 V/vold    (  174):     1
06-10 12:45:13.728 I/vold_prepare_subdirs(  174): SELinux: Loaded file_contexts
06-10 12:45:13.729 D/vold_prepare_subdirs(  212): Setting up mode 700 uid 0 gid 0 context u:object_r:vold_data_file:s0 on path: /data/misc_de/0/vold
06-10 12:45:13.730 D/vold_prepare_subdirs(  212): Setting up mode 700 uid 0 gid 0 context u:object_r:storaged_data_file:s0 on path: /data/misc_de/0/storaged
06-10 12:45:13.730 D/vold_prepare_subdirs(  212): Setting up mode 700 uid 1000 gid 1000 context u:object_r:fingerprint_vendor_data_file:s0 on path: /data/vendor_de/0/fpdata
06-10 12:45:13.740 I//system/bin/tzdatacheck(  214): timezone distro dir /data/misc/zoneinfo/current does not exist. No action required.
06-10 12:45:13.803 I/installd(  224): installd firing up
06-10 12:45:13.817 I//system/bin/tombstoned(  240): tombstoned successfully initialized
06-10 12:45:13.821 W/hwservicemanager(  162): getTransport: Cannot find entry android.hardware.usb.gadget@1.0::IUsbGadget/default in either framework or device manifest.
06-10 12:45:13.822 I/usbd    (  241): Usb HAL not found
06-10 12:45:13.892 W/hwservicemanager(  162): getTransport: Cannot find entry android.hardware.keymaster@4.0::IKeymasterDevice/default in either framework or device manifest.
06-10 12:45:13.894 I/keystore(  225): found android.hardware.keymaster@3.0::IKeymasterDevice with interface name default and seclevel SOFTWARE
06-10 12:45:13.894 W/keystore(  225): No secure Keymaster implementation found, but device offers insecure Keymaster HAL. Using as default.
06-10 12:45:13.899 I/wificond(  233): wificond is starting up...
06-10 12:45:13.906 I/gatekeeperd(  238): Starting gatekeeperd...
06-10 12:45:13.910 W/hwservicemanager(  162): getTransport: Cannot find entry android.hardware.gatekeeper@1.0::IGatekeeper/default in either framework or device manifest.
06-10 12:45:13.911 W/gatekeeperd(  238): falling back to software GateKeeper
06-10 12:45:13.913 W/statsd  (  231): statscompanion service unavailable!
06-10 12:45:13.913 I/statsd  (  231): using statsd socket
06-10 12:45:13.914 I/Netd    (  230): Netd 1.0 starting
06-10 12:45:13.918 I/mediaserver(  226): ServiceManager: 0xefb1a720
06-10 12:45:13.918 D/TetherController(  230): Setting IP forward enable = 0
06-10 12:45:13.934 I/mediametrics(  228): ServiceManager: 0xeb91a6e0
06-10 12:45:13.935 D/MediaAnalyticsService(  228): MediaAnalyticsService created
06-10 12:45:13.945 I/Netd    (  230): Creating child chains: 23.8ms
06-10 12:45:13.945 I/Netd    (  230): Setting up OEM hooks: 0.1ms
06-10 12:45:13.949 I/Netd    (  230): Setting up FirewallController hooks: 3.6ms
06-10 12:45:13.950 I/Netd    (  230): Setting up TetherController hooks: 1.4ms
06-10 12:45:13.952 I/Netd    (  230): Setting up BandwidthController hooks: 1.2ms
06-10 12:45:13.952 I/Netd    (  230): Setting up IdletimerController hooks: 0.0ms
06-10 12:45:13.952 I/Netd    (  230): initializing traffic control: 0.0ms
06-10 12:45:13.958 I/Netd    (  230): Disabling bandwidth control: 6.4ms
06-10 12:45:13.963 E/Netd    (  230): cannot find interface dummy0
06-10 12:45:13.963 I/Netd    (  230): Initializing RouteController: 5.0ms
06-10 12:45:13.963 D/XfrmController(  230): Sending Netlink XFRM Message: XFRM_MSG_FLUSHSA
06-10 12:45:13.963 E/XfrmController(  230): netlink response contains error (Status[code: 95, msg: "[Operation not supported on transport endpoint] : Error netlink message"])
06-10 12:45:13.963 E/Netd    (  230): Failed to initialize XfrmController (Status[code: 95, msg: "[Operation not supported on transport endpoint] : Error netlink message"])
06-10 12:45:13.963 I/Netd    (  230): Initializing XfrmController: 0.2ms
06-10 12:45:13.964 E/Netd    (  230): Unable to create netlink socket: Protocol not supported
06-10 12:45:13.964 W/Netd    (  230): Unable to open qlog quota socket, check if xt_quota2 can send via UeventHandler
06-10 12:45:13.964 D/MDnsDS  (  230): MDnsSdListener::Hander starting up
06-10 12:45:13.965 I/Netd    (  230): Registering NetdNativeService: 0.5ms
06-10 12:45:13.965 I/Netd    (  230): Starting CommandListener: 0.1ms
06-10 12:45:13.966 I/Netd    (  230): Registering NetdHwService: 1.0ms
06-10 12:45:13.966 I/Netd    (  230): Netd started in 52ms
06-10 12:45:13.967 D/MDnsDS  (  230): MDnsSdListener starting to monitor
06-10 12:45:13.967 D/MDnsDS  (  230): Going to poll with pollCount 1
06-10 12:45:13.973 I/media.codec(  234): mediacodecservice starting
06-10 12:45:13.982 W/media.codec(  234): Could not read additional policy file '/vendor/etc/seccomp_policy/mediacodec.policy'
06-10 12:45:13.982 W/android.hardware.media.omx@1.0-service(  234): libminijail[234]: failed to get path of fd 4: No such file or directory
06-10 12:45:13.982 W/android.hardware.media.omx@1.0-service(  234): libminijail[234]: allowing syscall: socketcall
06-10 12:45:13.982 W/android.hardware.media.omx@1.0-service(  234): libminijail[234]: allowing syscall: writev
06-10 12:45:13.982 W/android.hardware.media.omx@1.0-service(  234): libminijail[234]: allowing syscall: fcntl64
06-10 12:45:13.982 W/android.hardware.media.omx@1.0-service(  234): libminijail[234]: allowing syscall: clock_gettime
06-10 12:45:13.983 W/android.hardware.media.omx@1.0-service(  234): libminijail[234]: logging seccomp filter failures
06-10 12:45:13.985 W/MediaCodecsXmlParser(  234): unable to open media codecs configuration xml file: /data/misc/media/media_codecs_profiling_results.xml
06-10 12:45:13.985 W/MediaCodecsXmlParser(  234): parseTopLevelXMLFile(/data/misc/media/media_codecs_profiling_results.xml) failed
06-10 12:45:13.985 E/MediaCodecsXmlParser(  234): Cannot find the role for a decoder of type audio/x-ape
06-10 12:45:13.985 E/MediaCodecsXmlParser(  234): Cannot find the role for a decoder of type audio/ffmpeg
06-10 12:45:13.985 E/MediaCodecsXmlParser(  234): Cannot find the role for a decoder of type video/divx
06-10 12:45:13.985 E/MediaCodecsXmlParser(  234): Cannot find the role for a decoder of type audio/vnd.dts
06-10 12:45:13.985 E/MediaCodecsXmlParser(  234): Cannot find the role for a decoder of type video/x-flv
06-10 12:45:13.985 E/MediaCodecsXmlParser(  234): Cannot find the role for a decoder of type audio/vnd.rn-realaudio
06-10 12:45:13.985 E/MediaCodecsXmlParser(  234): Cannot find the role for a decoder of type video/vnd.rn-realvideo
06-10 12:45:13.985 E/MediaCodecsXmlParser(  234): Cannot find the role for a decoder of type video/vc1
06-10 12:45:13.985 E/MediaCodecsXmlParser(  234): Cannot find the role for a decoder of type video/ffmpeg
06-10 12:45:13.985 E/MediaCodecsXmlParser(  234): Cannot find the role for a decoder of type audio/x-ms-wma
06-10 12:45:13.985 E/MediaCodecsXmlParser(  234): Cannot find the role for a decoder of type video/x-ms-wmv
06-10 12:45:13.985 I/ServiceManagement(  234): Removing namespace from process name android.hardware.media.omx@1.0-service to omx@1.0-service.
06-10 12:45:13.986 D/vndksupport(  234): Loading libstagefrighthw.so from current namespace instead of sphal namespace.
06-10 12:45:13.987 W/MediaCodecsXmlParser(  234): unable to open media codecs configuration xml file: /data/misc/media/media_codecs_profiling_results.xml
06-10 12:45:13.987 W/MediaCodecsXmlParser(  234): parseTopLevelXMLFile(/data/misc/media/media_codecs_profiling_results.xml) failed
06-10 12:45:13.987 I/ServiceManagement(  234): Removing namespace from process name android.hardware.media.omx@1.0-service to omx@1.0-service.
06-10 12:45:13.987 I/media.codec(  234): IOmx HAL service created.
06-10 12:45:13.999 D/DHCP    (  275): ===== DHCP message:
06-10 12:45:13.999 D/DHCP    (  275): op = BOOTREQUEST (1), htype = 1, hlen = 6, hops = 0
06-10 12:45:13.999 D/DHCP    (  275): xid = 0xe50f0000 secs = 0, flags = 0x8000 optlen = 14
06-10 12:45:13.999 D/DHCP    (  275): ciaddr = 0.0.0.0
06-10 12:45:13.999 D/DHCP    (  275): yiaddr = 0.0.0.0
06-10 12:45:13.999 D/DHCP    (  275): siaddr = 0.0.0.0
06-10 12:45:13.999 D/DHCP    (  275): giaddr = 0.0.0.0
06-10 12:45:13.999 D/DHCP    (  275): chaddr = { 52  54  00  12  34  56 }
06-10 12:45:13.999 D/DHCP    (  275): sname = ''
06-10 12:45:13.999 D/DHCP    (  275): file = ''
06-10 12:45:13.999 D/DHCP    (  275): op 53 len 1 { 01 } discover
06-10 12:45:13.999 D/DHCP    (  275): op 55 len 4 { 01  03  06  1c } 
06-10 12:45:13.999 D/DHCP    (  275): ===== DHCP message:
06-10 12:45:13.999 D/DHCP    (  275): op = BOOTREPLY (2), htype = 1, hlen = 6, hops = 0
06-10 12:45:13.999 D/DHCP    (  275): xid = 0xe50f0000 secs = 0, flags = 0x0000 optlen = 312
06-10 12:45:13.999 D/DHCP    (  275): ciaddr = 0.0.0.0
06-10 12:45:13.999 D/DHCP    (  275): yiaddr = 10.0.2.15
06-10 12:45:13.999 D/DHCP    (  275): siaddr = 10.0.2.2
06-10 12:45:13.999 D/DHCP    (  275): giaddr = 0.0.0.0
06-10 12:45:13.999 D/DHCP    (  275): chaddr = { 52  54  00  12  34  56 }
06-10 12:45:13.999 D/DHCP    (  275): sname = ''
06-10 12:45:13.999 D/DHCP    (  275): file = ''
06-10 12:45:13.999 D/DHCP    (  275): op 53 len 1 { 02 } offer
06-10 12:45:13.999 D/DHCP    (  275): op 54 len 4 { 0a  00  02  02 } 
06-10 12:45:13.999 D/DHCP    (  275): op 1 len 4 { ff  ff  ff  00 } 
06-10 12:45:13.999 D/DHCP    (  275): op 3 len 4 { 0a  00  02  02 } 
06-10 12:45:13.999 D/DHCP    (  275): op 6 len 4 { 0a  00  02  03 } 
06-10 12:45:13.999 D/DHCP    (  275): op 51 len 4 { 00  01  51  80 } 
06-10 12:45:13.999 D/DHCP    (  275): --- dhcp offer (2) ---
06-10 12:45:13.999 D/DHCP    (  275): ip 10.0.2.15 gw 10.0.2.2 prefixLength 24
06-10 12:45:13.999 D/DHCP    (  275): dns1: 10.0.2.3
06-10 12:45:13.999 D/DHCP    (  275): server 10.0.2.2, lease 86400 seconds
06-10 12:45:13.999 D/DHCP    (  275): ===== DHCP message:
06-10 12:45:13.999 D/DHCP    (  275): op = BOOTREQUEST (1), htype = 1, hlen = 6, hops = 0
06-10 12:45:13.999 D/DHCP    (  275): xid = 0xe60f0000 secs = 0, flags = 0x8000 optlen = 26
06-10 12:45:13.999 D/DHCP    (  275): ciaddr = 0.0.0.0
06-10 12:45:13.999 D/DHCP    (  275): yiaddr = 0.0.0.0
06-10 12:45:13.999 D/DHCP    (  275): siaddr = 0.0.0.0
06-10 12:45:13.999 D/DHCP    (  275): giaddr = 0.0.0.0
06-10 12:45:13.999 D/DHCP    (  275): chaddr = { 52  54  00  12  34  56 }
06-10 12:45:13.999 D/DHCP    (  275): sname = ''
06-10 12:45:13.999 D/DHCP    (  275): file = ''
06-10 12:45:13.999 D/DHCP    (  275): op 53 len 1 { 03 } request
06-10 12:45:13.999 D/DHCP    (  275): op 55 len 4 { 01  03  06  1c } 
06-10 12:45:14.000 D/DHCP    (  275): op 50 len 4 { 0a  00  02  0f } 
06-10 12:45:14.000 D/DHCP    (  275): op 54 len 4 { 0a  00  02  02 } 
06-10 12:45:14.000 D/DHCP    (  275): ===== DHCP message:
06-10 12:45:14.000 D/DHCP    (  275): op = BOOTREPLY (2), htype = 1, hlen = 6, hops = 0
06-10 12:45:14.000 D/DHCP    (  275): xid = 0xe60f0000 secs = 0, flags = 0x0000 optlen = 312
06-10 12:45:14.000 D/DHCP    (  275): ciaddr = 0.0.0.0
06-10 12:45:14.000 D/DHCP    (  275): yiaddr = 10.0.2.15
06-10 12:45:14.000 D/DHCP    (  275): siaddr = 10.0.2.2
06-10 12:45:14.000 D/DHCP    (  275): giaddr = 0.0.0.0
06-10 12:45:14.000 D/DHCP    (  275): chaddr = { 52  54  00  12  34  56 }
06-10 12:45:14.000 D/DHCP    (  275): sname = ''
06-10 12:45:14.000 D/DHCP    (  275): file = ''
06-10 12:45:14.000 D/DHCP    (  275): op 53 len 1 { 05 } ack
06-10 12:45:14.000 I/storaged(  232): storaged: Start
06-10 12:45:14.000 D/DHCP    (  275): op 54 len 4 { 0a  00  02  02 } 
06-10 12:45:14.000 D/DHCP    (  275): op 1 len 4 { ff  ff  ff  00 } 
06-10 12:45:14.000 D/DHCP    (  275): op 3 len 4 { 0a  00  02  02 } 
06-10 12:45:14.000 D/DHCP    (  275): op 6 len 4 { 0a  00  02  03 } 
06-10 12:45:14.000 D/DHCP    (  275): op 51 len 4 { 00  01  51  80 } 
06-10 12:45:14.000 D/DHCP    (  275): --- dhcp ack (5) ---
06-10 12:45:14.000 D/DHCP    (  275): ip 10.0.2.15 gw 10.0.2.2 prefixLength 24
06-10 12:45:14.000 D/DHCP    (  275): dns1: 10.0.2.3
06-10 12:45:14.000 D/DHCP    (  275): server 10.0.2.2, lease 86400 seconds
06-10 12:45:14.000 D/DHCP    (  275): configuring eth0
06-10 12:45:14.002 I/mediaserver(  229): ServiceManager: 0xf009ab60
06-10 12:45:14.005 W/BatteryNotifier(  229): batterystats service unavailable!
06-10 12:45:14.009 I/cameraserver(  221): ServiceManager: 0xe9c9a700
06-10 12:45:14.009 I/CameraService(  221): CameraService started (pid=221)
06-10 12:45:14.009 I/CameraService(  221): CameraService process starting
06-10 12:45:14.009 W/BatteryNotifier(  221): batterystats service unavailable!
06-10 12:45:14.009 W/BatteryNotifier(  221): batterystats service unavailable!
06-10 12:45:14.010 V/MediaUtils(  227): physMem: 4294967295
06-10 12:45:14.010 V/MediaUtils(  227): requested limit: 858993440
06-10 12:45:14.010 V/MediaUtils(  227): cfi shadow size: 32768
06-10 12:45:14.010 V/MediaUtils(  227): actual limit: 859026208
06-10 12:45:14.010 V/MediaUtils(  227): original limits: 4294967295/4294967295
06-10 12:45:14.010 V/MediaUtils(  227): new limits: 859026208/4294967295
06-10 12:45:14.010 D/vndksupport(  227): Loading libutils.so from current namespace instead of sphal namespace.
06-10 12:45:14.011 W//system/bin/mediaextractor(  227): Could not read additional policy file '/vendor/etc/seccomp_policy/mediaextractor.policy'
06-10 12:45:14.011 W/mediaextractor(  227): libminijail[227]: failed to get path of fd 4: No such file or directory
06-10 12:45:14.011 W/mediaextractor(  227): libminijail[227]: allowing syscall: socketcall
06-10 12:45:14.011 W/mediaextractor(  227): libminijail[227]: allowing syscall: writev
06-10 12:45:14.011 W/mediaextractor(  227): libminijail[227]: allowing syscall: fcntl64
06-10 12:45:14.011 W/mediaextractor(  227): libminijail[227]: allowing syscall: clock_gettime
06-10 12:45:14.011 I/ServiceManagement(  221): getService: Trying again for android.hardware.camera.provider@2.4::ICameraProvider/legacy/0...
06-10 12:45:14.011 W/mediaextractor(  227): libminijail[227]: logging seccomp filter failures
06-10 12:45:14.035 D/AndroidRuntime(  220): >>>>>> START com.android.internal.os.ZygoteInit uid 0 <<<<<<
06-10 12:45:14.050 I/zygote  (  220): option[0]=-Xzygote
06-10 12:45:14.050 I/zygote  (  220): option[1]=-Xusetombstonedtraces
06-10 12:45:14.050 I/zygote  (  220): option[2]=exit
06-10 12:45:14.050 I/zygote  (  220): option[3]=vfprintf
06-10 12:45:14.050 I/zygote  (  220): option[4]=sensitiveThread
06-10 12:45:14.050 I/zygote  (  220): option[5]=-verbose:gc
06-10 12:45:14.050 I/zygote  (  220): option[6]=-Xms8m
06-10 12:45:14.050 I/zygote  (  220): option[7]=-Xmx256m
06-10 12:45:14.050 I/zygote  (  220): option[8]=-XX:HeapGrowthLimit=96m
06-10 12:45:14.051 I/zygote  (  220): option[9]=-XX:HeapMinFree=512k
06-10 12:45:14.051 I/zygote  (  220): option[10]=-XX:HeapMaxFree=8m
06-10 12:45:14.051 I/zygote  (  220): option[11]=-XX:HeapTargetUtilization=0.75
06-10 12:45:14.051 I/zygote  (  220): option[12]=-Xusejit:true
06-10 12:45:14.051 I/zygote  (  220): option[13]=-Xjitsaveprofilinginfo
06-10 12:45:14.051 I/zygote  (  220): option[14]=-XjdwpOptions:suspend=n,server=y
06-10 12:45:14.051 I/zygote  (  220): option[15]=-XjdwpProvider:default
06-10 12:45:14.051 I/zygote  (  220): option[16]=-Xlockprofthreshold:500
06-10 12:45:14.051 I/zygote  (  220): option[17]=-Ximage-compiler-option
06-10 12:45:14.051 I/zygote  (  220): option[18]=--runtime-arg
06-10 12:45:14.051 I/zygote  (  220): option[19]=-Ximage-compiler-option
06-10 12:45:14.051 I/zygote  (  220): option[20]=-Xms64m
06-10 12:45:14.051 I/zygote  (  220): option[21]=-Ximage-compiler-option
06-10 12:45:14.051 I/zygote  (  220): option[22]=--runtime-arg
06-10 12:45:14.051 I/zygote  (  220): option[23]=-Ximage-compiler-option
06-10 12:45:14.051 I/zygote  (  220): option[24]=-Xmx64m
06-10 12:45:14.051 I/zygote  (  220): option[25]=-Ximage-compiler-option
06-10 12:45:14.051 I/zygote  (  220): option[26]=--profile-file=/system/etc/boot-image.prof
06-10 12:45:14.051 I/zygote  (  220): option[27]=-Ximage-compiler-option
06-10 12:45:14.051 I/zygote  (  220): option[28]=--compiler-filter=speed-profile
06-10 12:45:14.051 I/zygote  (  220): option[29]=-Xcompiler-option
06-10 12:45:14.051 I/zygote  (  220): option[30]=--runtime-arg
06-10 12:45:14.051 I/zygote  (  220): option[31]=-Xcompiler-option
06-10 12:45:14.051 I/zygote  (  220): option[32]=-Xms64m
06-10 12:45:14.051 I/zygote  (  220): option[33]=-Xcompiler-option
06-10 12:45:14.051 I/zygote  (  220): option[34]=--runtime-arg
06-10 12:45:14.051 I/zygote  (  220): option[35]=-Xcompiler-option
06-10 12:45:14.051 I/zygote  (  220): option[36]=-Xmx512m
06-10 12:45:14.051 I/zygote  (  220): option[37]=-Ximage-compiler-option
06-10 12:45:14.051 I/zygote  (  220): option[38]=--instruction-set-variant=x86
06-10 12:45:14.051 I/zygote  (  220): option[39]=-Xcompiler-option
06-10 12:45:14.051 I/zygote  (  220): option[40]=--instruction-set-variant=x86
06-10 12:45:14.051 I/zygote  (  220): option[41]=-Ximage-compiler-option
06-10 12:45:14.051 I/zygote  (  220): option[42]=--instruction-set-features=default
06-10 12:45:14.051 I/zygote  (  220): option[43]=-Xcompiler-option
06-10 12:45:14.051 I/zygote  (  220): option[44]=--instruction-set-features=default
06-10 12:45:14.051 I/zygote  (  220): option[45]=-Duser.locale=en-US
06-10 12:45:14.051 I/zygote  (  220): option[46]=-XX:NativeBridge=libhoudini.so
06-10 12:45:14.051 I/zygote  (  220): option[47]=--cpu-abilist=x86,armeabi-v7a,armeabi
06-10 12:45:14.057 W/zygote  (  220): Could not reserve sentinel fault page
06-10 12:45:14.075 I/zygote  (  220): VerifyImage: /system/bin/patchoat --input-image-location=/system/framework/boot.art --output-image-directory=/data/dalvik-cache/x86 --instruction-set=x86 --verify
06-10 12:45:14.290 E/hostapd (  369): Configuration file: /vendor/etc/simulated_hostapd.conf
06-10 12:45:14.292 I/hostapd (  369): rfkill: Cannot get wiphy information
06-10 12:45:14.293 E/hostapd (  369): Using interface wlan1 with hwaddr 02:00:00:00:01:00 and ssid "AndroidWifi"
06-10 12:45:14.293 I/hostapd (  369): wlan1: interface state UNINITIALIZED->ENABLED
06-10 12:45:14.293 I/hostapd (  369): wlan1: AP-ENABLED 
06-10 12:45:14.294 I/hostapd (  369): Processing hidl events on FD 12
06-10 12:45:14.294 E/SELinux (  162): avc:  denied  { add } for interface=android.hardware.wifi.hostapd::IHostapd sid=u:r:execns:s0 pid=369 scontext=u:r:execns:s0 tcontext=u:object_r:hal_wifi_hostapd_hwservice:s0 tclass=hwservice_manager permissive=1
06-10 12:45:14.294 E/SELinux (  162): avc:  denied  { add } for interface=android.hidl.base::IBase sid=u:r:execns:s0 pid=369 scontext=u:r:execns:s0 tcontext=u:object_r:hidl_base_hwservice:s0 tclass=hwservice_manager permissive=1
06-10 12:45:14.633 D/Zygote  (  220): begin preload
06-10 12:45:14.633 I/Zygote  (  220): Installing ICU cache reference pinning...
06-10 12:45:14.633 I/Zygote  (  220): Preloading ICU data...
06-10 12:45:14.662 D/Zygote32Timing(  220): BeginIcuCachePinning took to complete: 30ms
06-10 12:45:14.662 I/Zygote  (  220): Preloading classes...
06-10 12:45:14.676 I/PackageBackwardCompatibility(  220): Loaded android.content.pm.OrgApacheHttpLegacyUpdater
06-10 12:45:14.676 I/PackageBackwardCompatibility(  220): Could not find android.content.pm.AndroidTestBaseUpdater, ignoring
06-10 12:45:14.709 I/init    (  477): type=1400 audit(0.0:245): avc: denied { create } for name="local_opengl" scontext=u:r:init:s0 tcontext=u:object_r:socket_device:s0 tclass=sock_file permissive=1
06-10 12:45:14.709 I/init    (  477): type=1400 audit(0.0:246): avc: denied { setattr } for name="local_opengl" dev="tmpfs" ino=14512 scontext=u:r:init:s0 tcontext=u:object_r:socket_device:s0 tclass=sock_file permissive=1
06-10 12:45:14.713 I/local_opengl(  477): type=1400 audit(0.0:247): avc: denied { write } for name="property_service" dev="tmpfs" ino=1118 scontext=u:r:local_opengl:s0 tcontext=u:object_r:property_socket:s0 tclass=sock_file permissive=1
06-10 12:45:14.713 I/local_opengl(  477): type=1400 audit(0.0:248): avc: denied { connectto } for path="/dev/socket/property_service" scontext=u:r:local_opengl:s0 tcontext=u:r:init:s0 tclass=unix_stream_socket permissive=1
06-10 12:45:14.713 I/local_camera(  480): type=1400 audit(0.0:249): avc: denied { create } for scontext=u:r:local_camera:s0 tcontext=u:r:local_camera:s0 tclass=tcp_socket permissive=1
06-10 12:45:14.715 D/local_opengl(  477): Starting local_opengl
06-10 12:45:15.012 W/ServiceManagement(  221): Waited one second for android.hardware.camera.provider@2.4::ICameraProvider/legacy/0. Waiting another...
06-10 12:45:15.016 E/ActivityRecognitionHardware(  220): activity_recognition HAL is deprecated. class_init is effectively a no-op
06-10 12:45:15.096 I/zygote  (  220): Thread[1,tid=220,Native,Thread*=0xeaddf000,peer=0x13040198,"main"] recursive attempt to load library "/system/lib/libmedia_jni.so"
06-10 12:45:15.097 D/MtpDeviceJNI(  220): register_android_mtp_MtpDevice
06-10 12:45:15.097 I/zygote  (  220): Thread[1,tid=220,Native,Thread*=0xeaddf000,peer=0x13040198,"main"] recursive attempt to load library "/system/lib/libmedia_jni.so"
06-10 12:45:15.097 I/zygote  (  220): Thread[1,tid=220,Native,Thread*=0xeaddf000,peer=0x13040198,"main"] recursive attempt to load library "/system/lib/libmedia_jni.so"
06-10 12:45:15.220 I/Zygote  (  220): ...preloaded 6535 classes in 557ms.
06-10 12:45:15.220 I/zygote  (  220): VMRuntime.preloadDexCaches starting
06-10 12:45:15.249 I/zygote  (  220): VMRuntime.preloadDexCaches strings total=339217 before=12312 after=12312
06-10 12:45:15.249 I/zygote  (  220): VMRuntime.preloadDexCaches types total=31354 before=7821 after=7822
06-10 12:45:15.249 I/zygote  (  220): VMRuntime.preloadDexCaches fields total=140737 before=9178 after=9178
06-10 12:45:15.249 I/zygote  (  220): VMRuntime.preloadDexCaches methods total=247902 before=12780 after=12780
06-10 12:45:15.249 I/zygote  (  220): VMRuntime.preloadDexCaches finished
06-10 12:45:15.249 D/Zygote32Timing(  220): PreloadClasses took to complete: 586ms
06-10 12:45:15.440 I/Zygote  (  220): Preloading resources...
06-10 12:45:15.454 W/Resources(  220): Preloaded drawable resource #0x1080265 (android:drawable/dialog_background_material) that varies with configuration!!
06-10 12:45:15.467 I/Zygote  (  220): ...preloaded 64 resources in 26ms.
06-10 12:45:15.471 I/Zygote  (  220): ...preloaded 41 resources in 3ms.
06-10 12:45:15.471 D/Zygote32Timing(  220): PreloadResources took to complete: 222ms
06-10 12:45:15.471 D/vndksupport(  220): Loading /vendor/lib/hw/android.hardware.graphics.mapper@2.0-impl.so from current namespace instead of sphal namespace.
06-10 12:45:15.473 I/Zygote  (  220): Preloading shared libraries...
06-10 12:45:15.482 I/Zygote  (  220): Uninstalled ICU cache reference pinning...
06-10 12:45:15.482 I/Zygote  (  220): Installed AndroidKeyStoreProvider in 1ms.
06-10 12:45:15.487 I/Zygote  (  220): Warmed up JCA providers in 5ms.
06-10 12:45:15.487 D/Zygote  (  220): end preload
06-10 12:45:15.488 D/Zygote32Timing(  220): ZygotePreload took to complete: 855ms
06-10 12:45:15.488 I/zygote  (  220): Waiting for a blocking GC Explicit
06-10 12:45:15.502 I/zygote  (  220): WaitForGcToComplete blocked Explicit on None for 14.284ms
06-10 12:45:15.515 I/zygote  (  220): Explicit concurrent copying GC freed 99(18KB) AllocSpace objects, 0(0B) LOS objects, 49% free, 2MB/4MB, paused 67us total 12.439ms
06-10 12:45:15.526 I/zygote  (  220): Explicit concurrent copying GC freed 1582(94KB) AllocSpace objects, 0(0B) LOS objects, 49% free, 2MB/4MB, paused 68us total 10.588ms
06-10 12:45:15.526 D/Zygote32Timing(  220): PostZygoteInitGC took to complete: 38ms
06-10 12:45:15.526 D/Zygote32Timing(  220): ZygoteInit took to complete: 894ms
06-10 12:45:15.574 I/Zygote  (  220): System server process 486 has been created
06-10 12:45:15.575 I/Zygote  (  486): seccomp disabled by setenforce 0
06-10 12:45:15.575 I/Zygote  (  220): Accepting command socket connections
06-10 12:45:15.598 I/system_server(  486): The ClassLoaderContext is a special shared library.
06-10 12:45:15.613 I/chatty  (  486): uid=1000 system_server identical 2 lines
06-10 12:45:15.615 I/system_server(  486): The ClassLoaderContext is a special shared library.
06-10 12:45:15.647 I/SystemServer(  486): InitBeforeStartServices
06-10 12:45:15.648 I/SystemServer(  486): Entered the Android system server!
06-10 12:45:15.800 E/UsbAlsaJackDetectorJNI(  486): Can't register UsbAlsaJackDetector native methods
06-10 12:45:15.820 D/SystemServerTiming(  486): InitBeforeStartServices took to complete: 172ms
06-10 12:45:15.820 I/SystemServer(  486): StartServices
06-10 12:45:15.820 I/SystemServer(  486): Reading configuration...
06-10 12:45:15.820 I/SystemServer(  486): ReadingSystemConfig
06-10 12:45:15.820 D/SystemServerTiming(  486): ReadingSystemConfig took to complete: 1ms
06-10 12:45:15.820 I/SystemServer(  486): StartInstaller
06-10 12:45:15.821 I/SystemServiceManager(  486): Starting com.android.server.pm.Installer
06-10 12:45:15.823 D/SystemServerInitThreadPool(  486): Started executing ReadingSystemConfig
06-10 12:45:15.824 D/SystemServerTiming(  486): StartInstaller took to complete: 3ms
06-10 12:45:15.824 I/SystemServer(  486): DeviceIdentifiersPolicyService
06-10 12:45:15.824 I/SystemServiceManager(  486): Starting com.android.server.os.DeviceIdentifiersPolicyService
06-10 12:45:15.825 D/SystemServerTiming(  486): DeviceIdentifiersPolicyService took to complete: 1ms
06-10 12:45:15.825 I/SystemServer(  486): StartActivityManager
06-10 12:45:15.825 I/SystemServiceManager(  486): Starting com.android.server.am.ActivityManagerService$Lifecycle
06-10 12:45:15.831 W/SystemConfig(  486): Tag allow-ignore-location-settings is unknown or not allowed in /system/etc/sysconfig
06-10 12:45:15.831 W/SystemConfig(  486): Tag allow-association is unknown or not allowed in /system/etc/sysconfig
06-10 12:45:15.831 I/chatty  (  486): uid=1000 system-server-i identical 6 lines
06-10 12:45:15.831 W/SystemConfig(  486): Tag allow-association is unknown or not allowed in /system/etc/sysconfig
06-10 12:45:15.831 W/SystemConfig(  486): Tag app-data-isolation-whitelisted-app is unknown or not allowed in /system/etc/sysconfig
06-10 12:45:15.831 W/SystemConfig(  486): Tag rollback-whitelisted-app is unknown or not allowed in /system/etc/sysconfig
06-10 12:45:15.847 I/ActivityManager(  486): Memory class: 96
06-10 12:45:15.860 D/SystemConfig(  486): Removed unavailable feature android.hardware.bluetooth
06-10 12:45:15.860 D/SystemConfig(  486): Removed unavailable feature android.hardware.sensor.compass
06-10 12:45:15.861 D/SystemServerInitThreadPool(  486): Finished executing ReadingSystemConfig
06-10 12:45:15.864 D/BatteryStatsImpl(  486): Reading daily items from /data/system/batterystats-daily.xml
06-10 12:45:15.871 E/BluetoothAdapter(  486): Bluetooth binder is null
06-10 12:45:15.873 E/BatteryExternalStatsWorker(  486): no controller energy info supplied for telephony
06-10 12:45:15.876 I/KernelUidCpuFreqTimeReader(  486): mPerClusterTimesAvailable=false
06-10 12:45:15.880 W/KernelCpuProcReader(  486): File not exist: /proc/uid_cpupower/time_in_state
06-10 12:45:15.881 W/KernelCpuProcReader(  486): File not exist: /proc/uid_cpupower/concurrent_active_time
06-10 12:45:15.881 W/KernelCpuProcReader(  486): File not exist: /proc/uid_cpupower/concurrent_policy_time
06-10 12:45:15.881 W/KernelMemoryBandwidthStats(  486): No kernel memory bandwidth stats available
06-10 12:45:15.882 W/hwservicemanager(  162): getTransport: Cannot find entry android.hardware.power@1.0::IPower/default in either framework or device manifest.
06-10 12:45:15.883 D/vndksupport(  486): Loading /vendor/lib/hw/android.hardware.power@1.0-impl.so from current namespace instead of sphal namespace.
06-10 12:45:15.889 D/vndksupport(  486): Loading /vendor/lib/hw/power.default.so from current namespace instead of sphal namespace.
06-10 12:45:15.892 I/PowerManagerService-JNI(  486): Loaded power HAL 1.0 service
06-10 12:45:15.911 W/hwservicemanager(  162): getTransport: Cannot find entry android.hardware.memtrack@1.0::IMemtrack/default in either framework or device manifest.
06-10 12:45:15.912 D/vndksupport(  486): Loading /vendor/lib/hw/android.hardware.memtrack@1.0-impl.so from current namespace instead of sphal namespace.
06-10 12:45:15.913 D/vndksupport(  486): Loading /vendor/lib/hw/memtrack.vbox86.so from current namespace instead of sphal namespace.
06-10 12:45:15.920 W/AppOps  (  486): Unknown attribute in 'op' tag: n
06-10 12:45:15.923 I/chatty  (  486): uid=1000 system_server identical 166 lines
06-10 12:45:15.923 W/AppOps  (  486): Unknown attribute in 'op' tag: n
06-10 12:45:15.942 I/IntentFirewall(  486): Read new rules (A:0 B:0 S:0)
06-10 12:45:15.952 W/libprocessgroup(  486): Failed to remove /acct/uid_0/pid_133: Device or resource busy
06-10 12:45:15.952 W/libprocessgroup(  486): Failed to remove /acct/uid_0/pid_174: Device or resource busy
06-10 12:45:15.952 W/libprocessgroup(  486): Failed to remove /acct/uid_0/pid_218: Device or resource busy
06-10 12:45:15.952 W/libprocessgroup(  486): Failed to remove /acct/uid_0/pid_219: Device or resource busy
06-10 12:45:15.952 W/libprocessgroup(  486): Failed to remove /acct/uid_0/pid_220: Device or resource busy
06-10 12:45:15.952 W/libprocessgroup(  486): Failed to remove /acct/uid_0/pid_224: Device or resource busy
06-10 12:45:15.952 W/libprocessgroup(  486): Failed to remove /acct/uid_0/pid_230: Device or resource busy
06-10 12:45:15.952 W/libprocessgroup(  486): Failed to remove /acct/uid_0/pid_232: Device or resource busy
06-10 12:45:15.952 W/libprocessgroup(  486): Failed to remove /acct/uid_0/pid_237: Device or resource busy
06-10 12:45:15.952 W/libprocessgroup(  486): Failed to remove /acct/uid_0/pid_239: Device or resource busy
06-10 12:45:15.952 W/libprocessgroup(  486): Failed to remove /acct/uid_0/pid_242: Device or resource busy
06-10 12:45:15.952 W/libprocessgroup(  486): Failed to remove /acct/uid_0/pid_369: Device or resource busy
06-10 12:45:15.952 W/libprocessgroup(  486): Failed to remove /acct/uid_0/pid_477: Device or resource busy
06-10 12:45:15.952 W/libprocessgroup(  486): Failed to remove /acct/uid_0/pid_479: Device or resource busy
06-10 12:45:15.952 W/libprocessgroup(  486): Failed to remove /acct/uid_0/pid_480: Device or resource busy
06-10 12:45:15.952 W/libprocessgroup(  486): Failed to remove /acct/uid_0/pid_481: Device or resource busy
06-10 12:45:15.952 W/libprocessgroup(  486): Failed to remove /acct/uid_0: Permission denied
06-10 12:45:15.952 W/libprocessgroup(  486): Failed to remove /acct/uid_1000/pid_161: Device or resource busy
06-10 12:45:15.952 W/libprocessgroup(  486): Failed to remove /acct/uid_1000/pid_162: Device or resource busy
06-10 12:45:15.952 W/libprocessgroup(  486): Failed to remove /acct/uid_1000/pid_163: Device or resource busy
06-10 12:45:15.952 W/libprocessgroup(  486): Failed to remove /acct/uid_1000/pid_173: Device or resource busy
06-10 12:45:15.952 W/libprocessgroup(  486): Failed to remove /acct/uid_1000/pid_238: Device or resource busy
06-10 12:45:15.952 W/libprocessgroup(  486): Failed to remove /acct/uid_1000: Permission denied
06-10 12:45:15.953 W/libprocessgroup(  486): Failed to remove /acct/uid_1001/pid_235: Device or resource busy
06-10 12:45:15.953 W/libprocessgroup(  486): Failed to remove /acct/uid_1001: Permission denied
06-10 12:45:15.953 W/libprocessgroup(  486): Failed to remove /acct/uid_1010/pid_233: Device or resource busy
06-10 12:45:15.953 W/libprocessgroup(  486): Failed to remove /acct/uid_1010: Permission denied
06-10 12:45:15.953 W/libprocessgroup(  486): Failed to remove /acct/uid_1013/pid_226: Device or resource busy
06-10 12:45:15.953 W/libprocessgroup(  486): Failed to remove /acct/uid_1013/pid_228: Device or resource busy
06-10 12:45:15.953 W/libprocessgroup(  486): Failed to remove /acct/uid_1013/pid_229: Device or resource busy
06-10 12:45:15.953 W/libprocessgroup(  486): Failed to remove /acct/uid_1013: Permission denied
06-10 12:45:15.953 W/libprocessgroup(  486): Failed to remove /acct/uid_1017/pid_225: Device or resource busy
06-10 12:45:15.953 W/libprocessgroup(  486): Failed to remove /acct/uid_1017: Permission denied
06-10 12:45:15.953 W/libprocessgroup(  486): Failed to remove /acct/uid_1019/pid_222: Device or resource busy
06-10 12:45:15.953 W/libprocessgroup(  486): Failed to remove /acct/uid_1019: Permission denied
06-10 12:45:15.953 W/libprocessgroup(  486): Failed to remove /acct/uid_1020/pid_252: Device or resource busy
06-10 12:45:15.953 W/libprocessgroup(  486): Failed to remove /acct/uid_1020: Permission denied
06-10 12:45:15.953 W/libprocessgroup(  486): Failed to remove /acct/uid_1036/pid_160: Device or resource busy
06-10 12:45:15.953 W/libprocessgroup(  486): Failed to remove /acct/uid_1036: Permission denied
06-10 12:45:15.953 W/libprocessgroup(  486): Failed to remove /acct/uid_1040/pid_227: Device or resource busy
06-10 12:45:15.953 W/libprocessgroup(  486): Failed to remove /acct/uid_1040: Permission denied
06-10 12:45:15.953 W/libprocessgroup(  486): Failed to remove /acct/uid_1046/pid_234: Device or resource busy
06-10 12:45:15.953 W/libprocessgroup(  486): Failed to remove /acct/uid_1046: Permission denied
06-10 12:45:15.953 W/libprocessgroup(  486): Failed to remove /acct/uid_1047/pid_221: Device or resource busy
06-10 12:45:15.953 W/libprocessgroup(  486): Failed to remove /acct/uid_1047: Permission denied
06-10 12:45:15.953 W/libprocessgroup(  486): Failed to remove /acct/uid_1058/pid_240: Device or resource busy
06-10 12:45:15.953 W/libprocessgroup(  486): Failed to remove /acct/uid_1058: Permission denied
06-10 12:45:15.953 W/libprocessgroup(  486): Failed to remove /acct/uid_1066/pid_231: Device or resource busy
06-10 12:45:15.954 W/libprocessgroup(  486): Failed to remove /acct/uid_1066: Permission denied
06-10 12:45:15.954 W/libprocessgroup(  486): Failed to remove /acct/uid_1067/pid_223: Device or resource busy
06-10 12:45:15.954 W/libprocessgroup(  486): Failed to remove /acct/uid_1067: Permission denied
06-10 12:45:15.955 D/AppOps  (  486): AppOpsService published
06-10 12:45:15.955 D/SystemServerTiming(  486): StartActivityManager took to complete: 130ms
06-10 12:45:15.955 I/SystemServer(  486): StartPowerManager
06-10 12:45:15.955 I/SystemServiceManager(  486): Starting com.android.server.power.PowerManagerService
06-10 12:45:15.963 D/SystemServerTiming(  486): StartPowerManager took to complete: 8ms
06-10 12:45:15.963 I/SystemServer(  486): InitPowerManagement
06-10 12:45:15.964 D/SystemServerTiming(  486): InitPowerManagement took to complete: 1ms
06-10 12:45:15.964 I/SystemServer(  486): StartRecoverySystemService
06-10 12:45:15.964 I/SystemServiceManager(  486): Starting com.android.server.RecoverySystemService
06-10 12:45:15.965 D/SystemServerTiming(  486): StartRecoverySystemService took to complete: 2ms
06-10 12:45:15.967 W/RescueParty(  486): Failed to determine if device was on USB
06-10 12:45:15.967 W/RescueParty(  486): java.io.FileNotFoundException: /sys/class/android_usb/android0/state (No such file or directory)
06-10 12:45:15.967 W/RescueParty(  486): 	at java.io.FileInputStream.open0(Native Method)
06-10 12:45:15.967 W/RescueParty(  486): 	at java.io.FileInputStream.open(FileInputStream.java:231)
06-10 12:45:15.967 W/RescueParty(  486): 	at java.io.FileInputStream.<init>(FileInputStream.java:165)
06-10 12:45:15.967 W/RescueParty(  486): 	at android.os.FileUtils.readTextFile(FileUtils.java:514)
06-10 12:45:15.967 W/RescueParty(  486): 	at com.android.server.RescueParty.isUsbActive(RescueParty.java:348)
06-10 12:45:15.967 W/RescueParty(  486): 	at com.android.server.RescueParty.isDisabled(RescueParty.java:88)
06-10 12:45:15.967 W/RescueParty(  486): 	at com.android.server.RescueParty.noteBoot(RescueParty.java:107)
06-10 12:45:15.967 W/RescueParty(  486): 	at com.android.server.SystemServer.startBootstrapServices(SystemServer.java:587)
06-10 12:45:15.967 W/RescueParty(  486): 	at com.android.server.SystemServer.run(SystemServer.java:429)
06-10 12:45:15.967 W/RescueParty(  486): 	at com.android.server.SystemServer.main(SystemServer.java:294)
06-10 12:45:15.967 W/RescueParty(  486): 	at java.lang.reflect.Method.invoke(Native Method)
06-10 12:45:15.967 W/RescueParty(  486): 	at com.android.internal.os.RuntimeInit$MethodAndArgsCaller.run(RuntimeInit.java:493)
06-10 12:45:15.967 W/RescueParty(  486): 	at com.android.internal.os.ZygoteInit.main(ZygoteInit.java:838)
06-10 12:45:15.970 W/RescueParty(  486): Noticed 1 events for UID 0 in last 6 sec
06-10 12:45:15.970 I/SystemServer(  486): StartLightsService
06-10 12:45:15.970 I/SystemServiceManager(  486): Starting com.android.server.lights.LightsService
06-10 12:45:15.972 D/SystemServerTiming(  486): StartLightsService took to complete: 1ms
06-10 12:45:15.972 I/SystemServer(  486): StartSidekickService
06-10 12:45:15.972 D/SystemServerTiming(  486): StartSidekickService took to complete: 0ms
06-10 12:45:15.972 I/SystemServer(  486): StartDisplayManager
06-10 12:45:15.972 I/SystemServiceManager(  486): Starting com.android.server.display.DisplayManagerService
06-10 12:45:15.978 D/SystemServerTiming(  486): StartDisplayManager took to complete: 6ms
06-10 12:45:15.978 I/SystemServer(  486): WaitForDisplay
06-10 12:45:15.978 I/SystemServiceManager(  486): Starting phase 100
06-10 12:45:16.013 W/ServiceManagement(  221): Waited one second for android.hardware.camera.provider@2.4::ICameraProvider/legacy/0. Waiting another...
06-10 12:45:16.882 I/ServiceManager(  486): Waiting for service SurfaceFlinger...
06-10 12:45:17.013 W/ServiceManagement(  221): Waited one second for android.hardware.camera.provider@2.4::ICameraProvider/legacy/0. Waiting another...
06-10 12:45:17.887 I/ServiceManager(  486): Waiting for service SurfaceFlinger...
06-10 12:45:18.013 W/ServiceManagement(  221): Waited one second for android.hardware.camera.provider@2.4::ICameraProvider/legacy/0. Waiting another...
06-10 12:45:18.653 I/local_opengl(  477): type=1400 audit(0.0:300): avc: denied { getopt } for laddr=10.0.2.15 lport=25000 faddr=10.0.2.2 fport=50852 scontext=u:r:local_opengl:s0 tcontext=u:r:local_opengl:s0 tclass=tcp_socket permissive=1
06-10 12:45:18.653 I/local_opengl(  477): type=1400 audit(0.0:301): avc: denied { write } for name="fwmarkd" dev="tmpfs" ino=12464 scontext=u:r:local_opengl:s0 tcontext=u:object_r:fwmarkd_socket:s0 tclass=sock_file permissive=1
06-10 12:45:18.653 I/local_opengl(  477): type=1400 audit(0.0:302): avc: denied { connectto } for path="/dev/socket/fwmarkd" scontext=u:r:local_opengl:s0 tcontext=u:r:netd:s0 tclass=unix_stream_socket permissive=1
06-10 12:45:18.653 I/netd    (  230): type=1400 audit(0.0:303): avc: denied { use } for path="socket:[14525]" dev="sockfs" ino=14525 scontext=u:r:netd:s0 tcontext=u:r:local_opengl:s0 tclass=fd permissive=1
06-10 12:45:18.653 I/netd    (  230): type=1400 audit(0.0:304): avc: denied { read write } for path="socket:[14525]" dev="sockfs" ino=14525 scontext=u:r:netd:s0 tcontext=u:r:local_opengl:s0 tclass=tcp_socket permissive=1
06-10 12:45:18.669 I/ServiceManagement(  515): Removing namespace from process name android.hidl.allocator@1.0-service to allocator@1.0-service.
06-10 12:45:18.705 W/hwservicemanager(  162): getTransport: Cannot find entry android.hardware.memtrack@1.0::IMemtrack/default in either framework or device manifest.
06-10 12:45:18.714 W//vendor/bin/hw/android.hardware.configstore@1.1-service(  519): Could not find seccomp policy file at: /vendor/etc/seccomp_policy/configstore@1.1.policy
06-10 12:45:18.714 I/ServiceManagement(  519): Removing namespace from process name android.hardware.configstore@1.1-service to configstore@1.1-service.
06-10 12:45:18.720 W/hwservicemanager(  162): getTransport: Cannot find entry android.hardware.light@2.0::ILight/default in either framework or device manifest.
