06-10 15:09:58.702 I/ActivityManager(  486): Start proc 838:com.android.phone/1001 for added application com.android.phone
06-10 15:09:58.702 W/ActivityManager(  486): Slow operation: 65ms so far, now at startProcess: starting to update pids map
06-10 15:09:58.702 W/ActivityManager(  486): Slow operation: 65ms so far, now at startProcess: done updating pids map
06-10 15:09:58.702 W/OMXUtils(  229): do not know color format 0x7f000789 = 2130708361
06-10 15:09:58.702 E/OMXNodeInstance(  234): getConfig(0xf0bacd20:google.mpeg4.encoder, ConfigAndroidIntraRefresh(0x6f60000a)) ERROR: Undefined(0x80001001)
06-10 15:09:58.705 W/InputAttributes(  712): No editor info for this field. Bug?
06-10 15:09:58.706 I/OMXClient(  229): IOmx service obtained
06-10 15:09:58.707 I/OMXMaster(  234): makeComponentInstance(OMX.google.vp8.encoder) in omx@1.0-service process
06-10 15:09:58.708 I/Zygote  (  856): seccomp disabled by setenforce 0
06-10 15:09:58.710 W/ndroid.setting(  856): Unexpected CPU variant for X86 using defaults: x86
06-10 15:09:58.712 I/WifiScanningService(  486): wifi driver unloaded
06-10 15:09:58.712 D/ZenLog  (  486): set_zen_mode: off,cleanUpZenRules
06-10 15:09:58.712 W/OMXUtils(  229): do not know color format 0x7f000789 = 2130708361
06-10 15:09:58.712 I/ActivityManager(  486): Start proc 856:com.android.settings/1000 for activity com.android.settings/.FallbackHome
06-10 15:09:58.713 E/OMXNodeInstance(  234): getConfig(0xf0bacd20:google.vp8.encoder, ConfigAndroidIntraRefresh(0x6f60000a)) ERROR: Undefined(0x80001001)
06-10 15:09:58.713 I/WifiScanningService(  486): wifi driver unloaded
06-10 15:09:58.714 D/MediaCodecList(  229): ignored a null builder
06-10 15:09:58.717 I/m.android.phon(  838): The ClassLoaderContext is a special shared library.
06-10 15:09:58.717 I/OMXClient(  486): IOmx service obtained
06-10 15:09:58.717 V/SettingsProvider(  486): Notifying for 0: content://settings/secure/location_providers_allowed
06-10 15:09:58.717 I/OMXMaster(  234): makeComponentInstance(OMX.google.vorbis.decoder) in omx@1.0-service process
06-10 15:09:58.718 V/SettingsProvider(  486): Notifying for 0: content://settings/global/location_global_kill_switch
06-10 15:09:58.719 E/OMXNodeInstance(  234): getConfig(0xf0bacd20:google.vorbis.decoder, ConfigAndroidVendorExtension(0x6f100004)) ERROR: Undefined(0x80001001)
06-10 15:09:58.721 W/AshmemAllocator(  515): ashmem_create_region(32768) returning hidl_memory(0xf329c180, 32768)
06-10 15:09:58.722 I/LatinIME:LogUtils(  712): Dictionary info: dictionary = UserHistoryDictionary.en_US ; version = 1686424198 ; date = ?
06-10 15:09:58.723 I/LatinIME:LogUtils(  712): Dictionary info: dictionary = userunigram.en_US ; version = 1686424198 ; date = ?
06-10 15:09:58.726 E/ActivityThread(  712): Failed to find provider info for user_dictionary
06-10 15:09:58.727 I/m.android.phon(  838): The ClassLoaderContext is a special shared library.
06-10 15:09:58.731 I/ndroid.setting(  856): The ClassLoaderContext is a special shared library.
06-10 15:09:58.735 V/SystemUIService(  730): Starting SystemUI services for user 0.
06-10 15:09:58.739 W/AshmemAllocator(  515): ashmem_create_region(32768) returning hidl_memory(0xf329c180, 32768)
06-10 15:09:58.739 W/AshmemAllocator(  515): ashmem_create_region(32768) returning hidl_memory(0xf329c180, 32768)
06-10 15:09:58.739 I/ndroid.setting(  856): The ClassLoaderContext is a special shared library.
06-10 15:09:58.739 W/AshmemAllocator(  515): ashmem_create_region(32768) returning hidl_memory(0xf329c180, 32768)
06-10 15:09:58.740 I/system_server(  486): The ClassLoaderContext is a special shared library.
06-10 15:09:58.740 W/AshmemAllocator(  515): ashmem_create_region(32768) returning hidl_memory(0xf329c180, 32768)
06-10 15:09:58.743 D/SystemUIBootTiming(  730): StartServicescom.android.systemui.Dependency took to complete: 8ms
06-10 15:09:58.751 D/SystemUIBootTiming(  730): StartServicescom.android.systemui.util.NotificationChannels took to complete: 8ms
06-10 15:09:58.753 D/SystemUIBootTiming(  730): StartServicescom.android.systemui.statusbar.CommandQueue$CommandQueueStart took to complete: 2ms
06-10 15:09:58.751 I/chatty  (  515): uid=1000(system) allocator@1.0-s identical 6 lines
06-10 15:09:58.751 W/AshmemAllocator(  515): ashmem_create_region(32768) returning hidl_memory(0xf329c180, 32768)
06-10 15:09:58.765 I/LatinIME:LogUtils(  712): Dictionary info: dictionary = main:en ; version = 54 ; date = 1414726273
06-10 15:09:58.766 V/MediaRouter(  730): Adding route: RouteInfo{ name=Phone, description=null, status=null, category=RouteCategory{ name=System types=ROUTE_TYPE_LIVE_AUDIO ROUTE_TYPE_LIVE_VIDEO  groupable=false }, supportedTypes=ROUTE_TYPE_LIVE_AUDIO ROUTE_TYPE_LIVE_VIDEO , presentationDisplay=null }
06-10 15:09:58.769 V/MediaRouter(  730): Selecting route: RouteInfo{ name=Phone, description=null, status=null, category=RouteCategory{ name=System types=ROUTE_TYPE_LIVE_AUDIO ROUTE_TYPE_LIVE_VIDEO  groupable=false }, supportedTypes=ROUTE_TYPE_LIVE_AUDIO ROUTE_TYPE_LIVE_VIDEO , presentationDisplay=null }
06-10 15:09:58.770 I/m.android.phon(  838): The ClassLoaderContext is a special shared library.
06-10 15:09:58.774 I/OMXClient(  486): IOmx service obtained
06-10 15:09:58.774 I/OMXMaster(  234): makeComponentInstance(OMX.google.vorbis.decoder) in omx@1.0-service process
06-10 15:09:58.776 E/OMXNodeInstance(  234): getConfig(0xf0bacfc0:google.vorbis.decoder, ConfigAndroidVendorExtension(0x6f100004)) ERROR: Undefined(0x80001001)
06-10 15:09:58.778 W/AshmemAllocator(  515): ashmem_create_region(32768) returning hidl_memory(0xf329c180, 32768)
06-10 15:09:58.781 I/chatty  (  515): uid=1000(system) allocator@1.0-s identical 6 lines
06-10 15:09:58.781 W/AshmemAllocator(  515): ashmem_create_region(32768) returning hidl_memory(0xf329c180, 32768)
06-10 15:09:58.783 D/libEGL  (  856): Emulator has host GPU support, qemu.gles is set to 1.
06-10 15:09:58.786 D/vndksupport(  856): Loading /vendor/lib/egl/libGLES_emulation.so from current namespace instead of sphal namespace.
06-10 15:09:58.788 E/libEGL  (  856): load_driver(/vendor/lib/egl/libGLES_emulation.so): dlopen failed: library "/vendor/lib/egl/libGLES_emulation.so" not found
06-10 15:09:58.788 D/vndksupport(  856): Loading /vendor/lib/egl/libEGL_emulation.so from current namespace instead of sphal namespace.
06-10 15:09:58.791 D/TelephonyProvider(  838): dbh.onOpen: ok, queried table=siminfo
06-10 15:09:58.791 D/TelephonyProvider(  838): dbh.onOpen: ok, queried table=carriers
06-10 15:09:58.793 D/libEGL  (  856): loaded /vendor/lib/egl/libEGL_emulation.so
06-10 15:09:58.794 D/vndksupport(  856): Loading /vendor/lib/egl/libGLESv1_CM_emulation.so from current namespace instead of sphal namespace.
06-10 15:09:58.796 W/SoundPool(  730): Use of stream types is deprecated for operations other than volume control
06-10 15:09:58.796 W/SoundPool(  730): See the documentation of SoundPool() for what to use instead with android.media.AudioAttributes to qualify your playback use case
06-10 15:09:58.797 D/libEGL  (  856): loaded /vendor/lib/egl/libGLESv1_CM_emulation.so
06-10 15:09:58.800 D/SystemUIBootTiming(  730): StartServicescom.android.systemui.keyguard.KeyguardViewMediator took to complete: 48ms
06-10 15:09:58.802 E/BluetoothAdapter(  486): Bluetooth binder is null
06-10 15:09:58.803 D/OpenGLRenderer(  856): Skia GL Pipeline
06-10 15:09:58.803 D/OpenGLRenderer(  730): Skia GL Pipeline
06-10 15:09:58.804 I/Telecom (  486): BluetoothRouteManager: getBluetoothAudioConnectedDevice: no headset service available.
06-10 15:09:58.804 I/OMXClient(  730): IOmx service obtained
06-10 15:09:58.804 I/OMXMaster(  234): makeComponentInstance(OMX.google.vorbis.decoder) in omx@1.0-service process
06-10 15:09:58.805 E/OMXNodeInstance(  234): getConfig(0xf0bacfc0:google.vorbis.decoder, ConfigAndroidVendorExtension(0x6f100004)) ERROR: Undefined(0x80001001)
06-10 15:09:58.808 W/AshmemAllocator(  515): ashmem_create_region(32768) returning hidl_memory(0xf329c180, 32768)
06-10 15:09:58.808 I/Telecom (  486): SystemStateProvider: Registering car mode receiver: android.content.IntentFilter@50481e3: TS.init@AAA
06-10 15:09:58.808 D/vndksupport(  856): Loading /vendor/lib/egl/libGLESv2_emulation.so from current namespace instead of sphal namespace.
06-10 15:09:58.808 D/CarrierIdProvider(  838): onCreate
06-10 15:09:58.810 D/libEGL  (  856): loaded /vendor/lib/egl/libGLESv2_emulation.so
06-10 15:09:58.811 W/AshmemAllocator(  515): ashmem_create_region(32768) returning hidl_memory(0xf329c180, 32768)
06-10 15:09:58.811 I/OMXClient(  486): IOmx service obtained
06-10 15:09:58.811 I/OMXMaster(  234): makeComponentInstance(OMX.google.vorbis.decoder) in omx@1.0-service process
06-10 15:09:58.811 W/AshmemAllocator(  515): ashmem_create_region(32768) returning hidl_memory(0xf329c180, 32768)
06-10 15:09:58.812 W/AshmemAllocator(  515): ashmem_create_region(32768) returning hidl_memory(0xf329c180, 32768)
06-10 15:09:58.812 E/OMXNodeInstance(  234): getConfig(0xf0bac840:google.vorbis.decoder, ConfigAndroidVendorExtension(0x6f100004)) ERROR: Undefined(0x80001001)
06-10 15:09:58.813 W/AshmemAllocator(  515): ashmem_create_region(32768) returning hidl_memory(0xf329c180, 32768)
06-10 15:09:58.816 I/chatty  (  515): uid=1000(system) allocator@1.0-s identical 8 lines
06-10 15:09:58.817 W/AshmemAllocator(  515): ashmem_create_region(32768) returning hidl_memory(0xf329c180, 32768)
06-10 15:09:58.817 D/CarrierIdProvider(  838): update database from pb file
06-10 15:09:58.817 W/AshmemAllocator(  515): ashmem_create_region(32768) returning hidl_memory(0xf329c180, 32768)
06-10 15:09:58.821 I/Telecom (  486): Logging.Events: Non-call EVENT: AUDIO_ROUTE, Entering state QuiescentSpeakerRoute
06-10 15:09:58.821 I/Telecom (  486): BluetoothRouteManager: getBluetoothAudioConnectedDevice: no headset service available.
06-10 15:09:58.822 I/Telecom (  486): CallAudioModeStateMachine: Message received: null.: TS.init->CAMSM.pM_1@AAA
06-10 15:09:58.824 W/ActivityManager(  486): Unable to start service Intent { act=android.intent.action.QUICKSTEP_SERVICE pkg=com.android.launcher3 } U=0: not found
06-10 15:09:58.820 I/chatty  (  515): uid=1000(system) allocator@1.0-s identical 4 lines
06-10 15:09:58.821 W/AshmemAllocator(  515): ashmem_create_region(32768) returning hidl_memory(0xf329c180, 32768)
06-10 15:09:58.824 W/OverviewProxyService(  730): Failed to connect on attempt 1 will try again in 5000ms
06-10 15:09:58.825 I/Telecom (  486): MissedCallNotifierImpl: reloadFromDatabase: Boot not yet complete -- call log db may not be available. Deferring loading until boot complete for user 0: TS.init@AAA
06-10 15:09:58.826 E/BluetoothAdapter(  486): Bluetooth binder is null
06-10 15:09:58.828 E/CarrierIdProvider(  838): read carrier list from ota pb failure: java.io.FileNotFoundException: /data/misc/carrierid/carrier_list.pb (No such file or directory)
06-10 15:09:58.828 D/CarrierIdProvider(  838): latest version: 2 need update: false
06-10 15:09:58.829 D/CarrierProvider(  838): onCreate
06-10 15:09:58.831 I/Telecom (  486): Class: TelecomSystem.INSTANCE being set
06-10 15:09:58.832 E/BluetoothAdapter(  486): Bluetooth binder is null
06-10 15:09:58.832 W/ContextImpl(  486): Calling a method in the system process without a qualified user: android.app.ContextImpl.startService:1531 com.android.server.content.SyncManager$14.run:756 android.os.Handler.handleCallback:873 android.os.Handler.dispatchMessage:99 android.os.Looper.loop:193 
06-10 15:09:58.833 V/SettingsProvider(  486): Notifying for 0: content://settings/global/boot_count
06-10 15:09:58.834 D/installd(  224): Found storage mount /data/media at /mnt/runtime/default/emulated
06-10 15:09:58.836 I/system_server(  486): The ClassLoaderContext is a special shared library.
06-10 15:09:58.838 D/gralloc_ranchu(  522): gralloc_alloc: Creating ashmem region of size 4100096
06-10 15:09:58.838 D/HostConnection(  856): HostConnection::get() New Host Connection established 0xe69850c0, pid 856, tid 907
06-10 15:09:58.842 D/local_opengl(  477): Sending id 7 to host
06-10 15:09:58.842 I/ImsResolver(  838): ImsResolver initialized with static binding.
06-10 15:09:58.844 I/ImsResolver(  838): Initializing cache and binding.
06-10 15:09:58.844 I/OMXClient(  486): IOmx service obtained
06-10 15:09:58.844 I/OMXMaster(  234): makeComponentInstance(OMX.google.vorbis.decoder) in omx@1.0-service process
06-10 15:09:58.845 D/HostConnection(  856): HostComposition ext ANDROID_EMU_host_composition_v1 ANDROID_EMU_host_composition_v2 ANDROID_EMU_async_unmap_buffer ANDROID_EMU_sync_buffer_data GL_OES_EGL_image_external_essl3 GL_OES_vertex_array_object GL_KHR_texture_compression_astc_ldr ANDROID_EMU_host_side_tracing ANDROID_EMU_async_frame_commands ANDROID_EMU_gles_max_version_3_1 
06-10 15:09:58.845 E/        (  856): open_verbose:32: Could not open '/dev/goldfish_pipe': No such file or directory
06-10 15:09:58.845 W/        (  856): Process pipe failed
06-10 15:09:58.846 I/system_server(  486): The ClassLoaderContext is a special shared library.
06-10 15:09:58.846 E/        (  522): open_verbose:32: Could not open '/dev/goldfish_pipe': No such file or directory
06-10 15:09:58.847 E/OMXNodeInstance(  234): getConfig(0xf0bacfc0:google.vorbis.decoder, ConfigAndroidVendorExtension(0x6f100004)) ERROR: Undefined(0x80001001)
06-10 15:09:58.848 I/OMXClient(  730): IOmx service obtained
06-10 15:09:58.848 W/AshmemAllocator(  515): ashmem_create_region(32768) returning hidl_memory(0xf329c180, 32768)
06-10 15:09:58.848 I/OMXMaster(  234): makeComponentInstance(OMX.google.vorbis.decoder) in omx@1.0-service process
06-10 15:09:58.848 I/android_os_HwBinder(  838): HwBinder: Starting thread pool for slot1::android.hardware.radio@1.0::IRadio
06-10 15:09:58.849 W/AshmemAllocator(  515): ashmem_create_region(32768) returning hidl_memory(0xf329c180, 32768)
06-10 15:09:58.849 D/gralloc_ranchu(  522): gralloc_alloc: Creating ashmem region of size 4100096
06-10 15:09:58.849 E/OMXNodeInstance(  234): getConfig(0xf0bac960:google.vorbis.decoder, ConfigAndroidVendorExtension(0x6f100004)) ERROR: Undefined(0x80001001)
06-10 15:09:58.849 W/AshmemAllocator(  515): ashmem_create_region(32768) returning hidl_memory(0xf329c180, 32768)
06-10 15:09:58.855 I/chatty  (  515): uid=1000(system) allocator@1.0-s identical 11 lines
06-10 15:09:58.855 W/AshmemAllocator(  515): ashmem_create_region(32768) returning hidl_memory(0xf329c180, 32768)
06-10 15:09:58.856 I/ConfigStore(  856): android::hardware::configstore::V1_0::ISurfaceFlingerConfigs::hasWideColorDisplay retrieved: 0
06-10 15:09:58.856 I/ConfigStore(  856): android::hardware::configstore::V1_0::ISurfaceFlingerConfigs::hasHDRDisplay retrieved: 0
06-10 15:09:58.856 W/AshmemAllocator(  515): ashmem_create_region(32768) returning hidl_memory(0xf329c180, 32768)
06-10 15:09:58.856 I/OpenGLRenderer(  856): Initialized EGL, version 1.4
06-10 15:09:58.856 D/OpenGLRenderer(  856): Swap behavior 1
06-10 15:09:58.857 W/OpenGLRenderer(  856): Failed to choose config with EGL_SWAP_BEHAVIOR_PRESERVED, retrying without...
06-10 15:09:58.857 D/OpenGLRenderer(  856): Swap behavior 0
06-10 15:09:58.857 E/        (  522): open_verbose:32: Could not open '/dev/goldfish_pipe': No such file or directory
06-10 15:09:58.859 I/android_os_HwBinder(  838): HwBinder: Starting thread pool for slot1::android.hardware.radio.deprecated@1.0::IOemHook
06-10 15:09:58.859 D/gralloc_ranchu(  522): gralloc_alloc: Creating ashmem region of size 4100096
06-10 15:09:58.860 D/EGL_emulation(  856): eglCreateContext: 0xe69851e0: maj 3 min 1 rcv 4
06-10 15:09:58.861 V/WiredAccessoryManager(  486): init()
06-10 15:09:58.864 D/SystemUIBootTiming(  730): StartServicescom.android.systemui.recents.Recents took to complete: 63ms
06-10 15:09:58.868 E/        (  522): open_verbose:32: Could not open '/dev/goldfish_pipe': No such file or directory
06-10 15:09:58.869 I/vol.Events(  730): writeEvent collection_started
06-10 15:09:58.869 W/AshmemAllocator(  515): ashmem_create_region(32768) returning hidl_memory(0xf329c180, 32768)
06-10 15:09:58.869 W/AshmemAllocator(  515): ashmem_create_region(32768) returning hidl_memory(0xf329c180, 32768)
06-10 15:09:58.869 W/system_server(  486): resources.arsc in APK '/data/app/com.apkpure.aegon-cuj8QjHFh_9qsxcunogKew==/base.apk' is compressed.
06-10 15:09:58.870 W/AshmemAllocator(  515): ashmem_create_region(32768) returning hidl_memory(0xf329c180, 32768)
06-10 15:09:58.870 E/        (  856): open_verbose:32: Could not open '/dev/goldfish_pipe': No such file or directory
06-10 15:09:58.871 D/EGL_emulation(  856): eglMakeCurrent: 0xe69851e0: ver 3 1 (tinfo 0xe69835c0) (first time)
06-10 15:09:58.882 I/OMXClient(  486): IOmx service obtained
06-10 15:09:58.882 I/OMXMaster(  234): makeComponentInstance(OMX.google.vorbis.decoder) in omx@1.0-service process
06-10 15:09:58.883 E/OMXNodeInstance(  234): getConfig(0xf0bacfc0:google.vorbis.decoder, ConfigAndroidVendorExtension(0x6f100004)) ERROR: Undefined(0x80001001)
06-10 15:09:58.884 W/AshmemAllocator(  515): ashmem_create_region(32768) returning hidl_memory(0xf329c180, 32768)
06-10 15:09:58.887 I/chatty  (  515): uid=1000(system) allocator@1.0-s identical 5 lines
06-10 15:09:58.887 W/AshmemAllocator(  515): ashmem_create_region(32768) returning hidl_memory(0xf329c180, 32768)
06-10 15:09:58.887 I/vol.Events(  730): writeEvent external_ringer_mode_changed normal
06-10 15:09:58.887 W/AshmemAllocator(  515): ashmem_create_region(32768) returning hidl_memory(0xf329c180, 32768)
06-10 15:09:58.888 I/vol.Events(  730): writeEvent internal_ringer_mode_changed normal
06-10 15:09:58.888 W/AshmemAllocator(  515): ashmem_create_region(32768) returning hidl_memory(0xf329c180, 32768)
06-10 15:09:58.893 D/AccessibilityManagerService(  486): Ignoring non-encryption-aware service ComponentInfo{com.apkpure.aegon/com.apkpure.aegon.services.AutoInstallService}
06-10 15:09:58.894 V/NotificationListeners(  486): enabling notification listener for 0: ComponentInfo{com.android.launcher3/com.android.launcher3.notification.NotificationListener}
06-10 15:09:58.894 V/NotificationListeners(  486): binding: Intent { act=android.service.notification.NotificationListenerService cmp=com.android.launcher3/.notification.NotificationListener (has extras) }
06-10 15:09:58.895 W/ActivityManager(  486): Unable to start service Intent { act=android.service.notification.NotificationListenerService cmp=com.android.launcher3/.notification.NotificationListener } U=0: not found
06-10 15:09:58.895 W/NotificationListeners(  486): Unable to bind notification listener service: Intent { act=android.service.notification.NotificationListenerService cmp=com.android.launcher3/.notification.NotificationListener (has extras) }
06-10 15:09:58.895 W/NotificationAssistants(  486): Not binding notification assistant service ComponentInfo{android.ext.services/android.ext.services.notification.Assistant}: service not found
06-10 15:09:58.896 D/WifiController(  486): DEFERRED_TOGGLE handled
06-10 15:09:58.896 D/WifiController(  486): StaEnabledState.enter()
06-10 15:09:58.896 D/WifiStateMachinePrime(  486): received a message in WifiDisabledState: { when=0 what=0 target=com.android.internal.util.StateMachine$SmHandler }
06-10 15:09:58.896 D/WifiStateMachinePrime(  486): Switching from WifiDisabledState to ClientMode
06-10 15:09:58.896 D/WifiStateMachinePrime(  486): Entering ClientModeActiveState
06-10 15:09:58.897 D/WifiClientModeManager(  486): entering IdleState
06-10 15:09:58.897 D/WifiStateMachinePrime(  486): State changed from client mode. state = 2
06-10 15:09:58.898 I/android.hardware.wifi@1.0-service(  529): Wifi HAL started
06-10 15:09:58.899 I/WifiVendorHal(  486): Vendor Hal started successfully
06-10 15:09:58.902 I/android_os_HwBinder(  486): HwBinder: Starting thread pool for default::android.hidl.manager@1.0::IServiceManager
06-10 15:09:58.906 D/ConditionProviders.SCP(  486): onSubscribe condition://android/schedule?days=1.2.3.4.5.6.7&start=22.0&end=7.0&exitAtAlarm=true
06-10 15:09:58.907 D/ConditionProviders.SCP(  486): setRegistered true
06-10 15:09:58.909 E/ActivityThread(  486): Failed to find provider info for com.android.calendar
06-10 15:09:58.909 E/ActivityThread(  486): Failed to find provider info for com.android.calendar
06-10 15:09:58.912 D/ConditionProviders.SCP(  486): evaluateSubscriptionLocked cal=ScheduleCalendar[mDays={1, 2, 3, 4, 5, 6, 7}, mSchedule=ScheduleInfo{days=[1, 2, 3, 4, 5, 6, 7], startHour=22, startMinute=0, endHour=7, endMinute=0, exitAtAlarm=true, nextAlarm=Wed Dec 31 19:00:00 EST 1969 (0)}], now=Sat Jun 10 15:09:58 EDT 2023 (1686424198907), nextUserAlarmTime=Wed Dec 31 19:00:00 EST 1969 (0)
06-10 15:09:58.912 D/ConditionProviders.SCP(  486): notifyCondition condition://android/schedule?days=1.2.3.4.5.6.7&start=22.0&end=7.0&exitAtAlarm=true STATE_FALSE reason=!meetsSchedule
06-10 15:09:58.914 D/ConditionProviders.SCP(  486): Scheduling evaluate for Sat Jun 10 22:00:00 EDT 2023 (1686448800000), in +6h50m1s93ms, now=Sat Jun 10 15:09:58 EDT 2023 (1686424198907)
06-10 15:09:58.915 I/OMXClient(  730): IOmx service obtained
06-10 15:09:58.917 I/OMXMaster(  234): makeComponentInstance(OMX.google.vorbis.decoder) in omx@1.0-service process
06-10 15:09:58.919 E/OMXNodeInstance(  234): getConfig(0xf0bac960:google.vorbis.decoder, ConfigAndroidVendorExtension(0x6f100004)) ERROR: Undefined(0x80001001)
06-10 15:09:58.920 W/AshmemAllocator(  515): ashmem_create_region(32768) returning hidl_memory(0xf329c180, 32768)
06-10 15:09:58.921 I/chatty  (  515): uid=1000(system) allocator@1.0-s identical 2 lines
06-10 15:09:58.921 W/AshmemAllocator(  515): ashmem_create_region(32768) returning hidl_memory(0xf329c180, 32768)
06-10 15:09:58.921 I/DefaultPermGrantPolicy(  486): Revoking permissions from disabled data services for user:0
06-10 15:09:58.922 W/AshmemAllocator(  515): ashmem_create_region(32768) returning hidl_memory(0xf329c180, 32768)
06-10 15:09:58.922 I/DefaultPermGrantPolicy(  486): Granting permissions to enabled data services for user:0
06-10 15:09:58.922 W/AshmemAllocator(  515): ashmem_create_region(32768) returning hidl_memory(0xf329c180, 32768)
06-10 15:09:58.924 I/Telecom (  486): WiredHeadsetManager: ACTION_HEADSET_PLUG event, plugged in: false, : WHC.oADA@AAE
06-10 15:09:58.922 I/chatty  (  515): uid=1000(system) allocator@1.0-s identical 1 line
06-10 15:09:58.923 W/AshmemAllocator(  515): ashmem_create_region(32768) returning hidl_memory(0xf329c180, 32768)
06-10 15:09:58.926 D/MediaSessionService(  486): Global priority session is changed from null to com.android.server.telecom/HeadsetMediaButton (userId=0)
06-10 15:09:58.928 W/AshmemAllocator(  515): ashmem_create_region(32768) returning hidl_memory(0xf329c180, 32768)
06-10 15:09:58.929 I/SyncManager(  486): Got SyncJobService instance.
06-10 15:09:58.929 D/AutofillManagerService(  486): Autofill restriction did not change for user 0
06-10 15:09:58.931 W/Looper  (  486): Drained
06-10 15:09:58.929 I/chatty  (  515): uid=1000(system) allocator@1.0-s identical 2 lines
06-10 15:09:58.929 W/AshmemAllocator(  515): ashmem_create_region(32768) returning hidl_memory(0xf329c180, 32768)
06-10 15:09:58.931 I/OMXClient(  486): IOmx service obtained
06-10 15:09:58.931 I/OMXMaster(  234): makeComponentInstance(OMX.google.vorbis.decoder) in omx@1.0-service process
06-10 15:09:58.933 E/OMXNodeInstance(  234): getConfig(0xf0baca20:google.vorbis.decoder, ConfigAndroidVendorExtension(0x6f100004)) ERROR: Undefined(0x80001001)
06-10 15:09:58.935 W/AshmemAllocator(  515): ashmem_create_region(32768) returning hidl_memory(0xf329c180, 32768)
06-10 15:09:58.938 I/chatty  (  515): uid=1000(system) allocator@1.0-s identical 6 lines
06-10 15:09:58.938 W/AshmemAllocator(  515): ashmem_create_region(32768) returning hidl_memory(0xf329c180, 32768)
06-10 15:09:58.943 I/wpa_supplicant(  940): Processing hidl events on FD 3
06-10 15:09:58.944 D/vndksupport(  856): Loading /vendor/lib/hw/android.hardware.graphics.mapper@2.0-impl.so from current namespace instead of sphal namespace.
06-10 15:09:58.944 D/vndksupport(  856): Loading /vendor/lib/hw/gralloc.ranchu.so from current namespace instead of sphal namespace.
06-10 15:09:58.944 I/wpa_supplicant(  940): Successfully initialized wpa_supplicant
06-10 15:09:58.945 W/AshmemAllocator(  515): ashmem_create_region(32768) returning hidl_memory(0xf329c180, 32768)
06-10 15:09:58.945 I/chatty  (  515): uid=1000(system) allocator@1.0-s identical 2 lines
06-10 15:09:58.945 W/AshmemAllocator(  515): ashmem_create_region(32768) returning hidl_memory(0xf329c180, 32768)
06-10 15:09:58.946 D/HostConnection(  856): createUnique: call
06-10 15:09:58.946 D/HostConnection(  856): HostConnection::get() New Host Connection established 0xe6985480, pid 856, tid 907
06-10 15:09:58.948 I/wpa_supplicant(  940): rfkill: Cannot open RFKILL control device
06-10 15:09:58.949 D/local_opengl(  477): Sending id 8 to host
06-10 15:09:58.949 I/EthernetTracker(  486): interfaceLinkStateChanged, iface: wlan0, up: false
06-10 15:09:58.949 D/HostConnection(  856): HostComposition ext ANDROID_EMU_host_composition_v1 ANDROID_EMU_host_composition_v2 ANDROID_EMU_async_unmap_buffer ANDROID_EMU_sync_buffer_data GL_OES_EGL_image_external_essl3 GL_OES_vertex_array_object GL_KHR_texture_compression_astc_ldr ANDROID_EMU_host_side_tracing ANDROID_EMU_async_frame_commands ANDROID_EMU_gles_max_version_3_1 
06-10 15:09:58.950 I/EthernetTracker(  486): interfaceLinkStateChanged, iface: wlan0, up: false
06-10 15:09:58.950 I/EthernetTracker(  486): interfaceLinkStateChanged, iface: wlan0, up: false
06-10 15:09:58.951 I/vol.Events(  730): writeEvent level_changed STREAM_VOICE_CALL 4
06-10 15:09:58.952 I/vol.Events(  730): writeEvent level_changed STREAM_SYSTEM 5
06-10 15:09:58.954 I/vol.Events(  730): writeEvent level_changed STREAM_RING 5
06-10 15:09:58.955 I/vol.Events(  730): writeEvent level_changed STREAM_MUSIC 5
06-10 15:09:58.956 I/vol.Events(  730): writeEvent level_changed STREAM_ALARM 6
06-10 15:09:58.957 D/SystemUIBootTiming(  730): StartServicescom.android.systemui.volume.VolumeUI took to complete: 94ms
06-10 15:09:58.958 I/vol.Events(  730): writeEvent level_changed STREAM_BLUETOOTH_SCO 7
06-10 15:09:58.962 I/vol.Events(  730): writeEvent zen_mode_config_changed [disallowAlarms=false disallowMedia=false disallowSystem=true disallowRinger=false]
06-10 15:09:58.966 I/AudioService(  486): setBluetoothScoOnInt: false resetBluetoothSco
06-10 15:09:58.969 W/KeyguardServiceDelegate(  486): onScreenTurningOn(): no keyguard service!
06-10 15:09:58.969 I/ActivityManager(  486): Displayed com.android.settings/.FallbackHome: +282ms
06-10 15:09:58.970 I/InputReader(  486): Reconfiguring input devices.  changes=0x00000004
06-10 15:09:58.974 D/SystemUIBootTiming(  730): StartServicescom.android.systemui.stackdivider.Divider took to complete: 17ms
06-10 15:09:58.979 W/SystemConfig(  838): Tag allow-ignore-location-settings is unknown or not allowed in /system/etc/sysconfig
06-10 15:09:58.979 W/SystemConfig(  838): Tag allow-association is unknown or not allowed in /system/etc/sysconfig
06-10 15:09:58.979 I/chatty  (  838): uid=1001(radio) com.android.phone identical 6 lines
06-10 15:09:58.979 W/SystemConfig(  838): Tag allow-association is unknown or not allowed in /system/etc/sysconfig
06-10 15:09:58.979 W/SystemConfig(  838): Tag app-data-isolation-whitelisted-app is unknown or not allowed in /system/etc/sysconfig
06-10 15:09:58.979 W/SystemConfig(  838): Tag rollback-whitelisted-app is unknown or not allowed in /system/etc/sysconfig
06-10 15:09:58.987 I/WifiService(  486): getWifiServiceMessenger uid=10031
06-10 15:09:58.987 D/SystemConfig(  838): Removed unavailable feature android.hardware.bluetooth
06-10 15:09:58.987 D/SystemConfig(  838): Removed unavailable feature android.hardware.sensor.compass
06-10 15:09:58.990 D/ConnectivityService(  486): requestNetwork for uid/pid:10031/730 NetworkRequest [ TRACK_DEFAULT id=8, [ Capabilities: INTERNET&NOT_RESTRICTED&TRUSTED Unwanted:  Uid: 10031] ]
06-10 15:09:58.990 D/PhoneSwitcherNetworkRequstListener(  838): Registering NetworkFactory
06-10 15:09:58.991 D/ConnectivityService(  486): Got NetworkFactory Messenger for PhoneSwitcherNetworkRequstListener
06-10 15:09:58.995 D/ConnectivityService(  486): Got NetworkFactory Messenger for TelephonyNetworkFactory[0]
06-10 15:09:59.001 E/ActivityThread(  838): Failed to find provider info for com.android.contacts
06-10 15:09:59.001 W/CallerInfoCache(  838): cursor is null
06-10 15:09:59.005 D/CarrierConfigLoader(  838): CarrierConfigLoader has started
06-10 15:09:59.005 E/BluetoothAdapter(  838): Bluetooth binder is null
06-10 15:09:59.009 E/wpa_supplicant(  940): global ctrl interface @android:wpa_wlan0 matches ctrl interface wlan0 - do not open per-interface ctrl interface
06-10 15:09:59.010 I/wpa_supplicant(  940): rfkill: Cannot get wiphy information
06-10 15:09:59.010 E/wpa_supplicant(  940): global ctrl interface @android:wpa_wlan0 matches ctrl interface wlan0 - do not open per-interface ctrl interface
06-10 15:09:59.012 I/android_os_HwBinder(  486): HwBinder: Starting thread pool for default::android.hardware.wifi.supplicant@1.0::ISupplicant
06-10 15:09:59.013 I/SupplicantStaIfaceHal(  486): Completed initialization of ISupplicant.
06-10 15:09:59.013 I/TelecomFramework(  838): TtyManager: updateUiTtyMode -1 -> 0
06-10 15:09:59.016 I/android.hardware.wifi@1.0-service(  529): Adding interface handle for wlan0
06-10 15:09:59.016 E/android.hardware.wifi@1.0-service(  529): Failed to register radio mode change callback
06-10 15:09:59.016 I/android.hardware.wifi@1.0-service(  529): Configured chip in mode 0
06-10 15:09:59.016 D/ImsResolver(  838): maybeAddedImsService, packageName: null
06-10 15:09:59.016 I/ImsResolver(  838): Adding newly added ImsService to cache: ComponentInfo{com.android.phone/com.android.internal.telephony.ims.ImsResolver}
06-10 15:09:59.016 E/android.hardware.wifi@1.0-service(  529): Failed to set DFS flag; DFS channels may be unavailable.
06-10 15:09:59.018 I/ImsResolver(  838): Binding ImsService: ComponentInfo{com.android.phone/com.android.internal.telephony.ims.ImsResolver} with features: [{s=0, f=0}, {s=0, f=1}]
06-10 15:09:59.018 I/ImsServiceController(  838): Granting Runtime permissions to:ComponentInfo{com.android.phone/com.android.internal.telephony.ims.ImsResolver}
06-10 15:09:59.019 I/DefaultPermGrantPolicy(  486): Granting permissions to enabled ImsServices for user:0
06-10 15:09:59.019 I/ImsServiceController(  838): Binding ImsService:ComponentInfo{com.android.phone/com.android.internal.telephony.ims.ImsResolver}
06-10 15:09:59.021 D/WificondControl(  486): Setting up interface for client mode
06-10 15:09:59.022 W/WallpaperManagerService(  486): Cannot extract colors because wallpaper could not be read.
06-10 15:09:59.022 W/WallpaperManagerService(  486): Cannot get theme colors because WallpaperColors is null.
06-10 15:09:59.022 W/WallpaperManagerService(  486): Cannot extract colors because wallpaper could not be read.
06-10 15:09:59.022 W/WallpaperManagerService(  486): Cannot get theme colors because WallpaperColors is null.
06-10 15:09:59.022 I/wificond(  233): create scanner for interface with index: 6
06-10 15:09:59.022 I/wificond(  233): subscribe scan result for interface with index: 6
06-10 15:09:59.022 W/hwservicemanager(  162): getTransport: Cannot find entry android.hardware.wifi.offload@1.0::IOffload/default in either framework or device manifest.
06-10 15:09:59.024 E/wificond(  233): No Offload Service available
06-10 15:09:59.024 I/wificond(  233): Offload HAL not supported 
06-10 15:09:59.025 W/BestClock(  486): java.time.DateTimeException: Missing NTP fix
06-10 15:09:59.025 W/BestClock(  486): java.time.DateTimeException: Missing NTP fix
06-10 15:09:59.026 E/BandwidthController(  230): Updating quota globalAlert failed (Status[code: 2, msg: "[No such file or directory] : fopen("/proc/net/xt_quota/globalAlert", "we") failed"])
06-10 15:09:59.026 E/SupplicantStaIfaceHal(  486): Can't call setupIface, ISupplicantStaIface is null
06-10 15:09:59.026 W/NetworkStats(  486): problem registering for global alert: java.lang.IllegalStateException: command '16 bandwidth setglobalalert 2097152' failed with '400 16 Bandwidth command failed'
06-10 15:09:59.027 I/android_os_HwBinder(  486): HwBinder: Starting thread pool for default::android.hardware.wifi.supplicant@1.0::ISupplicant
06-10 15:09:59.027 D/StatusBar(  730): disable<e i a s b h r c s > disable2<q i n >
06-10 15:09:59.027 D/ServiceStateProvider(  838): subId=-2
06-10 15:09:59.028 I/StatusBarManagerService(  486): registerStatusBar bar=com.android.internal.statusbar.IStatusBar$Stub$Proxy@7b1590e
06-10 15:09:59.029 I/android_os_HwBinder(  486): HwBinder: Starting thread pool for default::android.hardware.wifi.supplicant@1.0::ISupplicant
06-10 15:09:59.031 I/android_os_HwBinder(  486): HwBinder: Starting thread pool for default::android.hardware.wifi.supplicant@1.0::ISupplicant
06-10 15:09:59.034 I/WifiNative(  486): Interface state changed on Iface:{Name=wlan0,Id=0,Type=STA}, isUp=true
06-10 15:09:59.034 D/CommandListener(  230): Clearing all IP addresses on wlan0
06-10 15:09:59.036 I/WifiNative(  486): Successfully setup Iface:{Name=wlan0,Id=0,Type=STA}
06-10 15:09:59.036 D/WifiClientModeManager(  486): sending scan available broadcast: false
06-10 15:09:59.036 D/WifiClientModeManager(  486): entering StartedState
06-10 15:09:59.036 D/WifiClientModeManager(  486): Wifi is ready to use for client mode
06-10 15:09:59.036 D/WifiClientModeManager(  486): sending scan available broadcast: true
06-10 15:09:59.036 D/WifiStateMachinePrime(  486): State changed from client mode. state = 3
06-10 15:09:59.036 D/WifiStateMachinePrime(  486): client mode active
06-10 15:09:59.037 D/WifiStateMachine(  486): entering ConnectModeState: ifaceName = wlan0
06-10 15:09:59.037 D/WifiStateMachine(  486): setupClientMode() ifacename = wlan0
06-10 15:09:59.043 D/CommandListener(  230): Clearing all IP addresses on wlan0
06-10 15:09:59.043 D/WifiConfigManager(  486): Legacy store files not found. No migration needed!
06-10 15:09:59.044 D/WifiStateMachine(  486): Setting OUI to DA-A1-19
06-10 15:09:59.045 I/WifiVendorHal(  486): Driver: 1.0 Firmware: 1.0
06-10 15:09:59.048 E/SupplicantStaIfaceHal(  486): ISupplicantStaIface.setPowerSave failed: {.code = FAILURE_UNKNOWN, .debugMessage = }
06-10 15:09:59.049 D/WakeupController(  486): reset()
06-10 15:09:59.049 I/WifiStateMachine(  486): disconnectedstate enter
06-10 15:09:59.075 D/PhoneSwitcherNetworkRequstListener(  838): got request NetworkRequest [ BACKGROUND_REQUEST id=2, [ Transports: CELLULAR Capabilities: INTERNET&NOT_RESTRICTED&TRUSTED&NOT_VPN Unwanted: ] ] with score 0
06-10 15:09:59.075 D/PhoneSwitcherNetworkRequstListener(  838): got request NetworkRequest [ TRACK_DEFAULT id=6, [ Capabilities: INTERNET&NOT_RESTRICTED&TRUSTED Unwanted:  Uid: 1000] ] with score 0
06-10 15:09:59.075 D/PhoneSwitcherNetworkRequstListener(  838): got request NetworkRequest [ TRACK_DEFAULT id=8, [ Capabilities: INTERNET&NOT_RESTRICTED&TRUSTED Unwanted:  Uid: 10031] ] with score 0
06-10 15:09:59.075 D/PhoneSwitcherNetworkRequstListener(  838): got request NetworkRequest [ REQUEST id=1, [ Capabilities: INTERNET&NOT_RESTRICTED&TRUSTED&NOT_VPN Unwanted: ] ] with score 0
06-10 15:09:59.076 D/TelephonyDebugService(  838): TelephonyDebugService()
06-10 15:09:59.077 D/CarrierConfigLoader(  838): mHandler: 12 phoneId: 0
06-10 15:09:59.081 E/PhoneInterfaceManager(  838): [PhoneIntfMgr] getIccId: No UICC
06-10 15:09:59.084 D/OpenGLRenderer(  838): Skia GL Pipeline
06-10 15:09:59.088 I/Telecom (  486): PhoneAccountRegistrar: New phone account registered: [[ ] PhoneAccount: ComponentInfo{com.android.phone/com.android.services.telephony.TelephonyConnectionService}, ***, UserHandle{0} Capabilities: CallProvider MultiUser PlaceEmerg SimSub  Audio Routes: BESW Schemes: tel voicemail  Extras: Bundle[mParcelledData.dataSize=124] GroupId: ***]: TSI.rPA@AAU
06-10 15:09:59.090 I/Telecom (  486): CallsManager: Sending phone-account ComponentInfo{com.android.phone/com.android.services.telephony.TelephonyConnectionService}, ***, UserHandle{0} registered intent as user: TSI.rPA@AAU
06-10 15:09:59.090 I/Telecom (  486): CallsManager: Sending phone-account registered intent to default dialer: TSI.rPA@AAU
06-10 15:09:59.090 I/TelecomFramework(  838): AccountEntry: Registered phoneAccount: [[ ] PhoneAccount: ComponentInfo{com.android.phone/com.android.services.telephony.TelephonyConnectionService}, ***, UserHandle{0} Capabilities: CallProvider MultiUser PlaceEmerg SimSub  Audio Routes: BESW Schemes: tel voicemail  Extras: Bundle[{android.telecom.extra.SUPPORTS_VIDEO_CALLING_FALLBACK=true}] GroupId: ***] with handle: ComponentInfo{com.android.phone/com.android.services.telephony.TelephonyConnectionService}, ***, UserHandle{0}
06-10 15:09:59.091 I/TelecomFramework(  838): PstnIncomingCallNotifier: Registering: Handler (com.android.internal.telephony.GsmCdmaPhone) {4a8ab7d}
06-10 15:09:59.093 I/TelecomFramework(  838): TelecomAccountRegistry: Unregistering phone account ComponentInfo{com.android.phone/com.android.services.telephony.TelephonyConnectionService}, ***, UserHandle{0}.
06-10 15:09:59.093 I/CameraManagerGlobal(  730): Connecting to camera service
06-10 15:09:59.094 I/Telecom (  486): CallsManager: Sending phone-account ComponentInfo{com.android.phone/com.android.services.telephony.TelephonyConnectionService}, ***, UserHandle{0} unregistered intent as user: TSI.uPA@AAc
06-10 15:09:59.094 I/Telecom (  486): CallsManager: Sending phone-account unregistered intent to default dialer: TSI.uPA@AAc
06-10 15:09:59.094 I/CameraService(  220): CameraService::connect call (PID -1 "cameraserver", camera ID 0) for HAL version default and Camera API version 1
06-10 15:09:59.095 E/CameraProviderManager(  220): filterLogicalCameraIdsLocked: Failed to getCameraCharacteristics for id 0
06-10 15:09:59.095 V/EmulatedCamera_BaseCamera(  517): getCameraInfo
06-10 15:09:59.096 I/TelecomFramework(  838): PstnPhoneCapabilitiesNotifier: handleVideoCapabilitesChanged. Video capability - false
06-10 15:09:59.096 D/NuPlayerDriver(  229): NuPlayerDriver(0xec599180) created, clientPid(220)
06-10 15:09:59.096 I/WifiService(  486): WifiService trying to set country code to 
06-10 15:09:59.096 I/WifiService(  486): setCountryCode uid=1001
06-10 15:09:59.096 E/PhoneInterfaceManager(  838): [PhoneIntfMgr] getIccId: No UICC
06-10 15:09:59.099 E/FileSource(  229): Failed to open file '/product/media/audio/ui/camera_click.ogg'. (No such file or directory)
06-10 15:09:59.099 E/GenericSource(  229): Failed to create data source!
06-10 15:09:59.099 D/NuPlayerDriver(  229): notifyListener_l(0xec599180), (100, 1, -2147483648, -1), loop setting(0, 0)
06-10 15:09:59.099 E/MediaPlayerNative(  220): error (1, -2147483648)
06-10 15:09:59.099 E/CameraService(  220): Failed to load CameraService sounds: /product/media/audio/ui/camera_click.ogg
06-10 15:09:59.099 D/NuPlayerDriver(  229): reset(0xec599180) at state 2
06-10 15:09:59.100 D/NuPlayerDriver(  229): notifyListener_l(0xec599180), (8, 0, 0, -1), loop setting(0, 0)
06-10 15:09:59.100 D/NuPlayerDriver(  229): notifyResetComplete(0xec599180)
06-10 15:09:59.101 D/NuPlayerDriver(  229): NuPlayerDriver(0xec599500) created, clientPid(220)
06-10 15:09:59.101 I/Telecom (  486): PhoneAccountRegistrar: Modify account: [ComponentInfo{com.android.phone/com.android.services.telephony.TelephonyConnectionService}, ***, UserHandle{0}]: TSI.rPA@AAk
06-10 15:09:59.105 D/NuPlayerDriver(  229): notifyListener_l(0xec599500), (1, 0, 0, -1), loop setting(0, 0)
06-10 15:09:59.105 D/NuPlayerDriver(  229): NuPlayerDriver(0xec599580) created, clientPid(220)
06-10 15:09:59.106 E/FileSource(  229): Failed to open file '/product/media/audio/ui/VideoRecord.ogg'. (No such file or directory)
06-10 15:09:59.106 E/GenericSource(  229): Failed to create data source!
06-10 15:09:59.107 D/NuPlayerDriver(  229): notifyListener_l(0xec599580), (100, 1, -2147483648, -1), loop setting(0, 0)
06-10 15:09:59.107 E/MediaPlayerNative(  220): error (1, -2147483648)
06-10 15:09:59.107 E/CameraService(  220): Failed to load CameraService sounds: /product/media/audio/ui/VideoRecord.ogg
06-10 15:09:59.107 D/NuPlayerDriver(  229): reset(0xec599580) at state 2
06-10 15:09:59.107 D/NuPlayerDriver(  229): notifyListener_l(0xec599580), (8, 0, 0, -1), loop setting(0, 0)
06-10 15:09:59.107 D/NuPlayerDriver(  229): notifyResetComplete(0xec599580)
06-10 15:09:59.108 D/NuPlayerDriver(  229): NuPlayerDriver(0xec599600) created, clientPid(220)
06-10 15:09:59.112 D/NuPlayerDriver(  229): notifyListener_l(0xec599600), (1, 0, 0, -1), loop setting(0, 0)
06-10 15:09:59.113 D/NuPlayerDriver(  229): NuPlayerDriver(0xec599680) created, clientPid(220)
06-10 15:09:59.114 E/FileSource(  229): Failed to open file '/product/media/audio/ui/VideoStop.ogg'. (No such file or directory)
06-10 15:09:59.114 E/GenericSource(  229): Failed to create data source!
06-10 15:09:59.114 D/NuPlayerDriver(  229): notifyListener_l(0xec599680), (100, 1, -2147483648, -1), loop setting(0, 0)
06-10 15:09:59.114 E/MediaPlayerNative(  220): error (1, -2147483648)
06-10 15:09:59.114 E/CameraService(  220): Failed to load CameraService sounds: /product/media/audio/ui/VideoStop.ogg
06-10 15:09:59.114 D/NuPlayerDriver(  229): reset(0xec599680) at state 2
06-10 15:09:59.115 D/NuPlayerDriver(  229): notifyListener_l(0xec599680), (8, 0, 0, -1), loop setting(0, 0)
06-10 15:09:59.115 D/NuPlayerDriver(  229): notifyResetComplete(0xec599680)
06-10 15:09:59.116 D/NuPlayerDriver(  229): NuPlayerDriver(0xec599e00) created, clientPid(220)
06-10 15:09:59.120 D/NuPlayerDriver(  229): notifyListener_l(0xec599e00), (1, 0, 0, -1), loop setting(0, 0)
06-10 15:09:59.121 I/CameraHardwareInterface(  220): Opening camera 0
06-10 15:09:59.121 I/CamDev@1.0-impl(  517): Opening camera 0
06-10 15:09:59.121 V/EmulatedCamera_BaseCamera(  517): getCameraInfo
06-10 15:09:59.121 V/EmulatedCamera_CallbackNotifier(  517): setCallbacks: 0xf54daee0, 0xf54daf50, 0xf54db660, 0xf54daa60 (0xf491f000)
06-10 15:09:59.121 I/CameraHardwareInterface(  220): Destroying camera 0
06-10 15:09:59.121 V/EmulatedCamera_CallbackNotifier(  517): enableMessage: msg_type = 0xc0d
06-10 15:09:59.121 V/EmulatedCamera_CallbackNotifier(  517):     CAMERA_MSG_ERROR
06-10 15:09:59.121 V/EmulatedCamera_CallbackNotifier(  517):     CAMERA_MSG_FOCUS
06-10 15:09:59.121 V/EmulatedCamera_CallbackNotifier(  517):     CAMERA_MSG_ZOOM
06-10 15:09:59.121 V/EmulatedCamera_CallbackNotifier(  517):     CAMERA_MSG_PREVIEW_METADATA
06-10 15:09:59.121 V/EmulatedCamera_CallbackNotifier(  517): **** Currently enabled messages:
06-10 15:09:59.121 V/EmulatedCamera_CallbackNotifier(  517):     CAMERA_MSG_ERROR
06-10 15:09:59.121 V/EmulatedCamera_CallbackNotifier(  517):     CAMERA_MSG_FOCUS
06-10 15:09:59.121 V/EmulatedCamera_CallbackNotifier(  517):     CAMERA_MSG_ZOOM
06-10 15:09:59.121 V/EmulatedCamera_CallbackNotifier(  517):     CAMERA_MSG_PREVIEW_METADATA
06-10 15:09:59.122 V/EmulatedCamera_CallbackNotifier(  517): disableMessage: msg_type = 0xffff
06-10 15:09:59.122 V/EmulatedCamera_CallbackNotifier(  517):     CAMERA_MSG_ERROR
06-10 15:09:59.122 V/EmulatedCamera_CallbackNotifier(  517):     CAMERA_MSG_SHUTTER
06-10 15:09:59.122 V/EmulatedCamera_CallbackNotifier(  517):     CAMERA_MSG_FOCUS
06-10 15:09:59.122 V/EmulatedCamera_CallbackNotifier(  517):     CAMERA_MSG_ZOOM
06-10 15:09:59.122 V/EmulatedCamera_CallbackNotifier(  517):     CAMERA_MSG_PREVIEW_FRAME
06-10 15:09:59.122 V/EmulatedCamera_CallbackNotifier(  517):     CAMERA_MSG_VIDEO_FRAME
06-10 15:09:59.122 V/EmulatedCamera_CallbackNotifier(  517):     CAMERA_MSG_POSTVIEW_FRAME
06-10 15:09:59.122 V/EmulatedCamera_CallbackNotifier(  517):     CAMERA_MSG_RAW_IMAGE
06-10 15:09:59.122 V/EmulatedCamera_CallbackNotifier(  517):     CAMERA_MSG_COMPRESSED_IMAGE
06-10 15:09:59.122 V/EmulatedCamera_CallbackNotifier(  517):     CAMERA_MSG_RAW_IMAGE_NOTIFY
06-10 15:09:59.122 V/EmulatedCamera_CallbackNotifier(  517):     CAMERA_MSG_PREVIEW_METADATA
06-10 15:09:59.122 V/EmulatedCamera_CallbackNotifier(  517): **** Currently enabled messages:
06-10 15:09:59.122 V/EmulatedCamera_Preview(  517): setPreviewWindow: current: 0x0 -> new: 0x0
06-10 15:09:59.122 I/CamDev@1.0-impl(  517): Closing camera 0
06-10 15:09:59.123 E/CameraProviderManager(  220): filterLogicalCameraIdsLocked: Failed to getCameraCharacteristics for id 0
06-10 15:09:59.123 I/CameraService(  220): disconnect: Disconnected client for camera 0 for PID 220
06-10 15:09:59.123 D/NuPlayerDriver(  229): reset(0xec599500) at state 4
06-10 15:09:59.124 D/NuPlayerDriver(  229): notifyListener_l(0xec599500), (8, 0, 0, -1), loop setting(0, 0)
06-10 15:09:59.124 D/NuPlayerDriver(  229): notifyResetComplete(0xec599500)
06-10 15:09:59.125 D/NuPlayerDriver(  229): reset(0xec599600) at state 4
06-10 15:09:59.125 D/NuPlayerDriver(  229): notifyListener_l(0xec599600), (8, 0, 0, -1), loop setting(0, 0)
06-10 15:09:59.125 D/NuPlayerDriver(  229): notifyResetComplete(0xec599600)
06-10 15:09:59.126 D/NuPlayerDriver(  229): reset(0xec599e00) at state 4
06-10 15:09:59.126 D/NuPlayerDriver(  229): notifyListener_l(0xec599e00), (8, 0, 0, -1), loop setting(0, 0)
06-10 15:09:59.126 D/NuPlayerDriver(  229): notifyResetComplete(0xec599e00)
06-10 15:09:59.127 V/EmulatedCamera_BaseCamera(  517): getCameraInfo
06-10 15:09:59.131 I/CameraService(  220): CameraService::connect call (PID -1 "cameraserver", camera ID 1) for HAL version default and Camera API version 1
06-10 15:09:59.131 E/CameraProviderManager(  220): filterLogicalCameraIdsLocked: Failed to getCameraCharacteristics for id 0
06-10 15:09:59.131 V/EmulatedCamera_BaseCamera(  517): getCameraInfo
06-10 15:09:59.132 D/NuPlayerDriver(  229): NuPlayerDriver(0xec599680) created, clientPid(220)
06-10 15:09:59.134 E/FileSource(  229): Failed to open file '/product/media/audio/ui/camera_click.ogg'. (No such file or directory)
06-10 15:09:59.134 E/GenericSource(  229): Failed to create data source!
06-10 15:09:59.134 D/NuPlayerDriver(  229): notifyListener_l(0xec599680), (100, 1, -2147483648, -1), loop setting(0, 0)
06-10 15:09:59.134 E/MediaPlayerNative(  220): error (1, -2147483648)
06-10 15:09:59.134 E/CameraService(  220): Failed to load CameraService sounds: /product/media/audio/ui/camera_click.ogg
06-10 15:09:59.134 D/NuPlayerDriver(  229): reset(0xec599680) at state 2
06-10 15:09:59.134 D/NuPlayerDriver(  229): notifyListener_l(0xec599680), (8, 0, 0, -1), loop setting(0, 0)
06-10 15:09:59.134 D/NuPlayerDriver(  229): notifyResetComplete(0xec599680)
06-10 15:09:59.135 D/NuPlayerDriver(  229): NuPlayerDriver(0xec599e00) created, clientPid(220)
06-10 15:09:59.138 D/NuPlayerDriver(  229): notifyListener_l(0xec599e00), (1, 0, 0, -1), loop setting(0, 0)
06-10 15:09:59.139 D/NuPlayerDriver(  229): NuPlayerDriver(0xeac19200) created, clientPid(220)
06-10 15:09:59.140 E/FileSource(  229): Failed to open file '/product/media/audio/ui/VideoRecord.ogg'. (No such file or directory)
06-10 15:09:59.140 E/GenericSource(  229): Failed to create data source!
06-10 15:09:59.141 D/NuPlayerDriver(  229): notifyListener_l(0xeac19200), (100, 1, -2147483648, -1), loop setting(0, 0)
06-10 15:09:59.141 E/MediaPlayerNative(  220): error (1, -2147483648)
06-10 15:09:59.141 E/CameraService(  220): Failed to load CameraService sounds: /product/media/audio/ui/VideoRecord.ogg
06-10 15:09:59.141 D/NuPlayerDriver(  229): reset(0xeac19200) at state 2
06-10 15:09:59.141 D/NuPlayerDriver(  229): notifyListener_l(0xeac19200), (8, 0, 0, -1), loop setting(0, 0)
06-10 15:09:59.141 D/NuPlayerDriver(  229): notifyResetComplete(0xeac19200)
06-10 15:09:59.142 D/NuPlayerDriver(  229): NuPlayerDriver(0xec599180) created, clientPid(220)
06-10 15:09:59.146 D/NuPlayerDriver(  229): notifyListener_l(0xec599180), (1, 0, 0, -1), loop setting(0, 0)
06-10 15:09:59.146 D/NuPlayerDriver(  229): NuPlayerDriver(0xec599e80) created, clientPid(220)
06-10 15:09:59.148 E/FileSource(  229): Failed to open file '/product/media/audio/ui/VideoStop.ogg'. (No such file or directory)
06-10 15:09:59.148 E/GenericSource(  229): Failed to create data source!
06-10 15:09:59.148 D/NuPlayerDriver(  229): notifyListener_l(0xec599e80), (100, 1, -2147483648, -1), loop setting(0, 0)
06-10 15:09:59.148 E/MediaPlayerNative(  220): error (1, -2147483648)
06-10 15:09:59.148 E/CameraService(  220): Failed to load CameraService sounds: /product/media/audio/ui/VideoStop.ogg
06-10 15:09:59.148 D/NuPlayerDriver(  229): reset(0xec599e80) at state 2
06-10 15:09:59.148 D/NuPlayerDriver(  229): notifyListener_l(0xec599e80), (8, 0, 0, -1), loop setting(0, 0)
06-10 15:09:59.148 D/NuPlayerDriver(  229): notifyResetComplete(0xec599e80)
06-10 15:09:59.149 D/NuPlayerDriver(  229): NuPlayerDriver(0xec599f00) created, clientPid(220)
06-10 15:09:59.152 D/NuPlayerDriver(  229): notifyListener_l(0xec599f00), (1, 0, 0, -1), loop setting(0, 0)
06-10 15:09:59.153 I/CameraHardwareInterface(  220): Opening camera 1
06-10 15:09:59.153 I/CamDev@1.0-impl(  517): Opening camera 1
06-10 15:09:59.153 V/EmulatedCamera_BaseCamera(  517): getCameraInfo
06-10 15:09:59.153 V/EmulatedCamera_CallbackNotifier(  517): setCallbacks: 0xf54daee0, 0xf54daf50, 0xf54db660, 0xf54daa60 (0xf5bc7000)
06-10 15:09:59.153 I/CameraHardwareInterface(  220): Destroying camera 1
06-10 15:09:59.153 V/EmulatedCamera_CallbackNotifier(  517): enableMessage: msg_type = 0xc0d
06-10 15:09:59.153 V/EmulatedCamera_CallbackNotifier(  517):     CAMERA_MSG_ERROR
06-10 15:09:59.153 V/EmulatedCamera_CallbackNotifier(  517):     CAMERA_MSG_FOCUS
06-10 15:09:59.153 V/EmulatedCamera_CallbackNotifier(  517):     CAMERA_MSG_ZOOM
06-10 15:09:59.153 V/EmulatedCamera_CallbackNotifier(  517):     CAMERA_MSG_PREVIEW_METADATA
06-10 15:09:59.153 V/EmulatedCamera_CallbackNotifier(  517): **** Currently enabled messages:
