06-10 12:45:18.720 D/vndksupport(  526): Loading /vendor/lib/hw/android.hardware.memtrack@1.0-impl.so from current namespace instead of sphal namespace.
06-10 12:45:18.720 D/vndksupport(  526): Loading /vendor/lib/hw/memtrack.vbox86.so from current namespace instead of sphal namespace.
06-10 12:45:18.721 I/ServiceManagement(  526): Removing namespace from process name android.hardware.memtrack@1.0-service to memtrack@1.0-service.
06-10 12:45:18.722 I/android.hardware.memtrack@1.0-service(  526): Registration complete for android.hardware.memtrack@1.0::IMemtrack/default.
06-10 12:45:18.724 D/vndksupport(  525): Loading /vendor/lib/hw/android.hardware.light@2.0-impl.so from current namespace instead of sphal namespace.
06-10 12:45:18.726 D/vndksupport(  528): Loading /vendor/lib/hw/android.hardware.sensors@1.0-impl.so from current namespace instead of sphal namespace.
06-10 12:45:18.726 E/network_profile_handler(  534): init_all_network_profile_state: wlan: wlan0 phone:radio0
06-10 12:45:18.726 I/network_profile(  534): Redis connect
06-10 12:45:18.726 D/vndksupport(  525): Loading /vendor/lib/hw/lights.vbox86.so from current namespace instead of sphal namespace.
06-10 12:45:18.727 D/vndksupport(  522): Loading /vendor/lib/hw/android.hardware.graphics.allocator@2.0-impl.so from current namespace instead of sphal namespace.
06-10 12:45:18.727 D/android.hardware.cas@1.0-service(  518): android.hardware.cas@1.0-service starting...
06-10 12:45:18.727 D/vndksupport(  525): Loading /vendor/lib/hw/lights.vbox86.so from current namespace instead of sphal namespace.
06-10 12:45:18.727 I/chatty  (  525): uid=1000(system) light@2.0-servi identical 1 line
06-10 12:45:18.727 D/vndksupport(  525): Loading /vendor/lib/hw/lights.vbox86.so from current namespace instead of sphal namespace.
06-10 12:45:18.727 I/ServiceManagement(  518): Removing namespace from process name android.hardware.cas@1.0-service to cas@1.0-service.
06-10 12:45:18.727 D/vndksupport(  525): Loading /vendor/lib/hw/lights.vbox86.so from current namespace instead of sphal namespace.
06-10 12:45:18.727 D/vndksupport(  525): Loading /vendor/lib/hw/lights.vbox86.so from current namespace instead of sphal namespace.
06-10 12:45:18.728 I/network_profile(  534): Redis PUB: network_profile status ready
06-10 12:45:18.729 D/vndksupport(  522): Loading /vendor/lib/hw/gralloc.ranchu.so from current namespace instead of sphal namespace.
06-10 12:45:18.732 I/Sensors (  528): Redis connect
06-10 12:45:18.735 D/vndksupport(  525): Loading /vendor/lib/hw/lights.vbox86.so from current namespace instead of sphal namespace.
06-10 12:45:18.735 E/light   (  525): light_open lights bluetooth failed: -22
06-10 12:45:18.735 E/light   (  525): Light passthrough failed to load legacy HAL.
06-10 12:45:18.735 D/vndksupport(  525): Loading /vendor/lib/hw/lights.vbox86.so from current namespace instead of sphal namespace.
06-10 12:45:18.735 E/light   (  525): light_open lights wifi failed: -22
06-10 12:45:18.735 E/light   (  525): Light passthrough failed to load legacy HAL.
06-10 12:45:18.735 W/hwservicemanager(  162): getTransport: Cannot find entry android.hardware.power@1.0::IPower/default in either framework or device manifest.
06-10 12:45:18.736 D/vndksupport(  527): Loading /vendor/lib/hw/android.hardware.power@1.0-impl.so from current namespace instead of sphal namespace.
06-10 12:45:18.736 D/vndksupport(  527): Loading /vendor/lib/hw/power.default.so from current namespace instead of sphal namespace.
06-10 12:45:18.737 I/ServiceManagement(  527): Removing namespace from process name android.hardware.power@1.0-service to power@1.0-service.
06-10 12:45:18.738 I/network_profile(  534): Redis read thread
06-10 12:45:18.738 I/android.hardware.power@1.0-service(  527): Registration complete for android.hardware.power@1.0::IPower/default.
06-10 12:45:18.738 I/ServiceManagement(  528): Removing namespace from process name android.hardware.sensors@1.0-service to sensors@1.0-service.
06-10 12:45:18.739 I/android.hardware.sensors@1.0-service(  528): Registration complete for android.hardware.sensors@1.0::ISensors/default.
06-10 12:45:18.739 I/lowmemorykiller(  533): Using in-kernel low memory killer interface
06-10 12:45:18.739 D/android.hardware.drm@1.0-service(  520): android.hardware.drm@1.0-service starting...
06-10 12:45:18.739 I/network_profile(  534): Redis read wait
06-10 12:45:18.740 W/network_profile(  534): message not properly formated
06-10 12:45:18.740 D/vndksupport(  520): Loading /vendor/lib/hw/android.hardware.drm@1.0-impl.so from current namespace instead of sphal namespace.
06-10 12:45:18.741 I/health@2.0/(  524): health@2.0/default: Hal starting main loop...
06-10 12:45:18.741 I/health@2.0/(  524): health@2.0/default Hal is starting up...
06-10 12:45:18.742 I/ServiceManagement(  525): Removing namespace from process name android.hardware.light@2.0-service to light@2.0-service.
06-10 12:45:18.742 I/Sensors (  528): Redis read thread
06-10 12:45:18.743 I/android.hardware.light@2.0-service(  525): Registration complete for android.hardware.light@2.0::ILight/default.
06-10 12:45:18.752 I/Sensors (  528): Redis read wait
06-10 12:45:18.752 D/Sensors (  528): on_redis_event: subscribe success
06-10 12:45:18.754 I/ServiceManagement(  524): Removing namespace from process name android.hardware.health@2.0-service.genymotion to health@2.0-service.genymotion.
06-10 12:45:18.755 D/vinput  (  539): Starting Vinput Daemon
06-10 12:45:18.755 I/health@2.0/(  524): health@2.0/default: Hal init done
06-10 12:45:18.760 D/vndksupport(  523): Loading /vendor/lib/hw/android.hardware.graphics.composer@2.1-impl.so from current namespace instead of sphal namespace.
06-10 12:45:18.761 W/hwservicemanager(  162): getTransport: Cannot find entry android.hardware.thermal@1.1::IThermal/default in either framework or device manifest.
06-10 12:45:18.763 W/thermalserviced(  538): Unable to get Thermal HAL V1.1, vendor thermal event notification not available
06-10 12:45:18.763 I/android.hardware.camera.provider@2.4-service(  517): Camera provider Service is starting.
06-10 12:45:18.764 D/HostConnection(  522): createUnique: call
06-10 12:45:18.764 D/HostConnection(  522): HostConnection::get() New Host Connection established 0xec220420, pid 522, tid 522
06-10 12:45:18.766 D/vndksupport(  523): Loading /vendor/lib/hw/hwcomposer.ranchu.so from current namespace instead of sphal namespace.
06-10 12:45:18.766 I/ServiceManagement(  522): Removing namespace from process name android.hardware.graphics.allocator@2.0-service to allocator@2.0-service.
06-10 12:45:18.767 I/android.hardware.graphics.allocator@2.0-service(  522): Registration complete for android.hardware.graphics.allocator@2.0::IAllocator/default.
06-10 12:45:18.767 D/vndksupport(  517): Loading /vendor/lib/hw/android.hardware.camera.provider@2.4-impl.so from current namespace instead of sphal namespace.
06-10 12:45:18.772 I/ServiceManagement(  520): Removing namespace from process name android.hardware.drm@1.0-service to drm@1.0-service.
06-10 12:45:18.773 I/android.hardware.drm@1.0-service(  520): Registration complete for android.hardware.drm@1.0::IDrmFactory/default.
06-10 12:45:18.774 D/vndksupport(  520): Loading /vendor/lib/hw/android.hardware.drm@1.0-impl.so from current namespace instead of sphal namespace.
06-10 12:45:18.774 D/HostConnection(  523): createUnique: call
06-10 12:45:18.775 I/ServiceManagement(  520): Removing namespace from process name android.hardware.drm@1.0-service to drm@1.0-service.
06-10 12:45:18.775 D/HostConnection(  523): HostConnection::get() New Host Connection established 0xef920660, pid 523, tid 523
06-10 12:45:18.775 I/android.hardware.drm@1.0-service(  520): Registration complete for android.hardware.drm@1.0::ICryptoFactory/default.
06-10 12:45:18.775 D/vinput  (  539): send_status_async
06-10 12:45:18.775 D/vinput  (  539): send_status_async
06-10 12:45:18.776 D/vinput  (  539): on_message: subscribe success
06-10 12:45:18.776 D/vinput  (  539): on_message: subscribe success
06-10 12:45:18.776 D/vndksupport(  521): Loading /vendor/lib/hw/android.hardware.gnss@1.0-impl.so from current namespace instead of sphal namespace.
06-10 12:45:18.777 E/SELinux (  161): avc:  denied  { add } for service=systempatcher pid=537 uid=0 scontext=u:r:systempatcher:s0 tcontext=u:object_r:default_android_service:s0 tclass=service_manager permissive=1
06-10 12:45:18.778 D/vinput  (  539): send_status: display 0
06-10 12:45:18.780 D/vinput  (  539): send_status: display 1
06-10 12:45:18.781 D/baseband-redis(  542): Redis baseband read thread is starting ...
06-10 12:45:18.782 W/baseband-redis(  542): Redis message not properly formated
06-10 12:45:18.784 I/ServiceManagement(  521): Removing namespace from process name android.hardware.gnss@1.0-service to gnss@1.0-service.
06-10 12:45:18.785 I/android.hardware.gnss@1.0-service(  521): Registration complete for android.hardware.gnss@1.0::IGnss/default.
06-10 12:45:18.787 I/android.hardware.wifi@1.0-service(  529): Wifi Hal is booting up...
06-10 12:45:18.787 I/ServiceManagement(  529): Removing namespace from process name android.hardware.wifi@1.0-service to wifi@1.0-service.
06-10 12:45:18.823 E/EmulatedCamera_Factory(  517): 2 cameras are being emulated.
06-10 12:45:18.823 E/EmulatedCamera_HotplugThread(  517): createFileIfNotExists: Could not create file '/data/misc/media/emulator.camera.hotplug.0', error: 'Permission denied' (13)
06-10 12:45:18.823 E/EmulatedCamera_HotplugThread(  517): createFileIfNotExists: Could not create file '/data/misc/media/emulator.camera.hotplug.1', error: 'Permission denied' (13)
06-10 12:45:18.824 I/CamProvider@2.4-impl(  517): Loaded "Emulated Camera Module" camera module
06-10 12:45:18.824 E/CamProvider@2.4-impl(  517): setUpVendorTags: Vendor tag operations not fully defined. Ignoring definitions.
06-10 12:45:18.824 E/CamProvider@2.4-impl(  517): initialize: Vendor tag setup failed, will not be available.
06-10 12:45:18.824 V/EmulatedCamera_BaseCamera(  517): getCameraInfo
06-10 12:45:18.824 I/chatty  (  517): uid=1047(cameraserver) provider@2.4-se identical 2 lines
06-10 12:45:18.824 V/EmulatedCamera_BaseCamera(  517): getCameraInfo
06-10 12:45:18.824 I/ServiceManagement(  517): Removing namespace from process name android.hardware.camera.provider@2.4-service to provider@2.4-service.
06-10 12:45:18.825 I/android.hardware.camera.provider@2.4-service(  517): Registration complete for android.hardware.camera.provider@2.4::ICameraProvider/legacy/0.
06-10 12:45:18.827 I/CameraProviderManager(  221): Connecting to new camera provider: legacy/0, isRemote? 1
06-10 12:45:18.827 I/CameraProviderManager(  221): Enumerating new camera device: device@1.0/legacy/0
06-10 12:45:18.829 I/CamDev@1.0-impl(  517): Opening camera 0
06-10 12:45:18.829 V/EmulatedCamera_BaseCamera(  517): getCameraInfo
06-10 12:45:18.829 V/EmulatedCamera_CallbackNotifier(  517): setCallbacks: 0xf4e5dee0, 0xf4e5df50, 0xf4e5e660, 0xf4e5da60 (0xf409f000)
06-10 12:45:18.830 I/CamDev@1.0-impl(  517): Closing camera 0
06-10 12:45:18.830 I/CameraProviderManager(  221): Enumerating new camera device: device@1.0/legacy/1
06-10 12:45:18.832 I/CamDev@1.0-impl(  517): Opening camera 1
06-10 12:45:18.832 V/EmulatedCamera_BaseCamera(  517): getCameraInfo
06-10 12:45:18.832 V/EmulatedCamera_CallbackNotifier(  517): setCallbacks: 0xf4e5dee0, 0xf4e5df50, 0xf4e5e660, 0xf4e5da60 (0xf409f0e0)
06-10 12:45:18.833 I/CamDev@1.0-impl(  517): Closing camera 1
06-10 12:45:18.833 I/ConfigStore(  536): android::hardware::configstore::V1_0::ISurfaceFlingerConfigs::startGraphicsAllocatorService retrieved: 0
06-10 12:45:18.834 I/CameraProviderManager(  221): Camera provider legacy/0 ready with 2 camera devices
06-10 12:45:18.835 W/hwservicemanager(  162): getTransport: Cannot find entry android.hardware.camera.provider@2.4::ICameraProvider/external/0 in either framework or device manifest.
06-10 12:45:18.836 D/vndksupport(  221): Loading /vendor/lib/hw/android.hardware.camera.provider@2.4-impl.so from current namespace instead of sphal namespace.
06-10 12:45:18.838 W/hwservicemanager(  162): getTransport: Cannot find entry android.hardware.audio@4.0::IDevicesFactory/default in either framework or device manifest.
06-10 12:45:18.839 E/audiohalservice(  516): Could not get passthrough implementation for android.hardware.audio@4.0::IDevicesFactory/default.
06-10 12:45:18.840 D/vndksupport(  516): Loading /vendor/lib/hw/android.hardware.audio@2.0-impl.so from current namespace instead of sphal namespace.
06-10 12:45:18.850 I/SurfaceFlinger(  536): Using HWComposer service: 'default'
06-10 12:45:18.851 I/SurfaceFlinger(  536): SurfaceFlinger is starting
06-10 12:45:18.852 E/ExtCamUtils@3.4(  221): loadFromCfg: Unable to load external camera config file '/vendor/etc/external_camera_config.xml'. Error: XML_ERROR_FILE_NOT_FOUND
06-10 12:45:18.852 I/ConfigStore(  536): android::hardware::configstore::V1_0::ISurfaceFlingerConfigs::vsyncEventPhaseOffsetNs retrieved: 1000000 (default)
06-10 12:45:18.852 I/ConfigStore(  536): android::hardware::configstore::V1_0::ISurfaceFlingerConfigs::vsyncSfEventPhaseOffsetNs retrieved: 1000000 (default)
06-10 12:45:18.852 I/CamPvdr@2.4-external(  221): threadLoop start monitoring new V4L2 devices
06-10 12:45:18.852 I/ConfigStore(  536): android::hardware::configstore::V1_0::ISurfaceFlingerConfigs::hasSyncFramework retrieved: 1
06-10 12:45:18.853 I/CameraProviderManager(  221): Connecting to new camera provider: external/0, isRemote? 0
06-10 12:45:18.853 I/ConfigStore(  536): android::hardware::configstore::V1_0::ISurfaceFlingerConfigs::presentTimeOffsetFromVSyncNs retrieved: 0
06-10 12:45:18.853 I/CameraProviderManager(  221): Camera provider external/0 ready with 0 camera devices
06-10 12:45:18.853 W/CameraProviderManager(  221): addProviderLocked: Camera provider HAL with name 'legacy/0' already registered
06-10 12:45:18.853 I/ConfigStore(  536): android::hardware::configstore::V1_0::ISurfaceFlingerConfigs::useHwcForRGBtoYUV retrieved: 0
06-10 12:45:18.853 E/CameraProviderManager(  221): filterLogicalCameraIdsLocked: Failed to getCameraCharacteristics for id 0
06-10 12:45:18.853 I/ConfigStore(  536): android::hardware::configstore::V1_0::ISurfaceFlingerConfigs::maxVirtualDisplaySize retrieved: 0 (default)
06-10 12:45:18.853 I/ConfigStore(  536): android::hardware::configstore::V1_0::ISurfaceFlingerConfigs::useVrFlinger retrieved: 0 (default)
06-10 12:45:18.853 I/ConfigStore(  536): android::hardware::configstore::V1_0::ISurfaceFlingerConfigs::maxFrameBufferAcquiredBuffers retrieved: 3
06-10 12:45:18.853 I/ConfigStore(  536): android::hardware::configstore::V1_0::ISurfaceFlingerConfigs::hasWideColorDisplay retrieved: 0
06-10 12:45:18.854 W/hwservicemanager(  162): getTransport: Cannot find entry android.hardware.configstore@1.1::ISurfaceFlingerConfigs/default in either framework or device manifest.
06-10 12:45:18.855 I/ServiceManagement(  516): Removing namespace from process name android.hardware.audio@2.0-service to audio@2.0-service.
06-10 12:45:18.855 I/ConfigStore(  536): android::hardware::configstore::V1_1::ISurfaceFlingerConfigs::primaryDisplayOrientation retrieved: ORIENTATION_0 (default)
06-10 12:45:18.855 I/SurfaceFlinger(  536): Enabling HWC virtual displays
06-10 12:45:18.855 I/CameraHardwareInterface(  221): Opening camera 0
06-10 12:45:18.855 I/SurfaceFlinger(  536): Disabling Triple Buffering
06-10 12:45:18.855 I/SurfaceFlinger(  536): Treble testing override: 'false'
06-10 12:45:18.855 I/SurfaceFlinger(  536): SurfaceFlinger's main thread ready to run. Initializing graphics H/W...
06-10 12:45:18.855 I/SurfaceFlinger(  536): Phase offest NS: 1000000
06-10 12:45:18.856 I/CamDev@1.0-impl(  517): Opening camera 0
06-10 12:45:18.856 I/audiohalservice(  516): Registration complete for android.hardware.audio@2.0::IDevicesFactory/default.
06-10 12:45:18.856 V/EmulatedCamera_BaseCamera(  517): getCameraInfo
06-10 12:45:18.856 V/EmulatedCamera_CallbackNotifier(  517): setCallbacks: 0xf4e5dee0, 0xf4e5df50, 0xf4e5e660, 0xf4e5da60 (0xf409f000)
06-10 12:45:18.857 W/hwservicemanager(  162): getTransport: Cannot find entry android.hardware.audio.effect@4.0::IEffectsFactory/default in either framework or device manifest.
06-10 12:45:18.857 E/audiohalservice(  516): Could not get passthrough implementation for android.hardware.audio.effect@4.0::IEffectsFactory/default.
06-10 12:45:18.858 D/vndksupport(  516): Loading /vendor/lib/hw/android.hardware.audio.effect@2.0-impl.so from current namespace instead of sphal namespace.
06-10 12:45:18.859 D/local_opengl(  477): Sending id 0 to host
06-10 12:45:18.861 V/EmulatedCamera_Preview(  517): setPreviewWindow: current: 0x0 -> new: 0xf409f024
06-10 12:45:18.861 D/libEGL  (  536): Emulator has host GPU support, qemu.gles is set to 1.
06-10 12:45:18.862 V/EmulatedCamera_Preview(  517): setPreviewWindow: current: 0xf409f024 -> new: 0x0
06-10 12:45:18.862 V/EmulatedCamera_Preview(  517): setPreviewWindow: current: 0x0 -> new: 0x0
06-10 12:45:18.862 I/CamDev@1.0-impl(  517): Closing camera 0
06-10 12:45:18.863 I/CameraHardwareInterface(  221): Opening camera 1
06-10 12:45:18.863 I/CamDev@1.0-impl(  517): Opening camera 1
06-10 12:45:18.863 V/EmulatedCamera_BaseCamera(  517): getCameraInfo
06-10 12:45:18.863 V/EmulatedCamera_CallbackNotifier(  517): setCallbacks: 0xf4e5dee0, 0xf4e5df50, 0xf4e5e660, 0xf4e5da60 (0xf409f0e0)
06-10 12:45:18.864 V/EmulatedCamera_Preview(  517): setPreviewWindow: current: 0x0 -> new: 0xf409f104
06-10 12:45:18.864 D/local_opengl(  477): Sending id 1 to host
06-10 12:45:18.865 V/EmulatedCamera_Preview(  517): setPreviewWindow: current: 0xf409f104 -> new: 0x0
06-10 12:45:18.865 V/EmulatedCamera_Preview(  517): setPreviewWindow: current: 0x0 -> new: 0x0
06-10 12:45:18.865 D/vndksupport(  536): Loading /vendor/lib/egl/libGLES_emulation.so from current namespace instead of sphal namespace.
06-10 12:45:18.866 E/libEGL  (  536): load_driver(/vendor/lib/egl/libGLES_emulation.so): dlopen failed: library "/vendor/lib/egl/libGLES_emulation.so" not found
06-10 12:45:18.866 D/vndksupport(  536): Loading /vendor/lib/egl/libEGL_emulation.so from current namespace instead of sphal namespace.
06-10 12:45:18.866 I/CamDev@1.0-impl(  517): Closing camera 1
06-10 12:45:18.867 I/CameraService(  221): onDeviceStatusChanged: Status changed for cameraId=1, newStatus=1
06-10 12:45:18.867 I/CameraService(  221): onDeviceStatusChanged: Unknown camera ID 1, a new camera is added
06-10 12:45:18.867 E/CameraProviderManager(  221): filterLogicalCameraIdsLocked: Failed to getCameraCharacteristics for id 0
06-10 12:45:18.868 D/HostConnection(  523): HostComposition ext ANDROID_EMU_host_composition_v1 ANDROID_EMU_host_composition_v2 ANDROID_EMU_async_unmap_buffer ANDROID_EMU_sync_buffer_data GL_OES_EGL_image_external_essl3 GL_OES_vertex_array_object GL_KHR_texture_compression_astc_ldr ANDROID_EMU_host_side_tracing ANDROID_EMU_async_frame_commands ANDROID_EMU_gles_max_version_3_1 
06-10 12:45:18.868 E/        (  523): open_verbose:32: Could not open '/dev/goldfish_pipe': No such file or directory
06-10 12:45:18.868 W/        (  523): Process pipe failed
06-10 12:45:18.868 E/CameraProviderManager(  221): filterLogicalCameraIdsLocked: Failed to getCameraCharacteristics for id 0
06-10 12:45:18.868 I/CameraService(  221): onDeviceStatusChanged: Status changed for cameraId=1, newStatus=1
06-10 12:45:18.868 I/CameraService(  221): onDeviceStatusChanged: Status changed for cameraId=0, newStatus=1
06-10 12:45:18.868 I/CameraService(  221): onDeviceStatusChanged: Status changed for cameraId=0, newStatus=1
06-10 12:45:18.868 I/CameraService(  221): onDeviceStatusChanged: Unknown camera ID 0, a new camera is added
06-10 12:45:18.868 I/CameraService(  221): onDeviceStatusChanged: Unknown camera ID 0, a new camera is added
06-10 12:45:18.868 E/CameraProviderManager(  221): filterLogicalCameraIdsLocked: Failed to getCameraCharacteristics for id 0
06-10 12:45:18.868 E/CameraProviderManager(  221): filterLogicalCameraIdsLocked: Failed to getCameraCharacteristics for id 0
06-10 12:45:18.870 I/        (  221): Waiting for activity service
06-10 12:45:18.872 D/libEGL  (  536): loaded /vendor/lib/egl/libEGL_emulation.so
06-10 12:45:18.874 D/vndksupport(  523): Loading /vendor/lib/hw/android.hardware.graphics.mapper@2.0-impl.so from current namespace instead of sphal namespace.
06-10 12:45:18.874 D/vndksupport(  536): Loading /vendor/lib/egl/libGLESv1_CM_emulation.so from current namespace instead of sphal namespace.
06-10 12:45:18.875 D/vndksupport(  523): Loading /vendor/lib/hw/gralloc.ranchu.so from current namespace instead of sphal namespace.
06-10 12:45:18.876 D/libEGL  (  536): loaded /vendor/lib/egl/libGLESv1_CM_emulation.so
06-10 12:45:18.876 E/SELinux (  162): avc:  denied  { find } for interface=android.hardware.graphics.allocator::IAllocator sid=u:r:hal_graphics_composer_default:s0 pid=523 scontext=u:r:hal_graphics_composer_default:s0 tcontext=u:object_r:hal_graphics_allocator_hwservice:s0 tclass=hwservice_manager permissive=1
06-10 12:45:18.881 D/HostConnection(  522): HostComposition ext ANDROID_EMU_host_composition_v1 ANDROID_EMU_host_composition_v2 ANDROID_EMU_async_unmap_buffer ANDROID_EMU_sync_buffer_data GL_OES_EGL_image_external_essl3 GL_OES_vertex_array_object GL_KHR_texture_compression_astc_ldr ANDROID_EMU_host_side_tracing ANDROID_EMU_async_frame_commands ANDROID_EMU_gles_max_version_3_1 
06-10 12:45:18.882 E/        (  522): open_verbose:32: Could not open '/dev/goldfish_pipe': No such file or directory
06-10 12:45:18.882 W/        (  522): Process pipe failed
06-10 12:45:18.882 D/gralloc_ranchu(  522): gralloc_alloc: Creating ashmem region of size 4100096
06-10 12:45:18.883 I/audiohalservice(  516): Registration complete for android.hardware.audio.effect@2.0::IEffectsFactory/default.
06-10 12:45:18.884 D/vndksupport(  516): Loading /vendor/lib/hw/android.hardware.soundtrigger@2.1-impl.so from current namespace instead of sphal namespace.
06-10 12:45:18.886 E/SoundTriggerHalImpl(  516): couldn't load sound trigger module sound_trigger.primary (No such file or directory)
06-10 12:45:18.887 I/audiohalservice(  516): Registration complete for android.hardware.soundtrigger@2.1::ISoundTriggerHw/default.
06-10 12:45:18.887 W/hwservicemanager(  162): getTransport: Cannot find entry android.hardware.bluetooth.a2dp@1.0::IBluetoothAudioOffload/default in either framework or device manifest.
06-10 12:45:18.888 D/vndksupport(  516): Loading /vendor/lib/hw/android.hardware.bluetooth.a2dp@1.0-impl.so from current namespace instead of sphal namespace.
06-10 12:45:18.888 D/vndksupport(  536): Loading /vendor/lib/egl/libGLESv2_emulation.so from current namespace instead of sphal namespace.
06-10 12:45:18.889 I/audiohalservice(  516): Registration complete for android.hardware.bluetooth.a2dp@1.0::IBluetoothAudioOffload/default.
06-10 12:45:18.890 D/libEGL  (  536): loaded /vendor/lib/egl/libGLESv2_emulation.so
06-10 12:45:18.893 I/ServiceManager(  486): Waiting for service SurfaceFlinger...
06-10 12:45:18.896 D/HostConnection(  536): HostConnection::get() New Host Connection established 0xf5420900, pid 536, tid 536
06-10 12:45:18.904 E/        (  522): open_verbose:32: Could not open '/dev/goldfish_pipe': No such file or directory
06-10 12:45:18.904 D/HostConnection(  523): createUnique: call
06-10 12:45:18.904 D/HostConnection(  523): HostConnection::get() New Host Connection established 0xef920780, pid 523, tid 523
06-10 12:45:18.917 D/local_opengl(  477): Sending id 2 to host
06-10 12:45:18.919 D/local_opengl(  477): Sending id 3 to host
06-10 12:45:18.937 D/HostConnection(  523): HostComposition ext ANDROID_EMU_host_composition_v1 ANDROID_EMU_host_composition_v2 ANDROID_EMU_async_unmap_buffer ANDROID_EMU_sync_buffer_data GL_OES_EGL_image_external_essl3 GL_OES_vertex_array_object GL_KHR_texture_compression_astc_ldr ANDROID_EMU_host_side_tracing ANDROID_EMU_async_frame_commands ANDROID_EMU_gles_max_version_3_1 
06-10 12:45:18.937 D/HostConnection(  536): HostComposition ext GL_OES_EGL_sync GL_OES_EGL_image GL_OES_EGL_image_external GL_OES_depth24 GL_OES_depth32 GL_OES_element_index_uint GL_OES_texture_float GL_OES_texture_float_linear GL_OES_compressed_paletted_texture GL_OES_compressed_ETC1_RGB8_texture GL_OES_depth_texture GL_OES_texture_half_float GL_OES_texture_half_float_linear GL_OES_packed_depth_stencil GL_OES_vertex_half_float GL_OES_texture_npot GL_OES_rgb8_rgba8 GL_EXT_color_buffer_float GL_EXT_color_buffer_half_float GL_EXT_texture_format_BGRA8888 GL_APPLE_texture_format_BGRA8888 ANDROID_EMU_host_composition_v1 ANDROID_EMU_host_composition_v2 ANDROID_EMU_async_unmap_buffer ANDROID_EMU_sync_buffer_data GL_OES_EGL_image_external_essl3 GL_OES_vertex_array_object GL_KHR_texture_compression_astc_ldr ANDROID_EMU_host_side_tracing ANDROID_EMU_async_frame_commands ANDROID_EMU_gles_max_version_3_1 
06-10 12:45:18.937 E/        (  536): open_verbose:32: Could not open '/dev/goldfish_pipe': No such file or directory
06-10 12:45:18.937 W/        (  536): Process pipe failed
06-10 12:45:18.938 I/ServiceManagement(  523): Removing namespace from process name android.hardware.graphics.composer@2.1-service to composer@2.1-service.
06-10 12:45:18.939 I/android.hardware.graphics.composer@2.1-service(  523): Registration complete for android.hardware.graphics.composer@2.1::IComposer/default.
06-10 12:45:18.941 I/FastMixerState(  530): sMaxFastTracks = 8
06-10 12:45:18.941 V/MediaUtils(  530): physMem: 4294967295
06-10 12:45:18.942 V/MediaUtils(  530): requested limit: 536870912
06-10 12:45:18.942 V/MediaUtils(  530): cfi shadow size: 32768
06-10 12:45:18.942 V/MediaUtils(  530): actual limit: 536903680
06-10 12:45:18.942 V/MediaUtils(  530): original limits: 4294967295/4294967295
06-10 12:45:18.942 V/MediaUtils(  530): new limits: 536903680/4294967295
06-10 12:45:18.942 I/audioserver(  530): ServiceManager: 0xe9b1aa60
06-10 12:45:18.943 I/ConfigStore(  536): android::hardware::configstore::V1_0::ISurfaceFlingerConfigs::hasWideColorDisplay retrieved: 0
06-10 12:45:18.943 I/ConfigStore(  536): android::hardware::configstore::V1_0::ISurfaceFlingerConfigs::hasHDRDisplay retrieved: 0
06-10 12:45:18.943 W/ContextImpl(  486): Missing ActivityManager; assuming 1041 does not hold android.permission.UPDATE_DEVICE_STATS
06-10 12:45:18.943 I/SurfaceFlinger(  536): EGL information: format=0x1
06-10 12:45:18.943 I/SurfaceFlinger(  536): vendor    : Android
06-10 12:45:18.943 I/SurfaceFlinger(  536): version   : 1.4 Android META-EGL
06-10 12:45:18.944 I/SurfaceFlinger(  536): extensions: EGL_KHR_get_all_proc_addresses EGL_ANDROID_presentation_time EGL_KHR_swap_buffers_with_damage EGL_ANDROID_get_native_client_buffer EGL_ANDROID_front_buffer_auto_refresh EGL_ANDROID_get_frame_timestamps EGL_EXT_surface_SMPTE2086_metadata EGL_EXT_surface_CTA861_3_metadata EGL_KHR_image EGL_KHR_image_base EGL_KHR_gl_texture_2D_image EGL_KHR_fence_sync EGL_KHR_create_context EGL_ANDROID_image_native_buffer EGL_ANDROID_recordable 
06-10 12:45:18.944 I/SurfaceFlinger(  536): Client API: OpenGL_ES
06-10 12:45:18.944 I/SurfaceFlinger(  536): EGLSurface: 8-8-8-8, config=0x3
06-10 12:45:18.947 D/EGL_emulation(  536): eglCreateContext: 0xf5420b40: maj 3 min 1 rcv 4
06-10 12:45:18.948 W/hwservicemanager(  162): getTransport: Cannot find entry android.hardware.audio@4.0::IDevicesFactory/default in either framework or device manifest.
06-10 12:45:18.949 E/        (  536): open_verbose:32: Could not open '/dev/goldfish_pipe': No such file or directory
06-10 12:45:18.952 W/hwservicemanager(  162): getTransport: Cannot find entry android.hardware.audio@2.0::IDevicesFactory/msd in either framework or device manifest.
06-10 12:45:18.953 D/vndksupport(  530): Loading /vendor/lib/hw/android.hardware.audio@2.0-impl.so from current namespace instead of sphal namespace.
06-10 12:45:18.955 W/hwservicemanager(  162): getTransport: Cannot find entry android.hardware.audio.effect@4.0::IEffectsFactory/default in either framework or device manifest.
06-10 12:45:18.957 I/AudioFlinger(  530): Using default 3000 mSec as standby time.
06-10 12:45:18.959 I/APM::ConfigParsingUtils(  530): loadAudioPolicyConfig() loaded /system/etc/audio_policy.conf
06-10 12:45:18.962 I/genymotion_audio(  516): Starting audio input server
06-10 12:45:18.962 I/genymotion_audio(  516): Starting input server...
06-10 12:45:18.962 I/genymotion_audio(  516): pcm dump: lock server init ret: 0
06-10 12:45:18.962 I/genymotion_audio(  516): pcm dump: init input buffer with 2646 frames of 4 bytes
06-10 12:45:18.962 D/genymotion_audio(  516): audio_vbuffer_init with frame count 2646, and frame size 4
06-10 12:45:18.962 D/genymotion_audio(  516): buffer initialized:
06-10 12:45:18.962 I/genymotion_audio(  516): Starting input pcm server
06-10 12:45:18.962 I/genymotion_audio(  516): Input server: Trying to get inet socket
06-10 12:45:18.963 I/genymotion_audio(  516): Input server waiting for connection
06-10 12:45:18.963 W/DeviceHAL(  516): Error from HAL Device in function get_master_volume: Function not implemented
06-10 12:45:18.963 W/DeviceHAL(  516): Error from HAL Device in function get_master_mute: Function not implemented
06-10 12:45:18.963 W/DeviceHAL(  516): Error from HAL Device in function set_master_volume: Function not implemented
06-10 12:45:18.963 W/DeviceHAL(  516): Error from HAL Device in function set_master_mute: Function not implemented
06-10 12:45:18.963 I/AudioFlinger(  530): loadHwModule() Loaded primary audio interface, handle 10
06-10 12:45:18.963 I/AudioFlinger(  530): openOutput() this 0xe9b3c000, module 10 Device 0x2, SamplingRate 48000, Format 0x000001, Channels 0x3, flags 0x2
06-10 12:45:18.963 D/genymotion_audio(  516): audio_vbuffer_init with frame count 2880, and frame size 4
06-10 12:45:18.964 I/genymotion_audio(  516): Starting pcm out server
06-10 12:45:18.964 I/genymotion_audio(  516): start_pcm_server: out sampling rate 48000
06-10 12:45:18.965 I/AudioFlinger(  530): HAL output buffer size 720 frames, normal sink buffer size 1152 frames
06-10 12:45:18.965 W/hwservicemanager(  162): getTransport: Cannot find entry android.hardware.audio.effect@4.0::IEffectsFactory/default in either framework or device manifest.
06-10 12:45:18.969 E/EffectsConfig(  516): Could not parse effect configuration in any of the default locations.
06-10 12:45:18.969 E/EffectsFactoryConfigLoader(  516): Failed to parse XML configuration file
06-10 12:45:18.969 W/EffectsFactory(  516): Failed to load XML effect configuration, fallback to .conf
06-10 12:45:18.975 I/BufferProvider(  530): found effect "Multichannel Downmix To Stereo" from The Android Open Source Project
06-10 12:45:18.975 I/AudioFlinger(  530): Using module 10 as the primary audio interface
06-10 12:45:18.975 I/AudioFlinger(  530): AudioFlinger's thread 0xe9003540 tid=590 ready to run
06-10 12:45:18.975 W/AudioFlinger(  530): no wake lock to update, system not ready yet
06-10 12:45:18.976 W/AudioFlinger(  530): no wake lock to update, system not ready yet
06-10 12:45:18.977 W/AudioFlinger(  530): moveEffects() bad srcOutput 0
06-10 12:45:18.978 D/genymotion_audio(  516): adev open input stream
06-10 12:45:18.978 D/genymotion_audio(  516): input refine: channel count: 2
06-10 12:45:18.978 D/genymotion_audio(  516): input refine: queried samplerate: 44100
06-10 12:45:18.978 D/genymotion_audio(  516): opening input stream format 1, channel_mask 000c, sample_rate 44100
06-10 12:45:18.978 I/genymotion_audio(  516): pcm dump: lock init ret: 0
06-10 12:45:18.978 I/genymotion_audio(  516): pcm dump: in->pcm_config.rate: 44100
06-10 12:45:18.978 I/genymotion_audio(  516): pcm dump: in->pcm_config.period_size: 661
06-10 12:45:18.978 I/genymotion_audio(  516): pcm dump: in->pcm_config.period_count: 4
06-10 12:45:18.978 I/genymotion_audio(  516): pcm dump: in->pcm_config.channels: 2
06-10 12:45:18.978 I/genymotion_audio(  516): pcm dump: to byte: 2
06-10 12:45:18.979 D/genymotion_audio(  516): audio_vbuffer_init with frame count 2644, and frame size 4
06-10 12:45:18.979 I/genymotion_audio(  516): in_read_worker: Start.  channels 2 format 0 rate 44100
06-10 12:45:18.979 I/genymotion_audio(  516): in_read_worker dump: in->pcm_config.period_size: 661
06-10 12:45:18.979 I/genymotion_audio(  516): in_read_worker dump: in->pcm_config.period_count: 4
06-10 12:45:18.979 I/genymotion_audio(  516): in_read_worker dump: in->pcm_config.channels: 2
06-10 12:45:18.979 I/genymotion_audio(  516): in_read_worker dump: to byte: 2
06-10 12:45:18.979 I/genymotion_audio(  516): in_read_worker standby/restart
06-10 12:45:18.979 D/genymotion_audio(  516): input refine: channel count: 2
06-10 12:45:18.979 D/genymotion_audio(  516): input refine: queried samplerate: 44100
06-10 12:45:18.979 D/genymotion_audio(  516): input refine: channel count: 2
06-10 12:45:18.979 D/genymotion_audio(  516): input refine: queried samplerate: 44100
06-10 12:45:18.980 I/AudioFlinger(  530): AudioFlinger's thread 0xe8d0fc00 tid=592 ready to run
06-10 12:45:18.980 D/genymotion_audio(  516): adev_close_input_stream
06-10 12:45:18.980 E/EffectsConfig(  530): Could not parse effect configuration in any of the default locations.
06-10 12:45:18.980 W/AudioPolicyEffects(  530): Failed to load XML effect configuration, fallback to .conf
06-10 12:45:18.980 I/        (  530): Waiting for activity service
06-10 12:45:19.007 D/EGL_emulation(  536): eglMakeCurrent: 0xf5420b40: ver 3 1 (tinfo 0xf541c320) (first time)
06-10 12:45:19.028 I/SurfaceFlinger(  536): OpenGL ES informations: format=0x1
06-10 12:45:19.028 I/SurfaceFlinger(  536): vendor    : Google (AMD)
06-10 12:45:19.028 I/SurfaceFlinger(  536): renderer  : Android Emulator OpenGL ES Translator (AMD Custom GPU 0405 (vangogh, LLVM 14.0.6, DRM 3.45, 5.13.0-valve36-1-neptune))
06-10 12:45:19.028 I/SurfaceFlinger(  536): version   : OpenGL ES 3.1 (4.6 (Core Profile) Mesa 22.2.0 (git-17e5312102))
06-10 12:45:19.028 I/SurfaceFlinger(  536): extensions: GL_EXT_debug_marker GL_EXT_robustness GL_OES_EGL_sync GL_OES_EGL_image GL_OES_EGL_image_external GL_OES_depth24 GL_OES_depth32 GL_OES_element_index_uint GL_OES_texture_float GL_OES_texture_float_linear GL_OES_compressed_paletted_texture GL_OES_compressed_ETC1_RGB8_texture GL_OES_depth_texture GL_OES_texture_half_float GL_OES_texture_half_float_linear GL_OES_packed_depth_stencil GL_OES_vertex_half_float GL_OES_texture_npot GL_OES_rgb8_rgba8 GL_EXT_color_buffer_float GL_EXT_color_buffer_half_float GL_EXT_texture_format_BGRA8888 GL_APPLE_texture_format_BGRA8888 ANDROID_EMU_host_composition_v1 ANDROID_EMU_host_composition_v2 ANDROID_EMU_async_unmap_buffer ANDROID_EMU_sync_buffer_data GL_OES_EGL_image_external_essl3 GL_OES_vertex_array_object GL_KHR_texture_compression_astc_ldr ANDROID_EMU_host_side_tracing ANDROID_EMU_async_frame_commands ANDROID_EMU_gles_max_version_3_1 
06-10 12:45:19.028 I/SurfaceFlinger(  536): GL_MAX_TEXTURE_SIZE = 16384
06-10 12:45:19.028 I/SurfaceFlinger(  536): GL_MAX_VIEWPORT_DIMS = 16384
06-10 12:45:19.030 D/vndksupport(  523): Loading /vendor/lib/hw/android.hardware.graphics.mapper@2.0-impl.so from current namespace instead of sphal namespace.
06-10 12:45:19.031 D/vndksupport(  523): Loading /vendor/lib/hw/gralloc.ranchu.so from current namespace instead of sphal namespace.
06-10 12:45:19.032 E/HWComposer(  536): getSupportedPerFrameMetadata: getSupportedPerFrameMetadata failed for display 0: Unsupported (8)
06-10 12:45:19.033 D/vndksupport(  536): Loading /vendor/lib/hw/android.hardware.graphics.mapper@2.0-impl.so from current namespace instead of sphal namespace.
06-10 12:45:19.034 D/vndksupport(  536): Loading /vendor/lib/hw/gralloc.ranchu.so from current namespace instead of sphal namespace.
06-10 12:45:19.035 D/gralloc_ranchu(  522): gralloc_alloc: Creating ashmem region of size 4100096
06-10 12:45:19.038 E/        (  522): open_verbose:32: Could not open '/dev/goldfish_pipe': No such file or directory
06-10 12:45:19.038 D/HostConnection(  536): createUnique: call
06-10 12:45:19.039 D/HostConnection(  536): HostConnection::get() New Host Connection established 0xf5420de0, pid 536, tid 536
06-10 12:45:19.040 D/local_opengl(  477): Sending id 4 to host
06-10 12:45:19.041 D/HostConnection(  536): HostComposition ext ANDROID_EMU_host_composition_v1 ANDROID_EMU_host_composition_v2 ANDROID_EMU_async_unmap_buffer ANDROID_EMU_sync_buffer_data GL_OES_EGL_image_external_essl3 GL_OES_vertex_array_object GL_KHR_texture_compression_astc_ldr ANDROID_EMU_host_side_tracing ANDROID_EMU_async_frame_commands ANDROID_EMU_gles_max_version_3_1 
06-10 12:45:19.042 D/gralloc_ranchu(  522): gralloc_alloc: Creating ashmem region of size 4100096
06-10 12:45:19.047 E/        (  522): open_verbose:32: Could not open '/dev/goldfish_pipe': No such file or directory
06-10 12:45:19.048 D/gralloc_ranchu(  522): gralloc_alloc: Creating ashmem region of size 4100096
06-10 12:45:19.055 E/        (  522): open_verbose:32: Could not open '/dev/goldfish_pipe': No such file or directory
06-10 12:45:19.467 D/SurfaceFlinger(  536): shader cache generated - 24 shaders in 403.201050 ms
06-10 12:45:19.470 D/SurfaceFlinger(  536): Set power mode=2, type=0 flinger=0xf5442000
06-10 12:45:19.470 D/SurfaceFlinger(  536): Finished set power mode=2, type=0
06-10 12:45:19.476 W/EmuHWC2 (  523): No layers, exit, buffer 0x0
06-10 12:45:19.500 W/system_server(  486): Long monitor contention with owner android.display (511) at long android.view.DisplayEventReceiver.nativeInit(java.lang.ref.WeakReference, android.os.MessageQueue, int)(DisplayEventReceiver.java:-2) waiters=0 in void com.android.server.display.DisplayManagerService.onBootPhase(int) for 3.522s
06-10 12:45:19.504 I/DisplayManagerService(  486): Display device added: DisplayDeviceInfo{"Built-in Screen": uniqueId="local:0", 1280 x 800, modeId 1, defaultModeId 1, supportedModes [{id=1, width=1280, height=800, fps=60.000004}], colorMode 0, supportedColorModes [0], HdrCapabilities android.view.Display$HdrCapabilities@40f16308, density 213, 213.0 x 213.0 dpi, appVsyncOff 1000000, presDeadline 16666666, touch INTERNAL, rotation 0, type BUILT_IN, state UNKNOWN, FLAG_DEFAULT_DISPLAY, FLAG_ROTATES_WITH_CONTENT, FLAG_SECURE, FLAG_SUPPORTS_PROTECTED_BUFFERS}
06-10 12:45:19.504 D/SurfaceFlinger(  536): Set power mode=2, type=0 flinger=0xf5442000
06-10 12:45:19.505 W/hwservicemanager(  162): getTransport: Cannot find entry android.hardware.light@2.0::ILight/default in either framework or device manifest.
06-10 12:45:19.507 I/DisplayManagerService(  486): Display device changed state: "Built-in Screen", ON
06-10 12:45:19.506 W/SystemServiceManager(  486): Service com.android.server.display.DisplayManagerService took 3529 ms in onBootPhase
06-10 12:45:19.507 D/SystemServerTiming(  486): WaitForDisplay took to complete: 3529ms
06-10 12:45:19.507 I/SystemServer(  486): StartPackageManagerService
06-10 12:45:19.532 D/SELinuxMMAC(  486): Using policy file /system/etc/selinux/plat_mac_permissions.xml
06-10 12:45:19.534 D/SELinuxMMAC(  486): Using policy file /vendor/etc/selinux/vendor_mac_permissions.xml
06-10 12:45:19.536 D/FallbackCategoryProvider(  486): Found 1 fallback categories
06-10 12:45:19.645 D/libEGL  (  607): Emulator has host GPU support, qemu.gles is set to 1.
06-10 12:45:19.647 D/vndksupport(  607): Loading /vendor/lib/egl/libGLES_emulation.so from current namespace instead of sphal namespace.
06-10 12:45:19.648 E/libEGL  (  607): load_driver(/vendor/lib/egl/libGLES_emulation.so): dlopen failed: library "/vendor/lib/egl/libGLES_emulation.so" not found
06-10 12:45:19.648 D/vndksupport(  607): Loading /vendor/lib/egl/libEGL_emulation.so from current namespace instead of sphal namespace.
06-10 12:45:19.650 D/libEGL  (  607): loaded /vendor/lib/egl/libEGL_emulation.so
06-10 12:45:19.651 D/vndksupport(  607): Loading /vendor/lib/egl/libGLESv1_CM_emulation.so from current namespace instead of sphal namespace.
06-10 12:45:19.652 D/libEGL  (  607): loaded /vendor/lib/egl/libGLESv1_CM_emulation.so
06-10 12:45:19.653 D/PackageManager(  486): No files in app dir /product/overlay
06-10 12:45:19.656 W/PackageManager(  486): Failed to parse /system/framework/oat: Missing base APK in /system/framework/oat
06-10 12:45:19.658 W/PackageManager(  486): Failed to parse /system/framework/x86: Missing base APK in /system/framework/x86
06-10 12:45:19.658 W/EmuHWC2 (  523): No layers, exit, buffer 0x0
06-10 12:45:19.661 D/vndksupport(  607): Loading /vendor/lib/egl/libGLESv2_emulation.so from current namespace instead of sphal namespace.
06-10 12:45:19.661 D/libEGL  (  607): loaded /vendor/lib/egl/libGLESv2_emulation.so
06-10 12:45:19.669 I/BootAnimation(  607): type=1400 audit(0.0:540): avc: denied { write } for name="local_opengl" dev="tmpfs" ino=14512 scontext=u:r:bootanim:s0 tcontext=u:object_r:socket_device:s0 tclass=sock_file permissive=1
06-10 12:45:19.669 I/BootAnimation(  607): type=1400 audit(0.0:541): avc: denied { connectto } for path="/dev/socket/local_opengl" scontext=u:r:bootanim:s0 tcontext=u:r:local_opengl:s0 tclass=unix_stream_socket permissive=1
06-10 12:45:19.673 D/HostConnection(  607): HostConnection::get() New Host Connection established 0xf0999000, pid 607, tid 612
06-10 12:45:19.674 D/local_opengl(  477): Sending id 5 to host
06-10 12:45:19.675 D/HostConnection(  607): HostComposition ext ANDROID_EMU_host_composition_v1 ANDROID_EMU_host_composition_v2 ANDROID_EMU_async_unmap_buffer ANDROID_EMU_sync_buffer_data GL_OES_EGL_image_external_essl3 GL_OES_vertex_array_object GL_KHR_texture_compression_astc_ldr ANDROID_EMU_host_side_tracing ANDROID_EMU_async_frame_commands ANDROID_EMU_gles_max_version_3_1 
06-10 12:45:19.675 E/        (  607): open_verbose:32: Could not open '/dev/goldfish_pipe': No such file or directory
06-10 12:45:19.675 W/        (  607): Process pipe failed
06-10 12:45:19.682 I/ConfigStore(  607): android::hardware::configstore::V1_0::ISurfaceFlingerConfigs::hasWideColorDisplay retrieved: 0
06-10 12:45:19.682 I/ConfigStore(  607): android::hardware::configstore::V1_0::ISurfaceFlingerConfigs::hasHDRDisplay retrieved: 0
06-10 12:45:19.684 D/gralloc_ranchu(  522): gralloc_alloc: Creating ashmem region of size 4100096
06-10 12:45:19.697 E/        (  522): open_verbose:32: Could not open '/dev/goldfish_pipe': No such file or directory
06-10 12:45:19.699 D/vndksupport(  607): Loading /vendor/lib/hw/android.hardware.graphics.mapper@2.0-impl.so from current namespace instead of sphal namespace.
06-10 12:45:19.700 D/vndksupport(  607): Loading /vendor/lib/hw/gralloc.ranchu.so from current namespace instead of sphal namespace.
06-10 12:45:19.701 D/HostConnection(  607): createUnique: call
06-10 12:45:19.701 D/HostConnection(  607): HostConnection::get() New Host Connection established 0xf09991e0, pid 607, tid 612
06-10 12:45:19.703 D/local_opengl(  477): Sending id 6 to host
06-10 12:45:19.704 D/HostConnection(  607): HostComposition ext ANDROID_EMU_host_composition_v1 ANDROID_EMU_host_composition_v2 ANDROID_EMU_async_unmap_buffer ANDROID_EMU_sync_buffer_data GL_OES_EGL_image_external_essl3 GL_OES_vertex_array_object GL_KHR_texture_compression_astc_ldr ANDROID_EMU_host_side_tracing ANDROID_EMU_async_frame_commands ANDROID_EMU_gles_max_version_3_1 
06-10 12:45:19.707 D/EGL_emulation(  607): eglCreateContext: 0xf09992a0: maj 1 min 0 rcv 1
06-10 12:45:19.711 W/PackageManager(  486): Failed to scan /system/priv-app/Phonesky: Package com.android.vending at /system/priv-app/Phonesky ignored: updated version 83521950 better than this 83032110
06-10 12:45:19.713 W/PackageManager(  486): Failed to scan /system/priv-app/PrebuiltGmsCorePi: Package com.google.android.gms at /system/priv-app/PrebuiltGmsCorePi ignored: updated version 231819031 better than this 220920022
06-10 12:45:19.733 D/EGL_emulation(  607): eglMakeCurrent: 0xf09992a0: ver 1 0 (tinfo 0xf098f0b0) (first time)
06-10 12:45:19.733 D/EGL_emulation(  607): eglMakeCurrent: 0xf09992a0: ver 1 0 (tinfo 0xf098f0b0) (first time)
06-10 12:45:19.736 D/BootAnimation(  607): BootAnimationShownTiming start time: 9862ms
06-10 12:45:19.757 D/PackageManager(  486): No files in app dir /system/vendor/priv-app
06-10 12:45:19.757 D/PackageManager(  486): No files in app dir /system/vendor/app
06-10 12:45:19.757 D/PackageManager(  486): No files in app dir /odm/priv-app
06-10 12:45:19.757 D/PackageManager(  486): No files in app dir /odm/app
06-10 12:45:19.757 D/PackageManager(  486): No files in app dir /oem/app
06-10 12:45:19.757 D/PackageManager(  486): No files in app dir /system/product/priv-app
06-10 12:45:19.761 W/PackageManager(  486): Expecting better updated system app for com.android.vending; removing system app.  Last known codePath=/data/app/com.android.vending-1WhW1mr96Ixz0S7BiigySQ==, versionCode=83521950; scanned versionCode=83032110
06-10 12:45:19.764 W/PackageManager(  486): Expecting better updated system app for com.google.android.gms; removing system app.  Last known codePath=/data/app/com.google.android.gms-dm5xBiK7ZLKzQqxWTjvcrg==, versionCode=231819031; scanned versionCode=220920022
06-10 12:45:19.766 I/PackageManager(  486): Finished scanning system apps. Time: 124 ms, packageCount: 107 , timePerPackage: 1 , cached: 109
06-10 12:45:19.776 W/PackageManager(  486): Relax SCAN_REQUIRE_KNOWN requirement for package com.android.vending
06-10 12:45:19.787 D/gralloc_ranchu(  522): gralloc_alloc: Creating ashmem region of size 4100096
06-10 12:45:19.787 W/PackageManager(  486): Relax SCAN_REQUIRE_KNOWN requirement for package com.google.android.gms
06-10 12:45:19.796 W/PackageParser(  486): Unknown element under <manifest>: queries at /data/app/com.apkmirror.helper.prod-MGQYU00L3WHZeqLuLWcLdw==/base.apk Binary XML file line #30
06-10 12:45:19.807 E/        (  522): open_verbose:32: Could not open '/dev/goldfish_pipe': No such file or directory
06-10 12:45:19.811 D/PackageManager(  486): No files in app dir /data/app-private
06-10 12:45:19.811 I/PackageManager(  486): Finished scanning non-system apps. Time: 44 ms, packageCount: 4 , timePerPackage: 11 , cached: 3
06-10 12:45:19.813 E/PackageManager(  486): updateAllSharedLibrariesLPw failed: Package com.google.android.carriersetup requires unavailable shared library com.verizon.provider; failing!
06-10 12:45:19.814 I/PackageManager(  486): Time to scan packages: 0.172 seconds
06-10 12:45:19.816 D/gralloc_ranchu(  522): gralloc_alloc: Creating ashmem region of size 4100096
06-10 12:45:19.816 I/PackageManager(  486): Un-granting permission android.permission.INSTALL_GRANT_RUNTIME_PERMISSIONS from package com.android.vending (protectionLevel=770 flags=0x284abec5)
06-10 12:45:19.816 I/PackageManager(  486): Un-granting permission android.permission.GRANT_RUNTIME_PERMISSIONS from package com.android.vending (protectionLevel=770 flags=0x284abec5)
06-10 12:45:19.816 I/PackageManager(  486): Un-granting permission android.permission.REVOKE_RUNTIME_PERMISSIONS from package com.android.vending (protectionLevel=770 flags=0x284abec5)
06-10 12:45:19.816 I/PackageManager(  486): Un-granting permission android.permission.SET_PREFERRED_APPLICATIONS from package com.android.vending (protectionLevel=514 flags=0x284abec5)
06-10 12:45:19.816 I/PackageManager(  486): Un-granting permission android.permission.ACCESS_INSTANT_APPS from package com.android.vending (protectionLevel=770 flags=0x284abec5)
06-10 12:45:19.816 I/PackageManager(  486): Un-granting permission android.permission.MANAGE_APP_OPS_MODES from package com.android.vending (protectionLevel=770 flags=0x284abec5)
06-10 12:45:19.816 I/PackageManager(  486): Un-granting permission android.permission.SET_HARMFUL_APP_WARNINGS from package com.android.vending (protectionLevel=514 flags=0x284abec5)
06-10 12:45:19.818 I/PackageManager(  486): Un-granting permission android.permission.CLEAR_APP_USER_DATA from package com.google.android.packageinstaller (protectionLevel=258 flags=0x30483e45)
06-10 12:45:19.818 I/PackageManager(  486): Un-granting permission android.permission.GRANT_RUNTIME_PERMISSIONS from package com.google.android.packageinstaller (protectionLevel=770 flags=0x30483e45)
06-10 12:45:19.818 I/PackageManager(  486): Un-granting permission android.permission.REVOKE_RUNTIME_PERMISSIONS from package com.google.android.packageinstaller (protectionLevel=770 flags=0x30483e45)
06-10 12:45:19.818 I/PackageManager(  486): Un-granting permission android.permission.INSTALL_GRANT_RUNTIME_PERMISSIONS from package com.google.android.packageinstaller (protectionLevel=770 flags=0x30483e45)
06-10 12:45:19.818 I/PackageManager(  486): Un-granting permission android.permission.INTERACT_ACROSS_USERS_FULL from package com.google.android.packageinstaller (protectionLevel=258 flags=0x30483e45)
06-10 12:45:19.818 I/PackageManager(  486): Un-granting permission android.permission.MANAGE_APP_OPS_MODES from package com.google.android.packageinstaller (protectionLevel=770 flags=0x30483e45)
06-10 12:45:19.818 I/PackageManager(  486): Un-granting permission android.permission.KILL_UID from package com.google.android.packageinstaller (protectionLevel=258 flags=0x30483e45)
06-10 12:45:19.818 I/PackageManager(  486): Un-granting permission android.permission.MANAGE_APP_OPS_RESTRICTIONS from package com.google.android.packageinstaller (protectionLevel=258 flags=0x30483e45)
06-10 12:45:19.818 I/PackageManager(  486): Un-granting permission android.permission.HIDE_NON_SYSTEM_OVERLAY_WINDOWS from package com.google.android.packageinstaller (protectionLevel=258 flags=0x30483e45)
06-10 12:45:19.818 I/PackageManager(  486): Un-granting permission android.permission.ACCESS_INSTANT_APPS from package com.google.android.packageinstaller (protectionLevel=770 flags=0x30483e45)
06-10 12:45:19.822 V/PackageManager(  486): reconcileAppsData for null u0 0x1 migrateAppData=true
06-10 12:45:19.825 I/SELinux (  224): SELinux: Loaded file_contexts
