06-10 15:09:57.662 I/PackageManager(  486): Finished scanning non-system apps. Time: 62 ms, packageCount: 6 , timePerPackage: 10 , cached: 4
06-10 15:09:57.663 E/PackageManager(  486): updateAllSharedLibrariesLPw failed: Package com.google.android.carriersetup requires unavailable shared library com.verizon.provider; failing!
06-10 15:09:57.664 I/PackageManager(  486): Time to scan packages: 0.205 seconds
06-10 15:09:57.665 I/PackageManager(  486): Un-granting permission android.permission.INSTALL_GRANT_RUNTIME_PERMISSIONS from package com.android.vending (protectionLevel=770 flags=0x284abec5)
06-10 15:09:57.665 I/PackageManager(  486): Un-granting permission android.permission.GRANT_RUNTIME_PERMISSIONS from package com.android.vending (protectionLevel=770 flags=0x284abec5)
06-10 15:09:57.665 I/PackageManager(  486): Un-granting permission android.permission.REVOKE_RUNTIME_PERMISSIONS from package com.android.vending (protectionLevel=770 flags=0x284abec5)
06-10 15:09:57.666 I/PackageManager(  486): Un-granting permission android.permission.SET_PREFERRED_APPLICATIONS from package com.android.vending (protectionLevel=514 flags=0x284abec5)
06-10 15:09:57.666 I/PackageManager(  486): Un-granting permission android.permission.ACCESS_INSTANT_APPS from package com.android.vending (protectionLevel=770 flags=0x284abec5)
06-10 15:09:57.666 I/PackageManager(  486): Un-granting permission android.permission.MANAGE_APP_OPS_MODES from package com.android.vending (protectionLevel=770 flags=0x284abec5)
06-10 15:09:57.666 I/PackageManager(  486): Un-granting permission android.permission.SET_HARMFUL_APP_WARNINGS from package com.android.vending (protectionLevel=514 flags=0x284abec5)
06-10 15:09:57.667 I/PackageManager(  486): Un-granting permission android.permission.CLEAR_APP_USER_DATA from package com.google.android.packageinstaller (protectionLevel=258 flags=0x30483e45)
06-10 15:09:57.667 I/PackageManager(  486): Un-granting permission android.permission.GRANT_RUNTIME_PERMISSIONS from package com.google.android.packageinstaller (protectionLevel=770 flags=0x30483e45)
06-10 15:09:57.667 I/PackageManager(  486): Un-granting permission android.permission.REVOKE_RUNTIME_PERMISSIONS from package com.google.android.packageinstaller (protectionLevel=770 flags=0x30483e45)
06-10 15:09:57.667 I/PackageManager(  486): Un-granting permission android.permission.INSTALL_GRANT_RUNTIME_PERMISSIONS from package com.google.android.packageinstaller (protectionLevel=770 flags=0x30483e45)
06-10 15:09:57.667 I/PackageManager(  486): Un-granting permission android.permission.INTERACT_ACROSS_USERS_FULL from package com.google.android.packageinstaller (protectionLevel=258 flags=0x30483e45)
06-10 15:09:57.667 I/PackageManager(  486): Un-granting permission android.permission.MANAGE_APP_OPS_MODES from package com.google.android.packageinstaller (protectionLevel=770 flags=0x30483e45)
06-10 15:09:57.667 I/PackageManager(  486): Un-granting permission android.permission.KILL_UID from package com.google.android.packageinstaller (protectionLevel=258 flags=0x30483e45)
06-10 15:09:57.667 I/PackageManager(  486): Un-granting permission android.permission.MANAGE_APP_OPS_RESTRICTIONS from package com.google.android.packageinstaller (protectionLevel=258 flags=0x30483e45)
06-10 15:09:57.667 I/PackageManager(  486): Un-granting permission android.permission.HIDE_NON_SYSTEM_OVERLAY_WINDOWS from package com.google.android.packageinstaller (protectionLevel=258 flags=0x30483e45)
06-10 15:09:57.667 I/PackageManager(  486): Un-granting permission android.permission.ACCESS_INSTANT_APPS from package com.google.android.packageinstaller (protectionLevel=770 flags=0x30483e45)
06-10 15:09:57.669 V/PackageManager(  486): reconcileAppsData for null u0 0x1 migrateAppData=true
06-10 15:09:57.672 I/SELinux (  224): SELinux: Loaded file_contexts
06-10 15:09:57.726 V/PackageManager(  486): reconcileAppsData finished 18 packages
06-10 15:09:57.726 D/SystemServerInitThreadPool(  486): Started executing prepareAppData
06-10 15:09:57.779 V/PackageManager(  486): Ephemeral resolver found; pkg: com.google.android.gms, info:ResolveInfo{fe0aa78 com.google.android.gms/.chimera.PersistentBoundBrokerService m=0x108000}
06-10 15:09:57.779 D/PackageManager(  486): Set ephemeral resolver: Pair{ComponentInfo{com.google.android.gms/com.google.android.gms.chimera.PersistentBoundBrokerService} android.intent.action.RESOLVE_INSTANT_APP_PACKAGE}
06-10 15:09:57.780 D/PackageManager(  486): Set ephemeral installer activity: ComponentInfo{com.android.vending/com.google.android.finsky.instantapps.EphemeralInstallerActivity}
06-10 15:09:57.782 W/installd(  224): Ignoring /data/data/6IoqjXNC7HcE01JTAXYsEpT5CdZ9wiMb/IDIBFRUAejyiINvyAqeiTB with unexpected GID 0 instead of 10019
06-10 15:09:57.789 W/installd(  224): Ignoring /data/data/S,csggs,8vEOMdgV8qttyWSrgGL/7gfYCblwD31uDV3QKrJkzB with unexpected GID 0 instead of 10069
06-10 15:09:57.790 W/installd(  224): Ignoring /data/data/c6ccoJhdGnL+NBCkZ2PRjJMKnymUVL6CcMbhl8gV40G/04gHhwGGIAOiXhKVBRJ+VD with unexpected GID 0 instead of 10054
06-10 15:09:57.799 W/installd(  224): Ignoring /data/data/_oslHCdHqFjV1WKhN,jdOuKQ+UAB+5v2r/CkG0cqGQQpDgaAf1VTP0lB with unexpected GID 0 instead of 10077
06-10 15:09:57.803 W/installd(  224): Ignoring /data/data/msHJwsWmCMCOVM4XRBf5DK7xh9WiljkkLy4V,D/OLo,B9Dv6+rnTLx+Np7mcA with unexpected GID 0 instead of 10015
06-10 15:09:57.805 W/installd(  224): Ignoring /data/data/TXpiJc7uEpeZOnrkUX4dyxsydt9f6ehY/wNhJ1A6cm0heeNc3NErPRB with unexpected GID 0 instead of 10077
06-10 15:09:57.806 W/installd(  224): Ignoring /data/data/jwMmtwC5Py9cUEWB8Kb2UpTj28IKxveS/PDuMa+CgESaRTVGOJUU7CD with unexpected GID 0 instead of 1002
06-10 15:09:57.810 W/installd(  224): Ignoring /data/data/yUhfLBh41sdOTNiLny+5WWZ1,WFk5aH0/FnBZG7q3Fk66,azkbOztzC with unexpected GID 0 instead of 10047
06-10 15:09:57.813 I/system_server(  486): Explicit concurrent copying GC freed 27522(1460KB) AllocSpace objects, 7(320KB) LOS objects, 42% free, 5MB/9MB, paused 80us total 30.648ms
06-10 15:09:57.815 D/SystemServerTiming(  486): StartPackageManagerService took to complete: 495ms
06-10 15:09:57.815 I/SystemServer(  486): StartOtaDexOptService
06-10 15:09:57.815 D/OTADexopt(  486): No upgrade, skipping A/B artifacts check.
06-10 15:09:57.815 W/installd(  224): Ignoring /data/data/jY7pUGSCpt+UVZuctIhMBXj6x1G/kOTx3fkkYNKfwP7O5ihXZD with unexpected GID 0 instead of 10080
06-10 15:09:57.815 D/SystemServerTiming(  486): StartOtaDexOptService took to complete: 1ms
06-10 15:09:57.815 I/SystemServer(  486): StartUserManagerService
06-10 15:09:57.815 I/SystemServiceManager(  486): Starting com.android.server.pm.UserManagerService$LifeCycle
06-10 15:09:57.816 D/SystemServerTiming(  486): StartUserManagerService took to complete: 0ms
06-10 15:09:57.816 I/SystemServer(  486): InitAttributerCache
06-10 15:09:57.816 D/SystemServerTiming(  486): InitAttributerCache took to complete: 1ms
06-10 15:09:57.816 I/SystemServer(  486): SetSystemProcess
06-10 15:09:57.817 W/installd(  224): Ignoring /data/data/j2e5DsE8+KoxV0T0v356oBKgmqJFTVKO/Q7wzd,+XjbgGYbxI4EsfgA with unexpected GID 0 instead of 10064
06-10 15:09:57.821 I/lowmemorykiller(  533): lmkd data connection established
06-10 15:09:57.821 D/SystemServerTiming(  486): SetSystemProcess took to complete: 5ms
06-10 15:09:57.823 W/installd(  224): Ignoring /data/data/SHyQFrGrJMDJH8d,yuhSDmxTGwM/CEBrD2UAmitF12MPR7wLqC with unexpected GID 0 instead of 10022
06-10 15:09:57.824 I/SystemServer(  486): StartOverlayManagerService
06-10 15:09:57.826 D/SystemServerTiming(  486): StartOverlayManagerService took to complete: 1ms
06-10 15:09:57.826 D/SystemServerInitThreadPool(  486): Started executing Init OverlayManagerService
06-10 15:09:57.826 I/SystemServer(  486): StartBatteryService
06-10 15:09:57.826 I/SystemServiceManager(  486): Starting com.android.server.BatteryService
06-10 15:09:57.826 D/SystemServerInitThreadPool(  486): Started executing StartSensorService
06-10 15:09:57.826 D/SensorService(  486): nuSensorService starting...
06-10 15:09:57.830 I/android_os_HwBinder(  486): HwBinder: Starting thread pool for default::android.hardware.health@2.0::IHealth
06-10 15:09:57.831 D/SensorService(  486): nuSensorService thread starting...
06-10 15:09:57.831 D/SensorService(  486): new thread SensorEventAckReceiver
06-10 15:09:57.832 D/SystemServerTimingAsync(  486): StartSensorService took to complete: 5ms
06-10 15:09:57.832 D/SystemServerInitThreadPool(  486): Finished executing StartSensorService
06-10 15:09:57.837 I/android_os_HwBinder(  486): HwBinder: Starting thread pool for default::android.hidl.manager@1.0::IServiceManager
06-10 15:09:57.837 I/HealthServiceWrapper(  486): health: HealthServiceWrapper listening to instance default
06-10 15:09:57.837 I/BatteryService(  486): health: Waited 0ms and received the update.
06-10 15:09:57.837 W/installd(  224): Ignoring /data/data/rUDGQhkBIkixXvIFRkhtGzsydt9f6ehY/9ZQ5ftvoQFkBZdLYqHH32D with unexpected GID 0 instead of 10082
06-10 15:09:57.838 I/android_os_HwBinder(  486): HwBinder: Starting thread pool for default::android.hardware.health@2.0::IHealth
06-10 15:09:57.838 D/SystemServerTiming(  486): StartBatteryService took to complete: 11ms
06-10 15:09:57.838 I/SystemServer(  486): StartUsageService
06-10 15:09:57.838 I/SystemServiceManager(  486): Starting com.android.server.usage.UsageStatsService
06-10 15:09:57.839 W/installd(  224): Ignoring /data/data/Hxfi0f7KjKyGOTu9j57qXqvT,FSFc03RgwI14C/pvClNGAv33Yy6,dak8Su1D with unexpected GID 0 instead of 10021
06-10 15:09:57.840 E/        (  530): couldn't load sound trigger module sound_trigger.primary (No such file or directory)
06-10 15:09:57.840 E/SoundTriggerHwService(  530): could not read implementation properties
06-10 15:09:57.840 W/installd(  224): Ignoring /data/data/lzTfE5WCtYnphP4+rujgID/LPzIcBPJ5IaOCHQJU6nbaB with unexpected GID 0 instead of 10063
06-10 15:09:57.842 W/installd(  224): Ignoring /data/data/Bc9F0UQ2IkXNYT0YrL4BibGkIIWKPaqE/1kjuyeEBiZzx75RtihueZC with unexpected GID 0 instead of 10032
06-10 15:09:57.850 W/installd(  224): Ignoring /data/data/5GdWxbI6U2kFNaiquZbnMysydt9f6ehY/oQuo3k0kSTY2A+L0GN7aGB with unexpected GID 0 instead of 10077
06-10 15:09:57.850 I/UsageStatsService(  486): User[0] Rollover scheduled @ 2023-06-11 15:09:57(1686510597844)
06-10 15:09:57.850 D/SystemServerTiming(  486): StartUsageService took to complete: 12ms
06-10 15:09:57.850 I/SystemServer(  486): StartWebViewUpdateService
06-10 15:09:57.850 I/SystemServiceManager(  486): Starting com.android.server.webkit.WebViewUpdateService
06-10 15:09:57.852 W/installd(  224): Ignoring /data/data/cNGIYVelso0NK6MbTTd1YtjJcVN/36zyJnrtJGkNjV7wfwDptB with unexpected GID 0 instead of 10041
06-10 15:09:57.853 D/SystemServerTiming(  486): StartWebViewUpdateService took to complete: 2ms
06-10 15:09:57.853 I/SystemServer(  486): StartBinderCallsStatsService
06-10 15:09:57.853 D/SystemServerTiming(  486): StartBinderCallsStatsService took to complete: 1ms
06-10 15:09:57.854 I/SystemServer(  486): StartKeyAttestationApplicationIdProviderService
06-10 15:09:57.854 D/SystemServerInitThreadPool(  486): Started executing SecondaryZygotePreload
06-10 15:09:57.854 I/SystemServer(  486): SecondaryZygotePreload
06-10 15:09:57.855 D/SystemServerTiming(  486): StartKeyAttestationApplicationIdProviderService took to complete: 1ms
06-10 15:09:57.855 I/SystemServer(  486): StartKeyChainSystemService
06-10 15:09:57.855 I/SystemServiceManager(  486): Starting com.android.server.security.KeyChainSystemService
06-10 15:09:57.855 D/SystemServerTiming(  486): StartKeyChainSystemService took to complete: 0ms
06-10 15:09:57.855 I/SystemServer(  486): StartSchedulingPolicyService
06-10 15:09:57.856 D/SystemServerInitThreadPool(  486): Started executing SchedulingPolicyService.<init>
06-10 15:09:57.856 D/SystemServerTiming(  486): StartSchedulingPolicyService took to complete: 0ms
06-10 15:09:57.856 I/SystemServer(  486): StartTelecomLoaderService
06-10 15:09:57.856 I/SystemServiceManager(  486): Starting com.android.server.telecom.TelecomLoaderService
06-10 15:09:57.856 D/SystemServerTiming(  486): StartTelecomLoaderService took to complete: 0ms
06-10 15:09:57.857 I/SystemServer(  486): StartTelephonyRegistry
06-10 15:09:57.857 D/SystemServerTiming(  486): StartTelephonyRegistry took to complete: 1ms
06-10 15:09:57.857 W/installd(  224): Ignoring /data/data/RQcBSholPJL5E7S4YN,D5nNtQZxdCeRx/x,ma4,IsDD30bMtB9GF3qD with unexpected GID 0 instead of 10030
06-10 15:09:57.857 I/SystemServer(  486): StartEntropyMixer
06-10 15:09:57.859 W/installd(  224): Ignoring /data/data/HOOkeFBoqyLQKrC0oWQDqC/3Ixyo3UtUFt9W2MX5o9X8B with unexpected GID 0 instead of 1027
06-10 15:09:57.859 I/SchedulingPolicyService(  486): Moving 234 back to group default
06-10 15:09:57.860 D/SystemServerInitThreadPool(  486): Finished executing SchedulingPolicyService.<init>
06-10 15:09:57.861 I/EntropyMixer(  486): Added HW RNG output to entropy pool
06-10 15:09:57.861 I/EntropyMixer(  486): Writing entropy...
06-10 15:09:57.864 I/Zygote  (  486): Process: zygote socket RESERVED/zygote opened, supported ABIS: x86,armeabi-v7a,armeabi
06-10 15:09:57.874 D/SystemServerTiming(  486): StartEntropyMixer took to complete: 16ms
06-10 15:09:57.874 I/SystemServer(  486): StartAccountManagerService
06-10 15:09:57.874 I/SystemServiceManager(  486): Starting com.android.server.accounts.AccountManagerService$Lifecycle
06-10 15:09:57.876 D/SystemServerTiming(  486): StartAccountManagerService took to complete: 2ms
06-10 15:09:57.876 I/SystemServer(  486): StartContentService
06-10 15:09:57.876 I/SystemServiceManager(  486): Starting com.android.server.content.ContentService$Lifecycle
06-10 15:09:57.878 D/SystemServerTiming(  486): StartContentService took to complete: 3ms
06-10 15:09:57.878 I/SystemServer(  486): InstallSystemProviders
06-10 15:09:57.885 E/SystemServer(  486): Unable to preload default resources
06-10 15:09:57.885 D/SystemServerTimingAsync(  486): SecondaryZygotePreload took to complete: 31ms
06-10 15:09:57.885 D/SystemServerInitThreadPool(  486): Finished executing SecondaryZygotePreload
06-10 15:09:57.887 I/system_server(  486): The ClassLoaderContext is a special shared library.
06-10 15:09:57.903 D/SystemServerTiming(  486): InstallSystemProviders took to complete: 24ms
06-10 15:09:57.903 I/SystemServer(  486): StartDropBoxManager
06-10 15:09:57.903 I/SystemServiceManager(  486): Starting com.android.server.DropBoxManagerService
06-10 15:09:57.903 D/SystemServerTiming(  486): StartDropBoxManager took to complete: 1ms
06-10 15:09:57.903 I/SystemServer(  486): StartVibratorService
06-10 15:09:57.904 W/hwservicemanager(  162): getTransport: Cannot find entry android.hardware.vibrator@1.0::IVibrator/default in either framework or device manifest.
06-10 15:09:57.905 W/hwservicemanager(  162): getTransport: Cannot find entry android.hardware.vibrator@1.0::IVibrator/default in either framework or device manifest.
06-10 15:09:57.906 E/VibratorService(  486): vibratorOff command failed (1).
06-10 15:09:57.906 W/hwservicemanager(  162): getTransport: Cannot find entry android.hardware.vibrator@1.0::IVibrator/default in either framework or device manifest.
06-10 15:09:57.907 D/SystemServerTiming(  486): StartVibratorService took to complete: 4ms
06-10 15:09:57.907 I/SystemServer(  486): StartConsumerIrService
06-10 15:09:57.908 W/hwservicemanager(  162): getTransport: Cannot find entry android.hardware.ir@1.0::IConsumerIr/default in either framework or device manifest.
06-10 15:09:57.909 D/SystemServerTiming(  486): StartConsumerIrService took to complete: 1ms
06-10 15:09:57.909 I/SystemServer(  486): StartAlarmManagerService
06-10 15:09:57.909 I/SystemServiceManager(  486): Starting com.android.server.AlarmManagerService
06-10 15:09:57.910 W/AlarmManagerService(  486): no wall clock RTC found
06-10 15:09:57.910 D/AlarmManagerService(  486): Kernel timezone updated to 240 minutes west of GMT
06-10 15:09:57.911 D/SystemServerTiming(  486): StartAlarmManagerService took to complete: 2ms
06-10 15:09:57.911 I/SystemServer(  486): InitWatchdog
06-10 15:09:57.911 D/SystemServerTiming(  486): InitWatchdog took to complete: 0ms
06-10 15:09:57.911 I/SystemServer(  486): StartInputManagerService
06-10 15:09:57.912 I/InputManager(  486): Initializing input manager, mUseDevInputEventForAudioJack=false
06-10 15:09:57.913 D/SystemServerTiming(  486): StartInputManagerService took to complete: 2ms
06-10 15:09:57.913 I/SystemServer(  486): StartWindowManagerService
06-10 15:09:57.917 I/WindowManager(  486): No existing display settings /data/system/display_settings.xml; starting empty
06-10 15:09:57.924 D/SystemServerTiming(  486): StartWindowManagerService took to complete: 11ms
06-10 15:09:57.924 I/SystemServer(  486): SetWindowManagerService
06-10 15:09:57.938 D/SystemServerTimingAsync(  486): AppDataFixup took to complete: 212ms
06-10 15:09:57.965 D/SystemServerTiming(  486): SetWindowManagerService took to complete: 40ms
06-10 15:09:57.965 I/SystemServer(  486): WindowManagerServiceOnInitReady
06-10 15:09:57.973 D/SystemServerTiming(  486): WindowManagerServiceOnInitReady took to complete: 8ms
06-10 15:09:57.973 D/SystemServerInitThreadPool(  486): Started executing StartHidlServices
06-10 15:09:57.973 I/SystemServer(  486): StartVrManagerService
06-10 15:09:57.973 I/SystemServiceManager(  486): Starting com.android.server.vr.VrManagerService
06-10 15:09:57.974 W/hwservicemanager(  162): getTransport: Cannot find entry android.hardware.vr@1.0::IVr/default in either framework or device manifest.
06-10 15:09:57.975 D/SystemServerTimingAsync(  486): StartHidlServices took to complete: 1ms
06-10 15:09:57.975 D/SystemServerInitThreadPool(  486): Finished executing StartHidlServices
06-10 15:09:57.975 W/VrManagerService(  486): init_native: Could not open IVr interface
06-10 15:09:57.976 D/SystemServerTiming(  486): StartVrManagerService took to complete: 2ms
06-10 15:09:57.976 I/SystemServer(  486): StartInputManager
06-10 15:09:57.976 I/InputManager(  486): Starting input manager
06-10 15:09:57.976 D/SystemServerTiming(  486): StartInputManager took to complete: 1ms
06-10 15:09:57.976 I/SystemServer(  486): DisplayManagerWindowManagerAndInputReady
06-10 15:09:57.976 D/SystemServerTiming(  486): DisplayManagerWindowManagerAndInputReady took to complete: 0ms
06-10 15:09:57.976 I/SystemServer(  486): No Bluetooth Service (emulator)
06-10 15:09:57.977 I/SystemServer(  486): IpConnectivityMetrics
06-10 15:09:57.977 I/SystemServiceManager(  486): Starting com.android.server.connectivity.IpConnectivityMetrics
06-10 15:09:57.978 D/SystemServerTiming(  486): IpConnectivityMetrics took to complete: 1ms
06-10 15:09:57.978 I/SystemServer(  486): NetworkWatchlistService
06-10 15:09:57.978 I/SystemServiceManager(  486): Starting com.android.server.net.watchlist.NetworkWatchlistService$Lifecycle
06-10 15:09:57.982 I/EventHub(  486): Virtual keyboard mode is |0] [0]
06-10 15:09:57.982 I/EventHub(  486): Virtual keyboard is set to "Hardware keyboard"
06-10 15:09:57.982 W/EventHub(  486): Unable to disable kernel key repeat for /dev/input/event2: Function not implemented
06-10 15:09:57.982 I/EventHub(  486): wakeMechanism=EPOLLWAKEUP, usingClockIoctl=true
06-10 15:09:57.982 I/EventHub(  486): New device: id=1, fd=114, path='/dev/input/event2', name='Genymotion Virtual Input', classes=0x17, configuration='/system/usr/idc/Genymotion_Virtual_Input.idc', keyLayout='/system/usr/keylayout/Genymotion_Virtual_Input.kl', keyCharacterMap='/system/usr/keychars/Genymotion_Virtual_Input.kcm', builtinKeyboard=false, 
06-10 15:09:57.982 E/EventHub(  486): could not get driver version for /dev/input/mouse0, Not a typewriter
06-10 15:09:57.985 I/WatchlistConfig(  486): Reload watchlist done
06-10 15:09:57.987 I/WatchlistSettings(  486): Reload watchlist settings done
06-10 15:09:57.987 I/WatchlistLoggingHandler(  486): No need to aggregate record yet.
06-10 15:09:57.987 I/WatchlistLoggingHandler(  486): Milliseconds spent on tryAggregateRecords(): 0
06-10 15:09:57.987 D/SystemServerTiming(  486): NetworkWatchlistService took to complete: 10ms
06-10 15:09:57.987 I/SystemServer(  486): PinnerService
06-10 15:09:57.988 I/SystemServiceManager(  486): Starting com.android.server.PinnerService
06-10 15:09:57.989 D/SystemServerTiming(  486): PinnerService took to complete: 1ms
06-10 15:09:57.989 I/SystemServer(  486): StartInputMethodManagerLifecycle
06-10 15:09:57.989 I/SystemServiceManager(  486): Starting com.android.server.InputMethodManagerService$Lifecycle
06-10 15:09:57.993 D/SystemServerTiming(  486): StartInputMethodManagerLifecycle took to complete: 4ms
06-10 15:09:57.993 I/SystemServer(  486): StartAccessibilityManagerService
06-10 15:09:57.996 D/SystemServerTiming(  486): StartAccessibilityManagerService took to complete: 3ms
06-10 15:09:57.996 I/SystemServer(  486): MakeDisplayReady
06-10 15:09:57.996 I/ActivityManager(  486): Config changes=20005df8 {1.0 ?mcc?mnc [en_US] ldltr sw600dp w961dp h600dp 213dpi lrg land ?uimode ?night -touch -keyb/v/h -nav/h winConfig={ mBounds=Rect(0, 0 - 0, 0) mAppBounds=Rect(0, 0 - 1280, 800) mWindowingMode=fullscreen mActivityType=undefined} s.2}
06-10 15:09:57.999 I/ActivityManager(  486): Override config changes=60007dfc {1.0 ?mcc?mnc [en_US] ldltr sw600dp w961dp h600dp 213dpi lrg land ?uimode ?night -touch -keyb/v/h -nav/h winConfig={ mBounds=Rect(0, 0 - 1280, 800) mAppBounds=Rect(0, 0 - 1280, 800) mWindowingMode=fullscreen mActivityType=undefined} s.2} for displayId=0
06-10 15:09:58.001 I/ActivityManager(  486): Config changes=20000400 {1.0 ?mcc?mnc [en_US] ldltr sw600dp w961dp h528dp 213dpi lrg land ?uimode ?night -touch -keyb/v/h -nav/h winConfig={ mBounds=Rect(0, 0 - 0, 0) mAppBounds=Rect(0, 0 - 1280, 736) mWindowingMode=fullscreen mActivityType=undefined} s.3}
06-10 15:09:58.002 I/ActivityManager(  486): Override config changes=20000400 {1.0 ?mcc?mnc [en_US] ldltr sw600dp w961dp h528dp 213dpi lrg land ?uimode ?night -touch -keyb/v/h -nav/h winConfig={ mBounds=Rect(0, 0 - 1280, 800) mAppBounds=Rect(0, 0 - 1280, 736) mWindowingMode=fullscreen mActivityType=undefined} s.3} for displayId=0
06-10 15:09:58.005 D/SystemServerTiming(  486): MakeDisplayReady took to complete: 10ms
06-10 15:09:58.005 I/SystemServer(  486): StartStorageManagerService
06-10 15:09:58.005 I/SystemServiceManager(  486): Starting com.android.server.StorageManagerService$Lifecycle
06-10 15:09:58.008 D/StorageManagerService(  486): Thinking about init, mSystemReady=false, mDaemonConnected=true
06-10 15:09:58.008 D/StorageManagerService(  486): Thinking about reset, mSystemReady=false, mDaemonConnected=true
06-10 15:09:58.008 D/SystemServerTiming(  486): StartStorageManagerService took to complete: 2ms
06-10 15:09:58.008 I/SystemServer(  486): StartStorageStatsService
06-10 15:09:58.008 I/SystemServiceManager(  486): Starting com.android.server.usage.StorageStatsService$Lifecycle
06-10 15:09:58.010 D/SystemServerTiming(  486): StartStorageStatsService took to complete: 3ms
06-10 15:09:58.010 I/SystemServer(  486): StartUiModeManager
06-10 15:09:58.010 I/SystemServiceManager(  486): Starting com.android.server.UiModeManagerService
06-10 15:09:58.011 D/SystemServerInitThreadPool(  486): Started executing UiModeManager.onStart
06-10 15:09:58.011 I/ActivityManager(  486): Config changes=200 {1.0 ?mcc?mnc [en_US] ldltr sw600dp w961dp h528dp 213dpi lrg land -touch -keyb/v/h -nav/h winConfig={ mBounds=Rect(0, 0 - 0, 0) mAppBounds=Rect(0, 0 - 1280, 736) mWindowingMode=fullscreen mActivityType=undefined} s.4}
06-10 15:09:58.011 D/SystemServerTiming(  486): StartUiModeManager took to complete: 0ms
06-10 15:09:58.011 I/SystemServer(  486): UpdatePackagesIfNeeded
06-10 15:09:58.011 D/SystemServerTiming(  486): UpdatePackagesIfNeeded took to complete: 0ms
06-10 15:09:58.011 I/SystemServer(  486): PerformFstrimIfNeeded
06-10 15:09:58.011 D/SystemServerTiming(  486): PerformFstrimIfNeeded took to complete: 0ms
06-10 15:09:58.011 I/SystemServer(  486): StartLockSettingsService
06-10 15:09:58.011 I/SystemServiceManager(  486): Starting com.android.server.locksettings.LockSettingsService$Lifecycle
06-10 15:09:58.012 I/ActivityManager(  486): Override config changes=200 {1.0 ?mcc?mnc [en_US] ldltr sw600dp w961dp h528dp 213dpi lrg land -touch -keyb/v/h -nav/h winConfig={ mBounds=Rect(0, 0 - 1280, 800) mAppBounds=Rect(0, 0 - 1280, 736) mWindowingMode=fullscreen mActivityType=undefined} s.4} for displayId=0
06-10 15:09:58.014 D/SystemServerInitThreadPool(  486): Finished executing UiModeManager.onStart
06-10 15:09:58.017 D/EventHub(  486): No input device configuration file found for device 'Power Button'.
06-10 15:09:58.018 D/SystemServerTiming(  486): StartLockSettingsService took to complete: 7ms
06-10 15:09:58.019 I/EventHub(  486): Virtual keyboard mode is |0] [0]
06-10 15:09:58.019 I/EventHub(  486): Virtual keyboard is set to "Hardware keyboard"
06-10 15:09:58.019 W/EventHub(  486): Unable to disable kernel key repeat for /dev/input/event0: Function not implemented
06-10 15:09:58.019 I/EventHub(  486): wakeMechanism=EPOLLWAKEUP, usingClockIoctl=true
06-10 15:09:58.019 I/EventHub(  486): New device: id=2, fd=120, path='/dev/input/event0', name='Power Button', classes=0x1, configuration='', keyLayout='/system/usr/keylayout/Generic.kl', keyCharacterMap='/system/usr/keychars/Generic.kcm', builtinKeyboard=false, 
06-10 15:09:58.019 D/EventHub(  486): No input device configuration file found for device 'AT Translated Set 2 keyboard'.
06-10 15:09:58.019 W/hwservicemanager(  162): getTransport: Cannot find entry android.hardware.oemlock@1.0::IOemLock/default in either framework or device manifest.
06-10 15:09:58.019 I/OemLock (  486): OemLock HAL not present on device
06-10 15:09:58.019 I/SystemServer(  486): StartDeviceIdleController
06-10 15:09:58.019 I/SystemServiceManager(  486): Starting com.android.server.DeviceIdleController
06-10 15:09:58.020 I/EventHub(  486): Virtual keyboard mode is |0] [0]
06-10 15:09:58.020 I/EventHub(  486): Virtual keyboard is set to "Hardware keyboard"
06-10 15:09:58.020 I/EventHub(  486): wakeMechanism=EPOLLWAKEUP, usingClockIoctl=true
06-10 15:09:58.020 I/EventHub(  486): New device: id=3, fd=122, path='/dev/input/event1', name='AT Translated Set 2 keyboard', classes=0x3, configuration='', keyLayout='/system/usr/keylayout/AT_Translated_Set_2_keyboard.kl', keyCharacterMap='/system/usr/keychars/Generic.kcm', builtinKeyboard=false, 
06-10 15:09:58.020 E/EventHub(  486): could not get driver version for /dev/input/mice, Not a typewriter
06-10 15:09:58.022 D/SystemServerTiming(  486): StartDeviceIdleController took to complete: 2ms
06-10 15:09:58.022 I/SystemServer(  486): StartDevicePolicyManager
06-10 15:09:58.022 I/SystemServiceManager(  486): Starting com.android.server.devicepolicy.DevicePolicyManagerService$Lifecycle
06-10 15:09:58.024 D/SystemServerTiming(  486): StartDevicePolicyManager took to complete: 3ms
06-10 15:09:58.024 I/SystemServer(  486): StartStatusBarManagerService
06-10 15:09:58.025 D/SystemServerTiming(  486): StartStatusBarManagerService took to complete: 0ms
06-10 15:09:58.025 I/SystemServer(  486): StartClipboardService
06-10 15:09:58.025 I/SystemServiceManager(  486): Starting com.android.server.clipboard.ClipboardService
06-10 15:09:58.027 D/SystemServerTiming(  486): StartClipboardService took to complete: 2ms
06-10 15:09:58.027 I/SystemServer(  486): StartNetworkManagementService
06-10 15:09:58.028 I/NetworkManagement(  486): onDaemonConnected()
06-10 15:09:58.028 D/SystemServerTiming(  486): StartNetworkManagementService took to complete: 2ms
06-10 15:09:58.028 I/SystemServer(  486): StartIpSecService
06-10 15:09:58.029 D/SystemServerTiming(  486): StartIpSecService took to complete: 0ms
06-10 15:09:58.029 I/SystemServer(  486): StartTextServicesManager
06-10 15:09:58.029 I/SystemServiceManager(  486): Starting com.android.server.TextServicesManagerService$Lifecycle
06-10 15:09:58.029 D/SystemServerTiming(  486): StartTextServicesManager took to complete: 1ms
06-10 15:09:58.030 I/SystemServer(  486): StartTextClassificationManagerService
06-10 15:09:58.030 I/SystemServiceManager(  486): Starting com.android.server.textclassifier.TextClassificationManagerService$Lifecycle
06-10 15:09:58.030 D/SystemServerTiming(  486): StartTextClassificationManagerService took to complete: 0ms
06-10 15:09:58.030 I/SystemServer(  486): StartNetworkScoreService
06-10 15:09:58.030 I/SystemServiceManager(  486): Starting com.android.server.NetworkScoreService$Lifecycle
06-10 15:09:58.031 I/NetworkScoreService(  486): Registering network_score
06-10 15:09:58.032 D/SystemServerTiming(  486): StartNetworkScoreService took to complete: 2ms
06-10 15:09:58.032 I/SystemServer(  486): StartNetworkStatsService
06-10 15:09:58.033 D/SystemServerTiming(  486): StartNetworkStatsService took to complete: 2ms
06-10 15:09:58.033 I/SystemServer(  486): StartNetworkPolicyManagerService
06-10 15:09:58.045 D/SystemServerTiming(  486): StartNetworkPolicyManagerService took to complete: 11ms
06-10 15:09:58.045 I/SystemServer(  486): StartWifi
06-10 15:09:58.057 I/SystemServiceManager(  486): Starting com.android.server.wifi.WifiService
06-10 15:09:58.066 I/InputReader(  486): Device added: id=-1, name='Virtual', sources=0x00000301
06-10 15:09:58.066 I/InputReader(  486): Device added: id=3, name='AT Translated Set 2 keyboard', sources=0x00000101
06-10 15:09:58.066 I/InputReader(  486): Device added: id=2, name='Power Button', sources=0x00000101
06-10 15:09:58.067 I/InputReader(  486):   Touch device 'Genymotion Virtual Input' could not query the properties of its associated display.  The device will be inoperable until the display size becomes available.
06-10 15:09:58.067 I/InputReader(  486): Device added: id=1, name='Genymotion Virtual Input', sources=0x00001103
06-10 15:09:58.068 I/InputReader(  486): Reconfiguring input devices.  changes=0x00000004
06-10 15:09:58.068 I/InputReader(  486): Device reconfigured: id=1, name='Genymotion Virtual Input', size 1280x800, orientation 0, mode 1, display id 0
06-10 15:09:58.075 I/ActivityManager(  486): Config changes=38 {1.0 ?mcc?mnc [en_US] ldltr sw600dp w961dp h528dp 213dpi lrg land finger qwerty/v/v -nav/h winConfig={ mBounds=Rect(0, 0 - 0, 0) mAppBounds=Rect(0, 0 - 1280, 736) mWindowingMode=fullscreen mActivityType=undefined} s.5}
06-10 15:09:58.077 I/ActivityManager(  486): Override config changes=38 {1.0 ?mcc?mnc [en_US] ldltr sw600dp w961dp h528dp 213dpi lrg land finger qwerty/v/v -nav/h winConfig={ mBounds=Rect(0, 0 - 1280, 800) mAppBounds=Rect(0, 0 - 1280, 736) mWindowingMode=fullscreen mActivityType=undefined} s.5} for displayId=0
06-10 15:09:58.090 D/SystemServerInitThreadPool(  486): Finished executing Init OverlayManagerService
06-10 15:09:58.104 D/WifiApConfigStore(  486): 2G band allowed channels are:1,6,11
06-10 15:09:58.110 I/WifiScoringParams(  486): rssi2=-85:-85:-73:-60,rssi5=-82:-82:-70:-57,pps=0:1:100,horizon=15,nud=8,expid=0
06-10 15:09:58.130 D/WifiStateMachine(  486): EnableConnectedMacRandomization Setting changed to false
06-10 15:09:58.130 E/WifiStateMachine(  486): getWifiLinkLayerStats called without an interface
06-10 15:09:58.130 D/WifiStateMachinePrime(  486): Starting Wifi in WifiDisabledState
06-10 15:09:58.130 D/WifiStateMachinePrime(  486): Entering WifiDisabledState
06-10 15:09:58.130 D/ActiveModeManager(  486): sending scan available broadcast: false
06-10 15:09:58.132 D/WifiOpenNetworkNotifier(  486): Settings toggle enabled=true
06-10 15:09:58.132 D/WifiCarrierNetworkNotifier(  486): Settings toggle enabled=true
06-10 15:09:58.134 D/WakeupController(  486): WifiWake enabled
06-10 15:09:58.135 D/WifiController(  486): isAirplaneModeOn = false, isWifiEnabled = true, isScanningAvailable = false, isLocationModeActive = false
06-10 15:09:58.137 E/SupplicantStaIfaceHal(  486): Can't call setDebugParams, ISupplicant is null
06-10 15:09:58.137 W/WifiDiags(  486): no ring buffers found
06-10 15:09:58.137 W/WifiDiags(  486): Failed to start packet fate monitoring
06-10 15:09:58.137 I/WifiService(  486): Registering wifi
06-10 15:09:58.138 D/SystemServerTiming(  486): StartWifi took to complete: 93ms
06-10 15:09:58.138 I/SystemServer(  486): StartWifiScanning
06-10 15:09:58.138 I/SystemServiceManager(  486): Starting com.android.server.wifi.scanner.WifiScanningService
06-10 15:09:58.139 I/WifiScanningService(  486): Creating wifiscanner
06-10 15:09:58.140 I/WifiScanningService(  486): Publishing wifiscanner
06-10 15:09:58.140 D/SystemServerTiming(  486): StartWifiScanning took to complete: 3ms
06-10 15:09:58.140 I/SystemServer(  486): StartEthernet
06-10 15:09:58.141 I/SystemServiceManager(  486): Starting com.android.server.ethernet.EthernetService
06-10 15:09:58.141 I/EthernetService(  486): Registering service ethernet
06-10 15:09:58.141 D/SystemServerTiming(  486): StartEthernet took to complete: 1ms
06-10 15:09:58.141 I/SystemServer(  486): StartConnectivityService
06-10 15:09:58.142 D/ConnectivityService(  486): ConnectivityService starting up
06-10 15:09:58.143 D/ConnectivityService(  486): wifiOnly=false
06-10 15:09:58.150 D/SystemServerTiming(  486): StartConnectivityService took to complete: 8ms
06-10 15:09:58.150 I/SystemServer(  486): StartNsdService
06-10 15:09:58.150 D/NsdService(  486): Network service discovery is enabled
06-10 15:09:58.151 D/SystemServerTiming(  486): StartNsdService took to complete: 1ms
06-10 15:09:58.151 I/SystemServer(  486): StartSystemUpdateManagerService
06-10 15:09:58.151 I/SystemUpdateManagerService(  486): No existing info file /data/system/system-update-info.xml
06-10 15:09:58.152 D/SystemServerTiming(  486): StartSystemUpdateManagerService took to complete: 0ms
06-10 15:09:58.152 I/SystemServer(  486): StartUpdateLockService
06-10 15:09:58.152 W/cutils  (  224): Expected path /data/user_de/0/com.google.android.gms with mode 700 but found 711
06-10 15:09:58.152 D/SystemServerTiming(  486): StartUpdateLockService took to complete: 1ms
06-10 15:09:58.152 I/SystemServer(  486): StartNotificationManager
06-10 15:09:58.152 I/SystemServiceManager(  486): Starting com.android.server.notification.NotificationManagerService
06-10 15:09:58.158 D/ConditionProviders.SCP(  486): new ScheduleConditionProvider()
06-10 15:09:58.162 D/ZenLog  (  486): config: readXml,ZenModeConfig[user=0,allowAlarms=true,allowMedia=true,allowSystem=false,allowReminders=false,allowEvents=false,allowCalls=true,allowRepeatCallers=true,allowMessages=false,allowCallsFrom=stars,allowMessagesFrom=contacts,suppressedVisualEffects=511,areChannelsBypassingDnd=false,automaticRules={EVENTS_DEFAULT_RULE=ZenRule[enabled=false,snoozing=false,name=Event,zenMode=ZEN_MODE_IMPORTANT_INTERRUPTIONS,conditionId=condition://android/event?userId=-10000&calendar=&reply=1,condition=Condition[id=condition://android/event?userId=-10000&calendar=&reply=1,summary=...,line1=...,line2=...,icon=0,state=STATE_FALSE,flags=2],component=ComponentInfo{android/com.android.server.notification.EventConditionProvider},id=EVENTS_DEFAULT_RULE,creationTime=1686381741133,enabler=null], EVERY_NIGHT_DEFAULT_RULE=ZenRule[enabled=false,snoozing=false,name=Sleeping,zenMode=ZEN_MODE_IMPORTANT_INTERRUPTIONS,conditionId=condition://android/schedule?days=1.2.3.4.5.6.7&start=22.0&end=7.0&exitAtAlarm=true,condition=Condition[id=condition://android/schedule?days=1.2.3.4.5.6.7&start=22.0&end=7.0&exitAtAlarm=true,summary=...,line1=...,line2=...,icon=0,state=STATE_FALSE,flags=2],component=ComponentInfo{android/com.android.server.notification.ScheduleConditionProvider},id=EVERY_NIGHT_DEFAULT_RULE,creationTime=1686381741132,enabler=null]},manualRule=null],Diff[automaticRule[EVENTS_DEFAULT_RULE].condition:null->Condition[id=condition://android/event?userId=-10000&calendar=&reply=1,summary=...,line1=...,line2=...,icon=0,state=STATE_FALSE,flags=2],automaticRule[EVENTS_DEFAULT_RULE].creationTime:1686424198157->1686381741133,automaticRule[EVERY_NIGHT_DEFAULT_RULE].condition:null->Condition[id=condition://android/schedule?days=1.2.3.4.5.6.7&start=22.0&end=7.0&exitAtAlarm=true,summary=...,line1=...,line2=...,icon=0,state=STATE_FALSE,flags=2],automaticRule[EVERY_NIGHT_DEFAULT_RULE].creationTime:1686424198157->1686381741132]
06-10 15:09:58.163 I/NotificationListeners(  486): Read notification listener permissions from xml
06-10 15:09:58.163 I/NotificationAssistants(  486): Read notification assistant permissions from xml
06-10 15:09:58.163 I/ConditionProviders(  486): Read condition provider permissions from xml
06-10 15:09:58.163 I/ConditionProviders(  486): Read condition provider permissions from xml
06-10 15:09:58.163 D/ZenLog  (  486): set_zen_mode: off,init
06-10 15:09:58.167 D/SystemServerTiming(  486): StartNotificationManager took to complete: 15ms
06-10 15:09:58.167 I/SystemServer(  486): StartDeviceMonitor
06-10 15:09:58.167 I/SystemServiceManager(  486): Starting com.android.server.storage.DeviceStorageMonitorService
06-10 15:09:58.168 D/SystemServerTiming(  486): StartDeviceMonitor took to complete: 1ms
06-10 15:09:58.168 I/SystemServer(  486): StartLocationManagerService
06-10 15:09:58.169 D/SystemServerTiming(  486): StartLocationManagerService took to complete: 1ms
06-10 15:09:58.169 I/SystemServer(  486): StartCountryDetectorService
06-10 15:09:58.170 D/SystemServerTiming(  486): StartCountryDetectorService took to complete: 0ms
06-10 15:09:58.170 I/SystemServer(  486): StartSearchManagerService
06-10 15:09:58.170 I/SystemServiceManager(  486): Starting com.android.server.search.SearchManagerService$Lifecycle
06-10 15:09:58.170 D/SystemServerTiming(  486): StartSearchManagerService took to complete: 1ms
06-10 15:09:58.171 I/SystemServer(  486): StartWallpaperManagerService
06-10 15:09:58.171 I/SystemServiceManager(  486): Starting com.android.server.wallpaper.WallpaperManagerService$Lifecycle
06-10 15:09:58.171 D/SystemServerTiming(  486): StartWallpaperManagerService took to complete: 1ms
06-10 15:09:58.171 I/SystemServer(  486): StartAudioService
06-10 15:09:58.171 I/SystemServiceManager(  486): Starting com.android.server.audio.AudioService$Lifecycle
06-10 15:09:58.174 W/TelecomManager(  486): Telecom Service not found.
06-10 15:09:58.175 D/PermissionCache(  530): checking android.permission.MODIFY_AUDIO_SETTINGS for uid=1000 => granted (300 us)
06-10 15:09:58.175 D/PermissionCache(  530): checking android.permission.MODIFY_AUDIO_ROUTING for uid=1000 => granted (68 us)
06-10 15:09:58.183 D/AudioFlinger(  530): isLowRamDevice:false totalMemory:8358735872 mClientSharedHeapSize:33554432
06-10 15:09:58.183 D/SystemServerTiming(  486): StartAudioService took to complete: 12ms
06-10 15:09:58.183 I/SystemServer(  486): StartDockObserver
06-10 15:09:58.183 I/SystemServiceManager(  486): Starting com.android.server.DockObserver
06-10 15:09:58.184 W/DockObserver(  486): This kernel does not have dock station support
06-10 15:09:58.184 D/SystemServerTiming(  486): StartDockObserver took to complete: 1ms
06-10 15:09:58.184 I/SystemServer(  486): StartWiredAccessoryManager
06-10 15:09:58.185 W/WiredAccessoryManager(  486): This kernel does not have wired headset support
06-10 15:09:58.185 W/WiredAccessoryManager(  486): This kernel does not have usb audio support
06-10 15:09:58.185 W/WiredAccessoryManager(  486): This kernel does not have HDMI audio support
06-10 15:09:58.185 D/SystemServerTiming(  486): StartWiredAccessoryManager took to complete: 0ms
06-10 15:09:58.185 I/SystemServer(  486): StartUsbService
06-10 15:09:58.185 I/SystemServiceManager(  486): Starting com.android.server.usb.UsbService$Lifecycle
06-10 15:09:58.186 E/UsbDeviceManager(  486): failed to write to /sys/class/android_usb/android0/f_rndis/ethaddr
06-10 15:09:58.187 W/hwservicemanager(  162): getTransport: Cannot find entry android.hardware.usb.gadget@1.0::IUsbGadget/default in either framework or device manifest.
06-10 15:09:58.191 I/UsbDeviceManager(  486): USB GADGET HAL not present in the device
06-10 15:09:58.191 I/UsbDeviceManager(  486): java.util.NoSuchElementException
06-10 15:09:58.191 I/UsbDeviceManager(  486): 	at android.os.HwBinder.getService(Native Method)
06-10 15:09:58.191 I/UsbDeviceManager(  486): 	at android.hardware.usb.gadget.V1_0.IUsbGadget.getService(IUsbGadget.java:40)
06-10 15:09:58.191 I/UsbDeviceManager(  486): 	at android.hardware.usb.gadget.V1_0.IUsbGadget.getService(IUsbGadget.java:44)
06-10 15:09:58.191 I/UsbDeviceManager(  486): 	at com.android.server.usb.UsbDeviceManager.<init>(UsbDeviceManager.java:267)
06-10 15:09:58.191 I/UsbDeviceManager(  486): 	at com.android.server.usb.UsbService.<init>(UsbService.java:139)
06-10 15:09:58.191 I/UsbDeviceManager(  486): 	at com.android.server.usb.UsbService$Lifecycle.onStart(UsbService.java:73)
06-10 15:09:58.191 I/UsbDeviceManager(  486): 	at com.android.server.SystemServiceManager.startService(SystemServiceManager.java:126)
06-10 15:09:58.191 I/UsbDeviceManager(  486): 	at com.android.server.SystemServiceManager.startService(SystemServiceManager.java:113)
06-10 15:09:58.191 I/UsbDeviceManager(  486): 	at com.android.server.SystemServiceManager.startService(SystemServiceManager.java:72)
06-10 15:09:58.191 I/UsbDeviceManager(  486): 	at com.android.server.SystemServer.startOtherServices(SystemServer.java:1299)
06-10 15:09:58.191 I/UsbDeviceManager(  486): 	at com.android.server.SystemServer.run(SystemServer.java:431)
06-10 15:09:58.191 I/UsbDeviceManager(  486): 	at com.android.server.SystemServer.main(SystemServer.java:294)
06-10 15:09:58.191 I/UsbDeviceManager(  486): 	at java.lang.reflect.Method.invoke(Native Method)
06-10 15:09:58.191 I/UsbDeviceManager(  486): 	at com.android.internal.os.RuntimeInit$MethodAndArgsCaller.run(RuntimeInit.java:493)
06-10 15:09:58.191 I/UsbDeviceManager(  486): 	at com.android.internal.os.ZygoteInit.main(ZygoteInit.java:838)
06-10 15:09:58.191 E/UsbDeviceManagerJNI(  486): could not open control for mtp No such file or directory
06-10 15:09:58.191 E/UsbDeviceManager(  486): Failed to open control for mtp
06-10 15:09:58.191 E/UsbDeviceManagerJNI(  486): could not open control for ptp No such file or directory
06-10 15:09:58.196 W/StorageManagerService(  486): No primary storage defined yet; hacking together a stub
06-10 15:09:58.191 E/UsbDeviceManager(  486): Failed to open control for mtp
06-10 15:09:58.196 E/UsbDeviceManager(  486): Error initializing UsbHandler
06-10 15:09:58.196 E/UsbDeviceManager(  486): java.io.FileNotFoundException: /sys/class/android_usb/android0/state (No such file or directory)
06-10 15:09:58.196 E/UsbDeviceManager(  486): 	at java.io.FileInputStream.open0(Native Method)
06-10 15:09:58.196 E/UsbDeviceManager(  486): 	at java.io.FileInputStream.open(FileInputStream.java:231)
06-10 15:09:58.196 E/UsbDeviceManager(  486): 	at java.io.FileInputStream.<init>(FileInputStream.java:165)
06-10 15:09:58.196 E/UsbDeviceManager(  486): 	at android.os.FileUtils.readTextFile(FileUtils.java:514)
06-10 15:09:58.196 E/UsbDeviceManager(  486): 	at com.android.server.usb.UsbDeviceManager$UsbHandlerLegacy.<init>(UsbDeviceManager.java:1375)
06-10 15:09:58.196 E/UsbDeviceManager(  486): 	at com.android.server.usb.UsbDeviceManager.<init>(UsbDeviceManager.java:297)
06-10 15:09:58.196 E/UsbDeviceManager(  486): 	at com.android.server.usb.UsbService.<init>(UsbService.java:139)
06-10 15:09:58.196 E/UsbDeviceManager(  486): 	at com.android.server.usb.UsbService$Lifecycle.onStart(UsbService.java:73)
06-10 15:09:58.196 E/UsbDeviceManager(  486): 	at com.android.server.SystemServiceManager.startService(SystemServiceManager.java:126)
06-10 15:09:58.196 E/UsbDeviceManager(  486): 	at com.android.server.SystemServiceManager.startService(SystemServiceManager.java:113)
06-10 15:09:58.196 E/UsbDeviceManager(  486): 	at com.android.server.SystemServiceManager.startService(SystemServiceManager.java:72)
06-10 15:09:58.196 E/UsbDeviceManager(  486): 	at com.android.server.SystemServer.startOtherServices(SystemServer.java:1299)
06-10 15:09:58.196 E/UsbDeviceManager(  486): 	at com.android.server.SystemServer.run(SystemServer.java:431)
06-10 15:09:58.196 E/UsbDeviceManager(  486): 	at com.android.server.SystemServer.main(SystemServer.java:294)
06-10 15:09:58.196 E/UsbDeviceManager(  486): 	at java.lang.reflect.Method.invoke(Native Method)
06-10 15:09:58.196 E/UsbDeviceManager(  486): 	at com.android.internal.os.RuntimeInit$MethodAndArgsCaller.run(RuntimeInit.java:493)
06-10 15:09:58.196 E/UsbDeviceManager(  486): 	at com.android.internal.os.ZygoteInit.main(ZygoteInit.java:838)
06-10 15:09:58.197 E/UsbDeviceManagerJNI(  486): could not open /dev/usb_accessory
06-10 15:09:58.198 D/SystemServerTimingAsync(  486): AppDataPrepare took to complete: 259ms
06-10 15:09:58.198 I/PackageManager(  486): Deferred reconcileAppsData finished 95 packages
06-10 15:09:58.198 D/SystemServerInitThreadPool(  486): Finished executing prepareAppData
06-10 15:09:58.198 I/android_os_HwBinder(  486): HwBinder: Starting thread pool for default::android.hidl.manager@1.0::IServiceManager
06-10 15:09:58.201 W/hwservicemanager(  162): getTransport: Cannot find entry android.hardware.usb@1.0::IUsb/default in either framework or device manifest.
06-10 15:09:58.202 E/UsbPortManager(  486): connectToProxy: usb hal service not found. Did the service fail to start?
06-10 15:09:58.202 E/UsbPortManager(  486): java.util.NoSuchElementException
06-10 15:09:58.202 E/UsbPortManager(  486): 	at android.os.HwBinder.getService(Native Method)
06-10 15:09:58.202 E/UsbPortManager(  486): 	at android.os.HwBinder.getService(HwBinder.java:91)
06-10 15:09:58.202 E/UsbPortManager(  486): 	at android.hardware.usb.V1_0.IUsb.getService(IUsb.java:48)
06-10 15:09:58.202 E/UsbPortManager(  486): 	at android.hardware.usb.V1_0.IUsb.getService(IUsb.java:52)
06-10 15:09:58.202 E/UsbPortManager(  486): 	at com.android.server.usb.UsbPortManager.connectToProxy(UsbPortManager.java:531)
06-10 15:09:58.202 E/UsbPortManager(  486): 	at com.android.server.usb.UsbPortManager.<init>(UsbPortManager.java:137)
06-10 15:09:58.202 E/UsbPortManager(  486): 	at com.android.server.usb.UsbService.<init>(UsbService.java:142)
06-10 15:09:58.202 E/UsbPortManager(  486): 	at com.android.server.usb.UsbService$Lifecycle.onStart(UsbService.java:73)
06-10 15:09:58.202 E/UsbPortManager(  486): 	at com.android.server.SystemServiceManager.startService(SystemServiceManager.java:126)
06-10 15:09:58.202 E/UsbPortManager(  486): 	at com.android.server.SystemServiceManager.startService(SystemServiceManager.java:113)
06-10 15:09:58.202 E/UsbPortManager(  486): 	at com.android.server.SystemServiceManager.startService(SystemServiceManager.java:72)
06-10 15:09:58.202 E/UsbPortManager(  486): 	at com.android.server.SystemServer.startOtherServices(SystemServer.java:1299)
06-10 15:09:58.202 E/UsbPortManager(  486): 	at com.android.server.SystemServer.run(SystemServer.java:431)
06-10 15:09:58.202 E/UsbPortManager(  486): 	at com.android.server.SystemServer.main(SystemServer.java:294)
06-10 15:09:58.202 E/UsbPortManager(  486): 	at java.lang.reflect.Method.invoke(Native Method)
06-10 15:09:58.202 E/UsbPortManager(  486): 	at com.android.internal.os.RuntimeInit$MethodAndArgsCaller.run(RuntimeInit.java:493)
06-10 15:09:58.202 E/UsbPortManager(  486): 	at com.android.internal.os.ZygoteInit.main(ZygoteInit.java:838)
06-10 15:09:58.204 D/SystemServerTiming(  486): StartUsbService took to complete: 18ms
06-10 15:09:58.204 I/SystemServer(  486): StartSerialService
06-10 15:09:58.204 D/SystemServerTiming(  486): StartSerialService took to complete: 0ms
06-10 15:09:58.204 I/SystemServer(  486): StartHardwarePropertiesManagerService
06-10 15:09:58.204 W/hwservicemanager(  162): getTransport: Cannot find entry android.hardware.thermal@1.0::IThermal/default in either framework or device manifest.
06-10 15:09:58.205 E/HardwarePropertiesManagerService-JNI(  486): Unable to get Thermal service.
06-10 15:09:58.205 D/SystemServerTiming(  486): StartHardwarePropertiesManagerService took to complete: 1ms
06-10 15:09:58.205 I/SystemServer(  486): StartTwilightService
06-10 15:09:58.205 I/SystemServiceManager(  486): Starting com.android.server.twilight.TwilightService
06-10 15:09:58.205 D/SystemServerTiming(  486): StartTwilightService took to complete: 0ms
06-10 15:09:58.205 I/SystemServer(  486): StartJobScheduler
06-10 15:09:58.205 I/SystemServiceManager(  486): Starting com.android.server.job.JobSchedulerService
06-10 15:09:58.208 D/JobStore(  486): Start tag: job-info
06-10 15:09:58.210 I/JobStore(  486): Read 15 jobs
06-10 15:09:58.212 D/SystemServerTiming(  486): StartJobScheduler took to complete: 6ms
06-10 15:09:58.212 I/SystemServer(  486): StartSoundTrigger
06-10 15:09:58.212 I/SystemServiceManager(  486): Starting com.android.server.soundtrigger.SoundTriggerService
06-10 15:09:58.212 D/SystemServerTiming(  486): StartSoundTrigger took to complete: 1ms
06-10 15:09:58.212 I/SystemServer(  486): StartTrustManager
06-10 15:09:58.212 I/SystemServiceManager(  486): Starting com.android.server.trust.TrustManagerService
06-10 15:09:58.213 D/SystemServerTiming(  486): StartTrustManager took to complete: 0ms
06-10 15:09:58.213 I/SystemServer(  486): StartBackupManager
06-10 15:09:58.213 I/SystemServiceManager(  486): Starting com.android.server.backup.BackupManagerService$Lifecycle
06-10 15:09:58.214 D/SystemServerTiming(  486): StartBackupManager took to complete: 1ms
06-10 15:09:58.214 I/SystemServer(  486): StartAppWidgerService
06-10 15:09:58.214 I/SystemServiceManager(  486): Starting com.android.server.appwidget.AppWidgetService
06-10 15:09:58.215 D/OpenGLRenderer(  486): Skia GL Pipeline
06-10 15:09:58.217 D/SystemServerTiming(  486): StartAppWidgerService took to complete: 3ms
06-10 15:09:58.217 I/SystemServer(  486): StartVoiceRecognitionManager
06-10 15:09:58.217 I/SystemServiceManager(  486): Starting com.android.server.voiceinteraction.VoiceInteractionManagerService
