06-10 15:10:02.008 W/System.err( 1628): 	at java.lang.reflect.Method.invoke(Native Method)
06-10 15:10:02.008 W/System.err( 1628): 	at e.v.b.f.a.a(Unknown Source:38)
06-10 15:10:02.008 W/System.err( 1628): 	at e.v.b.f.a.attachBaseContext(:14)
06-10 15:10:02.008 W/System.err( 1628): 	at com.apkpure.aegon.application.AegonApplication.attachBaseContext(Unknown Source:9)
06-10 15:10:02.008 W/System.err( 1628): 	at android.app.Application.attach(Application.java:212)
06-10 15:10:02.008 W/System.err( 1628): 	at android.app.Instrumentation.newApplication(Instrumentation.java:1121)
06-10 15:10:02.008 W/System.err( 1628): 	at android.app.LoadedApk.makeApplication(LoadedApk.java:1061)
06-10 15:10:02.008 W/System.err( 1628): 	at android.app.ActivityThread.handleBindApplication(ActivityThread.java:5842)
06-10 15:10:02.008 W/System.err( 1628): 	at android.app.ActivityThread.access$1100(ActivityThread.java:199)
06-10 15:10:02.008 W/System.err( 1628): 	at android.app.ActivityThread$H.handleMessage(ActivityThread.java:1650)
06-10 15:10:02.008 W/System.err( 1628): 	at android.os.Handler.dispatchMessage(Handler.java:106)
06-10 15:10:02.008 W/System.err( 1628): 	at android.os.Looper.loop(Looper.java:193)
06-10 15:10:02.008 W/System.err( 1628): 	at android.app.ActivityThread.main(ActivityThread.java:6669)
06-10 15:10:02.008 W/System.err( 1628): 	at java.lang.reflect.Method.invoke(Native Method)
06-10 15:10:02.008 W/System.err( 1628): 	at com.android.internal.os.RuntimeInit$MethodAndArgsCaller.run(RuntimeInit.java:493)
06-10 15:10:02.008 W/System.err( 1628): 	at com.android.internal.os.ZygoteInit.main(ZygoteInit.java:858)
06-10 15:10:02.011 I/.gms.persisten( 1064): Background concurrent copying GC freed 28738(1894KB) AllocSpace objects, 10(424KB) LOS objects, 50% free, 5MB/10MB, paused 2.429ms total 158.913ms
06-10 15:10:02.025 W/Settings( 1064): Setting airplane_mode_on has moved from android.provider.Settings.System to android.provider.Settings.Global, returning read-only value.
06-10 15:10:02.031 W/SystemServiceRegistry( 1064): No service published for: wifirtt
06-10 15:10:02.037 D/BoundBrokerSvc( 1064): onBind: Intent { act=com.google.android.gms.scheduler.ACTION_PROXY_SCHEDULE dat=chimera-action: cmp=com.google.android.gms/.chimera.PersistentApiService }
06-10 15:10:02.037 D/BoundBrokerSvc( 1064): Loading bound service for intent: Intent { act=com.google.android.gms.scheduler.ACTION_PROXY_SCHEDULE dat=chimera-action: cmp=com.google.android.gms/.chimera.PersistentApiService }
06-10 15:10:02.037 W/m.apkpure.aego( 1628): Class e.k.c.t.q.e failed lock verification and will run slower.
06-10 15:10:02.037 W/m.apkpure.aego( 1628): Common causes for lock verification issues are non-optimized dex code
06-10 15:10:02.037 W/m.apkpure.aego( 1628): and incorrect proguard optimizations.
06-10 15:10:02.059 D/houdini ( 1628): [1723] Expected CPU feature >> AES << is not supported.
06-10 15:10:02.059 D/houdini ( 1628): [1723] Expected CPU feature >> POPCNT << is not supported.
06-10 15:10:02.059 D/houdini ( 1628): [1723] Expected CPU feature >> SSE4_2 << is not supported.
06-10 15:10:02.059 D/houdini ( 1628): [1723] Expected CPU feature >> SSE4_1 << is not supported.
06-10 15:10:02.059 D/houdini ( 1628): [1723] Expected CPU feature >> PCLMULQDQ << is not supported.
06-10 15:10:02.079 D/BoundBrokerSvc( 1064): onBind: Intent { act=com.google.android.gms.udc.service.START dat=chimera-action: cmp=com.google.android.gms/.chimera.PersistentApiService }
06-10 15:10:02.079 D/BoundBrokerSvc( 1064): Loading bound service for intent: Intent { act=com.google.android.gms.udc.service.START dat=chimera-action: cmp=com.google.android.gms/.chimera.PersistentApiService }
06-10 15:10:02.083 W/PackageParser( 1242): Unknown element under <manifest>: queries at /data/user_de/0/com.google.android.gms/app_chimera/m/0000000c/AdsDynamite.apk Binary XML file line #15
06-10 15:10:02.088 D/NetworkMonitor/NetworkAgentInfo [MOBILE (LTE) - 100](  486): PROBE_HTTPS https://www.google.com/generate_204 time=323ms ret=204 request={User-Agent=[Mozilla/5.0 (X11; Linux x86_64) AppleWebKit/537.36 (KHTML, like Gecko) Chrome/60.0.3112.32 Safari/537.36]} headers={null=[HTTP/1.1 204 No Content], Alt-Svc=[h3=":443"; ma=2592000,h3-29=":443"; ma=2592000], Content-Length=[0], Cross-Origin-Resource-Policy=[cross-origin], Date=[Sat, 10 Jun 2023 19:10:02 GMT], X-Android-Received-Millis=[1686424202088], X-Android-Response-Source=[NETWORK 204], X-Android-Selected-Protocol=[http/1.1], X-Android-Sent-Millis=[1686424202015]}
06-10 15:10:02.091 D/ConnectivityService(  486): NetworkAgentInfo [MOBILE (LTE) - 100] validation passed
06-10 15:10:02.092 I/GnssLocationProvider(  486): WakeLock acquired by sendMessage(UPDATE_NETWORK_STATE, 0, 100)
06-10 15:10:02.094 I/GnssLocationProvider(  486): WakeLock released by handleMessage(UPDATE_NETWORK_STATE, 0, 100)
06-10 15:10:02.095 D/genymotion_gps(  521): gps_inject_time not implemented
06-10 15:10:02.099 W/SyncManager(  486): Clock is valid now.
06-10 15:10:02.117 W/m.apkpure.aego( 1628): Unsupported class loader
06-10 15:10:02.121 W/PackageParser( 1242): Unknown element under <manifest>: queries at /data/user_de/0/com.google.android.gms/app_chimera/m/00000010/DynamiteModulesC.apk Binary XML file line #15
06-10 15:10:02.125 W/DynamiteModule( 1242): Local module descriptor class for com.google.android.gms.googlecertificates not found.
06-10 15:10:02.127 W/m.apkpure.aego( 1628): Skipping duplicate class check due to unsupported classloader
06-10 15:10:02.134 W/gle.android.gm( 1242): Unsupported class loader
06-10 15:10:02.142 W/gle.android.gm( 1242): Skipping duplicate class check due to unsupported classloader
06-10 15:10:02.148 I/DynamiteModule( 1242): Considering local module com.google.android.gms.googlecertificates:0 and remote module com.google.android.gms.googlecertificates:7
06-10 15:10:02.148 I/DynamiteModule( 1242): Selected remote version of com.google.android.gms.googlecertificates, version >= 7
06-10 15:10:02.156 W/m.apkpure.aego( 1628): Unsupported class loader
06-10 15:10:02.157 W/PackageParser( 1242): Unknown element under <manifest>: queries at /data/user_de/0/com.google.android.gms/app_chimera/m/00000019/dl-AdsFdrDynamite.integ_231710100100000.apk Binary XML file line #15
06-10 15:10:02.161 W/gle.android.gm( 1242): Unsupported class loader
06-10 15:10:02.169 W/gle.android.gm( 1242): Skipping duplicate class check due to unsupported classloader
06-10 15:10:02.194 W/m.apkpure.aego( 1628): Skipping duplicate class check due to unsupported classloader
06-10 15:10:02.199 I/PlayGamesServices[GamesSyncAdapter]( 1242): Starting sync for 8773648d
06-10 15:10:02.220 I/ContactDirectoryManager( 1572): Directory provider com.apkpure.aegon(com.apkpure.assistant.syscomponent.ContactsProvider) returned a NULL cursor.
06-10 15:10:02.249 I/NetworkScheduler( 1064): Using standalone scheduling engine [CONTEXT service_id=218 ]
06-10 15:10:02.259 I/MMKV    ( 1628): <MMKV.cpp:165::initialize> version v1.2.15, page size 4096, arch armeabi-v7a/NEON
06-10 15:10:02.259 I/MMKV    ( 1628): <MMKV.cpp:208::initializeMMKV> root dir: /data/user/0/com.apkpure.aegon/files/mmkv
06-10 15:10:02.261 W/m.apkpure.aego( 1628): Accessing hidden field Landroid/app/IActivityManager$Stub;->TRANSACTION_startInstrumentation:I (dark greylist, reflection)
06-10 15:10:02.261 I/MMKV    ( 1628): <MemoryFile.cpp:97::open> open fd[0x3c], /data/user/0/com.apkpure.aegon/files/mmkv/InterProcessKV
06-10 15:10:02.263 I/MMKV    ( 1628): <MemoryFile.cpp:97::open> open fd[0x3d], /data/user/0/com.apkpure.aegon/files/mmkv/InterProcessKV.crc
06-10 15:10:02.266 W/m.apkpure.aego( 1628): Accessing hidden field Landroid/app/IActivityManager$Stub;->TRANSACTION_startService:I (dark greylist, reflection)
06-10 15:10:02.276 I/Zygote  ( 1774): seccomp disabled by setenforce 0
06-10 15:10:02.277 D/houdini ( 1774): [1774] Initialize library(version: 9.0.1b_y.50293 RELEASE)... successfully.
06-10 15:10:02.278 W/pure.aegon:bet( 1774): Unexpected CPU variant for X86 using defaults: x86
06-10 15:10:02.281 I/MMKV    ( 1628): <MMKV_IO.cpp:81::loadFromFile> loading [InterProcessKV] with 1176729 actual size, file size 2097152, InterProcess 1, meta info version:3
06-10 15:10:02.281 I/MMKV    ( 1628): <MMKV_IO.cpp:86::loadFromFile> loading [InterProcessKV] with crc 2188031502 sequence 4 version 3
06-10 15:10:02.282 I/ActivityManager(  486): Start proc 1774:com.apkpure.aegon:beta/u0a22 for service com.apkpure.aegon/com.apkpure.keepalive.BetaService
06-10 15:10:02.295 I/pure.aegon:bet( 1774): The ClassLoaderContext is a special shared library.
06-10 15:10:02.296 I/MMKV    ( 1628): <MMKV_IO.cpp:130::loadFromFile> loaded [InterProcessKV] with 70 key-values
06-10 15:10:02.298 W/pure.aegon:bet( 1774): resources.arsc in APK '/data/app/com.apkpure.aegon-cuj8QjHFh_9qsxcunogKew==/base.apk' is compressed.
06-10 15:10:02.320 I/PeopleGalProvider( 1242): Gal directories started.
06-10 15:10:02.325 I/PeopleGalProvider( 1242): Method 1 completed.
06-10 15:10:02.326 I/PeopleGalProvider( 1242): Method 1 finished successfully.
06-10 15:10:02.328 I/WebViewFactory( 1628): Loading com.android.webview version 74.0.3729.186 (code 373018615)
06-10 15:10:02.333 I/m.apkpure.aego( 1628): The ClassLoaderContext is a special shared library.
06-10 15:10:02.339 I/ContactDirectoryManager( 1572): deleted 0 stale rows which don't have any relevant directory
06-10 15:10:02.340 I/ContactDirectoryManager( 1572): Discovered 1 contact directories in 654ms
06-10 15:10:02.343 I/vol.Events(  730): writeEvent dismiss_dialog timeout
06-10 15:10:02.346 W/System.err( 1774): java.lang.IllegalStateException: Default FirebaseApp is not initialized in this process com.apkpure.aegon:beta. Make sure to call FirebaseApp.initializeApp(Context) first.
06-10 15:10:02.347 W/System.err( 1774): 	at e.k.c.h.b(Unknown Source:45)
06-10 15:10:02.347 W/System.err( 1774): 	at e.k.c.l.i.a(Unknown Source:0)
06-10 15:10:02.347 W/System.err( 1774): 	at com.apkpure.aegon.application.RealApplicationLike$d.a(Unknown Source:0)
06-10 15:10:02.347 W/System.err( 1774): 	at i.i.g.c.c0(Unknown Source:6)
06-10 15:10:02.347 W/System.err( 1774): 	at s.e.c.d(Unknown Source:17)
06-10 15:10:02.347 W/System.err( 1774): 	at com.apkpure.aegon.application.RealApplicationLike.initLogger(:5)
06-10 15:10:02.347 W/System.err( 1774): 	at com.apkpure.aegon.application.RealApplicationLike.attachBaseContext(Unknown Source:25)
06-10 15:10:02.347 W/System.err( 1774): 	at java.lang.reflect.Method.invoke(Native Method)
06-10 15:10:02.347 W/System.err( 1774): 	at e.v.b.f.a.a(Unknown Source:38)
06-10 15:10:02.347 W/System.err( 1774): 	at e.v.b.f.a.attachBaseContext(:14)
06-10 15:10:02.347 W/System.err( 1774): 	at com.apkpure.aegon.application.AegonApplication.attachBaseContext(Unknown Source:9)
06-10 15:10:02.347 W/System.err( 1774): 	at android.app.Application.attach(Application.java:212)
06-10 15:10:02.347 W/System.err( 1774): 	at android.app.Instrumentation.newApplication(Instrumentation.java:1121)
06-10 15:10:02.347 W/System.err( 1774): 	at android.app.LoadedApk.makeApplication(LoadedApk.java:1061)
06-10 15:10:02.347 W/System.err( 1774): 	at android.app.ActivityThread.handleBindApplication(ActivityThread.java:5842)
06-10 15:10:02.347 W/System.err( 1774): 	at android.app.ActivityThread.access$1100(ActivityThread.java:199)
06-10 15:10:02.347 W/System.err( 1774): 	at android.app.ActivityThread$H.handleMessage(ActivityThread.java:1650)
06-10 15:10:02.347 W/System.err( 1774): 	at android.os.Handler.dispatchMessage(Handler.java:106)
06-10 15:10:02.347 W/System.err( 1774): 	at android.os.Looper.loop(Looper.java:193)
06-10 15:10:02.347 W/System.err( 1774): 	at android.app.ActivityThread.main(ActivityThread.java:6669)
06-10 15:10:02.347 W/System.err( 1774): 	at java.lang.reflect.Method.invoke(Native Method)
06-10 15:10:02.347 W/System.err( 1774): 	at com.android.internal.os.RuntimeInit$MethodAndArgsCaller.run(RuntimeInit.java:493)
06-10 15:10:02.347 W/System.err( 1774): 	at com.android.internal.os.ZygoteInit.main(ZygoteInit.java:858)
06-10 15:10:02.347 D/vndksupport( 1202): Loading libutils.so from current namespace instead of sphal namespace.
06-10 15:10:02.347 D/vndksupport( 1064): Loading libutils.so from current namespace instead of sphal namespace.
06-10 15:10:02.347 D/vndksupport( 1082): Loading libutils.so from current namespace instead of sphal namespace.
06-10 15:10:02.347 D/vndksupport( 1165): Loading libutils.so from current namespace instead of sphal namespace.
06-10 15:10:02.347 D/vndksupport( 1101): Loading libutils.so from current namespace instead of sphal namespace.
06-10 15:10:02.347 D/vndksupport( 1107): Loading libutils.so from current namespace instead of sphal namespace.
06-10 15:10:02.347 D/vndksupport(  730): Loading libutils.so from current namespace instead of sphal namespace.
06-10 15:10:02.347 D/vndksupport( 1225): Loading libutils.so from current namespace instead of sphal namespace.
06-10 15:10:02.347 D/vndksupport( 1184): Loading libutils.so from current namespace instead of sphal namespace.
06-10 15:10:02.347 D/vndksupport(  838): Loading libutils.so from current namespace instead of sphal namespace.
06-10 15:10:02.348 D/vndksupport( 1269): Loading libutils.so from current namespace instead of sphal namespace.
06-10 15:10:02.348 D/vndksupport( 1285): Loading libutils.so from current namespace instead of sphal namespace.
06-10 15:10:02.348 D/vndksupport( 1131): Loading libutils.so from current namespace instead of sphal namespace.
06-10 15:10:02.348 D/vndksupport( 1549): Loading libutils.so from current namespace instead of sphal namespace.
06-10 15:10:02.348 D/vndksupport( 1042): Loading libutils.so from current namespace instead of sphal namespace.
06-10 15:10:02.348 D/vndksupport( 1242): Loading libutils.so from current namespace instead of sphal namespace.
06-10 15:10:02.348 D/vndksupport( 1572): Loading libutils.so from current namespace instead of sphal namespace.
06-10 15:10:02.348 D/vndksupport(  712): Loading libutils.so from current namespace instead of sphal namespace.
06-10 15:10:02.348 D/vndksupport( 1511): Loading libutils.so from current namespace instead of sphal namespace.
06-10 15:10:02.348 D/vndksupport( 1482): Loading libutils.so from current namespace instead of sphal namespace.
06-10 15:10:02.348 D/vndksupport(  486): Loading libutils.so from current namespace instead of sphal namespace.
06-10 15:10:02.348 D/vndksupport(  856): Loading libutils.so from current namespace instead of sphal namespace.
06-10 15:10:02.348 D/vndksupport( 1148): Loading libutils.so from current namespace instead of sphal namespace.
06-10 15:10:02.350 D/vndksupport( 1774): Loading libutils.so from current namespace instead of sphal namespace.
06-10 15:10:02.355 D/vndksupport( 1628): Loading libutils.so from current namespace instead of sphal namespace.
06-10 15:10:02.356 I/FA      ( 1628): App measurement initialized, version: 77033
06-10 15:10:02.356 I/FA      ( 1628): To enable debug logging run: adb shell setprop log.tag.FA VERBOSE
06-10 15:10:02.356 I/FA      ( 1628): To enable faster debug mode event logging run:
06-10 15:10:02.356 I/FA      ( 1628):   adb shell setprop debug.firebase.analytics.app com.apkpure.aegon
06-10 15:10:02.362 W/System.err( 1774): java.lang.IllegalStateException: Default FirebaseApp is not initialized in this process com.apkpure.aegon:beta. Make sure to call FirebaseApp.initializeApp(Context) first.
06-10 15:10:02.362 W/System.err( 1774): 	at e.k.c.h.b(Unknown Source:45)
06-10 15:10:02.362 W/System.err( 1774): 	at e.k.c.l.i.a(Unknown Source:0)
06-10 15:10:02.362 W/System.err( 1774): 	at com.apkpure.aegon.application.RealApplicationLike$d.a(Unknown Source:0)
06-10 15:10:02.362 W/System.err( 1774): 	at i.i.g.c.c0(Unknown Source:6)
06-10 15:10:02.362 W/System.err( 1774): 	at s.e.c.e(Unknown Source:17)
06-10 15:10:02.362 W/System.err( 1774): 	at com.apkpure.aegon.application.RealApplicationLike.attachBaseContext(:4)
06-10 15:10:02.362 W/System.err( 1774): 	at java.lang.reflect.Method.invoke(Native Method)
06-10 15:10:02.362 W/System.err( 1774): 	at e.v.b.f.a.a(Unknown Source:38)
06-10 15:10:02.362 W/System.err( 1774): 	at e.v.b.f.a.attachBaseContext(:14)
06-10 15:10:02.362 W/System.err( 1774): 	at com.apkpure.aegon.application.AegonApplication.attachBaseContext(Unknown Source:9)
06-10 15:10:02.362 W/System.err( 1774): 	at android.app.Application.attach(Application.java:212)
06-10 15:10:02.362 W/System.err( 1774): 	at android.app.Instrumentation.newApplication(Instrumentation.java:1121)
06-10 15:10:02.362 W/System.err( 1774): 	at android.app.LoadedApk.makeApplication(LoadedApk.java:1061)
06-10 15:10:02.362 W/System.err( 1774): 	at android.app.ActivityThread.handleBindApplication(ActivityThread.java:5842)
06-10 15:10:02.362 W/System.err( 1774): 	at android.app.ActivityThread.access$1100(ActivityThread.java:199)
06-10 15:10:02.362 W/System.err( 1774): 	at android.app.ActivityThread$H.handleMessage(ActivityThread.java:1650)
06-10 15:10:02.362 W/System.err( 1774): 	at android.os.Handler.dispatchMessage(Handler.java:106)
06-10 15:10:02.362 W/System.err( 1774): 	at android.os.Looper.loop(Looper.java:193)
06-10 15:10:02.362 W/System.err( 1774): 	at android.app.ActivityThread.main(ActivityThread.java:6669)
06-10 15:10:02.362 W/System.err( 1774): 	at java.lang.reflect.Method.invoke(Native Method)
06-10 15:10:02.362 W/System.err( 1774): 	at com.android.internal.os.RuntimeInit$MethodAndArgsCaller.run(RuntimeInit.java:493)
06-10 15:10:02.362 W/System.err( 1774): 	at com.android.internal.os.ZygoteInit.main(ZygoteInit.java:858)
06-10 15:10:02.362 W/System.err( 1774): java.lang.IllegalStateException: Default FirebaseApp is not initialized in this process com.apkpure.aegon:beta. Make sure to call FirebaseApp.initializeApp(Context) first.
06-10 15:10:02.362 W/System.err( 1774): 	at e.k.c.h.b(Unknown Source:45)
06-10 15:10:02.362 W/System.err( 1774): 	at e.k.c.l.i.a(Unknown Source:0)
06-10 15:10:02.362 W/System.err( 1774): 	at com.apkpure.aegon.application.RealApplicationLike$d.a(Unknown Source:0)
06-10 15:10:02.362 W/System.err( 1774): 	at i.i.g.c.c0(Unknown Source:6)
06-10 15:10:02.362 W/System.err( 1774): 	at s.e.c.e(Unknown Source:17)
06-10 15:10:02.362 W/System.err( 1774): 	at com.apkpure.aegon.application.RealApplicationLike.attachBaseContext(:8)
06-10 15:10:02.362 W/System.err( 1774): 	at java.lang.reflect.Method.invoke(Native Method)
06-10 15:10:02.362 W/System.err( 1774): 	at e.v.b.f.a.a(Unknown Source:38)
06-10 15:10:02.362 W/System.err( 1774): 	at e.v.b.f.a.attachBaseContext(:14)
06-10 15:10:02.362 W/System.err( 1774): 	at com.apkpure.aegon.application.AegonApplication.attachBaseContext(Unknown Source:9)
06-10 15:10:02.362 W/System.err( 1774): 	at android.app.Application.attach(Application.java:212)
06-10 15:10:02.362 W/System.err( 1774): 	at android.app.Instrumentation.newApplication(Instrumentation.java:1121)
06-10 15:10:02.362 W/System.err( 1774): 	at android.app.LoadedApk.makeApplication(LoadedApk.java:1061)
06-10 15:10:02.362 W/System.err( 1774): 	at android.app.ActivityThread.handleBindApplication(ActivityThread.java:5842)
06-10 15:10:02.362 W/System.err( 1774): 	at android.app.ActivityThread.access$1100(ActivityThread.java:199)
06-10 15:10:02.362 W/System.err( 1774): 	at android.app.ActivityThread$H.handleMessage(ActivityThread.java:1650)
06-10 15:10:02.362 W/System.err( 1774): 	at android.os.Handler.dispatchMessage(Handler.java:106)
06-10 15:10:02.362 W/System.err( 1774): 	at android.os.Looper.loop(Looper.java:193)
06-10 15:10:02.362 W/System.err( 1774): 	at android.app.ActivityThread.main(ActivityThread.java:6669)
06-10 15:10:02.362 W/System.err( 1774): 	at java.lang.reflect.Method.invoke(Native Method)
06-10 15:10:02.362 W/System.err( 1774): 	at com.android.internal.os.RuntimeInit$MethodAndArgsCaller.run(RuntimeInit.java:493)
06-10 15:10:02.362 W/System.err( 1774): 	at com.android.internal.os.ZygoteInit.main(ZygoteInit.java:858)
06-10 15:10:02.363 W/System.err( 1774): java.lang.IllegalStateException: Default FirebaseApp is not initialized in this process com.apkpure.aegon:beta. Make sure to call FirebaseApp.initializeApp(Context) first.
06-10 15:10:02.363 W/System.err( 1774): 	at e.k.c.h.b(Unknown Source:45)
06-10 15:10:02.363 W/System.err( 1774): 	at e.k.c.l.i.a(Unknown Source:0)
06-10 15:10:02.363 W/System.err( 1774): 	at com.apkpure.aegon.application.RealApplicationLike$d.a(Unknown Source:0)
06-10 15:10:02.363 W/System.err( 1774): 	at i.i.g.c.c0(Unknown Source:6)
06-10 15:10:02.363 W/System.err( 1774): 	at s.e.c.d(Unknown Source:17)
06-10 15:10:02.363 W/System.err( 1774): 	at e.f.d.a.d(Unknown Source:10)
06-10 15:10:02.363 W/System.err( 1774): 	at com.apkpure.aegon.application.RealApplicationLike.attachBaseContext(:8)
06-10 15:10:02.363 W/System.err( 1774): 	at java.lang.reflect.Method.invoke(Native Method)
06-10 15:10:02.363 W/System.err( 1774): 	at e.v.b.f.a.a(Unknown Source:38)
06-10 15:10:02.363 W/System.err( 1774): 	at e.v.b.f.a.attachBaseContext(:14)
06-10 15:10:02.363 W/System.err( 1774): 	at com.apkpure.aegon.application.AegonApplication.attachBaseContext(Unknown Source:9)
06-10 15:10:02.363 W/System.err( 1774): 	at android.app.Application.attach(Application.java:212)
06-10 15:10:02.363 W/System.err( 1774): 	at android.app.Instrumentation.newApplication(Instrumentation.java:1121)
06-10 15:10:02.363 W/System.err( 1774): 	at android.app.LoadedApk.makeApplication(LoadedApk.java:1061)
06-10 15:10:02.363 W/System.err( 1774): 	at android.app.ActivityThread.handleBindApplication(ActivityThread.java:5842)
06-10 15:10:02.363 W/System.err( 1774): 	at android.app.ActivityThread.access$1100(ActivityThread.java:199)
06-10 15:10:02.363 W/System.err( 1774): 	at android.app.ActivityThread$H.handleMessage(ActivityThread.java:1650)
06-10 15:10:02.363 W/System.err( 1774): 	at android.os.Handler.dispatchMessage(Handler.java:106)
06-10 15:10:02.363 W/System.err( 1774): 	at android.os.Looper.loop(Looper.java:193)
06-10 15:10:02.363 W/System.err( 1774): 	at android.app.ActivityThread.main(ActivityThread.java:6669)
06-10 15:10:02.363 W/System.err( 1774): 	at java.lang.reflect.Method.invoke(Native Method)
06-10 15:10:02.363 W/System.err( 1774): 	at com.android.internal.os.RuntimeInit$MethodAndArgsCaller.run(RuntimeInit.java:493)
06-10 15:10:02.363 W/System.err( 1774): 	at com.android.internal.os.ZygoteInit.main(ZygoteInit.java:858)
06-10 15:10:02.366 W/System.err( 1774): java.lang.IllegalStateException: Default FirebaseApp is not initialized in this process com.apkpure.aegon:beta. Make sure to call FirebaseApp.initializeApp(Context) first.
06-10 15:10:02.366 W/System.err( 1774): 	at e.k.c.h.b(Unknown Source:45)
06-10 15:10:02.366 W/System.err( 1774): 	at e.k.c.l.i.a(Unknown Source:0)
06-10 15:10:02.366 W/System.err( 1774): 	at com.apkpure.aegon.application.RealApplicationLike$d.a(Unknown Source:0)
06-10 15:10:02.366 W/System.err( 1774): 	at i.i.g.c.c0(Unknown Source:6)
06-10 15:10:02.366 W/System.err( 1774): 	at s.e.c.d(Unknown Source:17)
06-10 15:10:02.366 W/System.err( 1774): 	at com.apkpure.aegon.application.RealApplicationLike.attachBaseContext(:8)
06-10 15:10:02.366 W/System.err( 1774): 	at java.lang.reflect.Method.invoke(Native Method)
06-10 15:10:02.366 W/System.err( 1774): 	at e.v.b.f.a.a(Unknown Source:38)
06-10 15:10:02.366 W/System.err( 1774): 	at e.v.b.f.a.attachBaseContext(:14)
06-10 15:10:02.366 W/System.err( 1774): 	at com.apkpure.aegon.application.AegonApplication.attachBaseContext(Unknown Source:9)
06-10 15:10:02.366 W/System.err( 1774): 	at android.app.Application.attach(Application.java:212)
06-10 15:10:02.366 W/System.err( 1774): 	at android.app.Instrumentation.newApplication(Instrumentation.java:1121)
06-10 15:10:02.366 W/System.err( 1774): 	at android.app.LoadedApk.makeApplication(LoadedApk.java:1061)
06-10 15:10:02.366 W/System.err( 1774): 	at android.app.ActivityThread.handleBindApplication(ActivityThread.java:5842)
06-10 15:10:02.366 W/System.err( 1774): 	at android.app.ActivityThread.access$1100(ActivityThread.java:199)
06-10 15:10:02.366 W/System.err( 1774): 	at android.app.ActivityThread$H.handleMessage(ActivityThread.java:1650)
06-10 15:10:02.366 W/System.err( 1774): 	at android.os.Handler.dispatchMessage(Handler.java:106)
06-10 15:10:02.366 W/System.err( 1774): 	at android.os.Looper.loop(Looper.java:193)
06-10 15:10:02.366 W/System.err( 1774): 	at android.app.ActivityThread.main(ActivityThread.java:6669)
06-10 15:10:02.366 W/System.err( 1774): 	at java.lang.reflect.Method.invoke(Native Method)
06-10 15:10:02.366 W/System.err( 1774): 	at com.android.internal.os.RuntimeInit$MethodAndArgsCaller.run(RuntimeInit.java:493)
06-10 15:10:02.366 W/System.err( 1774): 	at com.android.internal.os.ZygoteInit.main(ZygoteInit.java:858)
06-10 15:10:02.367 D/NetworkSecurityConfig( 1774): Using Network Security Config from resource arg debugBuild: false
06-10 15:10:02.371 W/System.err( 1774): java.lang.IllegalStateException: Default FirebaseApp is not initialized in this process com.apkpure.aegon:beta. Make sure to call FirebaseApp.initializeApp(Context) first.
06-10 15:10:02.372 W/System.err( 1774): 	at e.k.c.h.b(Unknown Source:45)
06-10 15:10:02.372 W/System.err( 1774): 	at e.k.c.l.i.a(Unknown Source:0)
06-10 15:10:02.372 W/System.err( 1774): 	at com.apkpure.aegon.application.RealApplicationLike$d.a(Unknown Source:0)
06-10 15:10:02.372 W/System.err( 1774): 	at i.i.g.c.c0(Unknown Source:6)
06-10 15:10:02.372 W/System.err( 1774): 	at s.e.c.e(Unknown Source:17)
06-10 15:10:02.372 W/System.err( 1774): 	at com.apkpure.aegon.application.RealApplicationLike.onCreate(Unknown Source:14)
06-10 15:10:02.377 W/System.err( 1774): 	at java.lang.reflect.Method.invoke(Native Method)
06-10 15:10:02.377 W/System.err( 1774): 	at e.v.b.f.a.a(Unknown Source:38)
06-10 15:10:02.377 W/System.err( 1774): 	at e.v.b.f.a.onCreate(Unknown Source:9)
06-10 15:10:02.377 W/System.err( 1774): 	at com.apkpure.aegon.application.AegonApplication.onCreate(Unknown Source:0)
06-10 15:10:02.377 W/System.err( 1774): 	at android.app.Instrumentation.callApplicationOnCreate(Instrumentation.java:1154)
06-10 15:10:02.377 W/System.err( 1774): 	at android.app.ActivityThread.handleBindApplication(ActivityThread.java:5871)
06-10 15:10:02.377 W/System.err( 1774): 	at android.app.ActivityThread.access$1100(ActivityThread.java:199)
06-10 15:10:02.377 W/System.err( 1774): 	at android.app.ActivityThread$H.handleMessage(ActivityThread.java:1650)
06-10 15:10:02.377 W/System.err( 1774): 	at android.os.Handler.dispatchMessage(Handler.java:106)
06-10 15:10:02.377 W/System.err( 1774): 	at android.os.Looper.loop(Looper.java:193)
06-10 15:10:02.377 W/System.err( 1774): 	at android.app.ActivityThread.main(ActivityThread.java:6669)
06-10 15:10:02.377 W/System.err( 1774): 	at java.lang.reflect.Method.invoke(Native Method)
06-10 15:10:02.377 W/System.err( 1774): 	at com.android.internal.os.RuntimeInit$MethodAndArgsCaller.run(RuntimeInit.java:493)
06-10 15:10:02.377 W/System.err( 1774): 	at com.android.internal.os.ZygoteInit.main(ZygoteInit.java:858)
06-10 15:10:02.378 W/ChimeraCfgRslvr( 1242): Config resolution failed. Try without optional APKs
06-10 15:10:02.383 W/System.err( 1774): java.lang.IllegalStateException: Default FirebaseApp is not initialized in this process com.apkpure.aegon:beta. Make sure to call FirebaseApp.initializeApp(Context) first.
06-10 15:10:02.383 W/System.err( 1774): 	at e.k.c.h.b(Unknown Source:45)
06-10 15:10:02.383 W/System.err( 1774): 	at e.k.c.l.i.a(Unknown Source:0)
06-10 15:10:02.384 W/System.err( 1774): 	at com.apkpure.aegon.application.RealApplicationLike$d.a(Unknown Source:0)
06-10 15:10:02.384 W/System.err( 1774): 	at i.i.g.c.c0(Unknown Source:6)
06-10 15:10:02.384 W/System.err( 1774): 	at s.e.c.e(Unknown Source:17)
06-10 15:10:02.384 W/System.err( 1774): 	at e.f.a.i0.p0.d(Unknown Source:6)
06-10 15:10:02.384 W/System.err( 1774): 	at e.f.a.e0.c.a(Unknown Source:66)
06-10 15:10:02.384 W/System.err( 1774): 	at e.f.a.j.f.c.loadLibSo(Unknown Source:31)
06-10 15:10:02.384 W/System.err( 1774): 	at e.f.a.j.f.c.initMMKV(Unknown Source:45)
06-10 15:10:02.384 W/System.err( 1774): 	at com.apkpure.aegon.application.RealApplicationLike.onCreate(Unknown Source:34)
06-10 15:10:02.384 W/System.err( 1774): 	at java.lang.reflect.Method.invoke(Native Method)
06-10 15:10:02.384 W/System.err( 1774): 	at e.v.b.f.a.a(Unknown Source:38)
06-10 15:10:02.384 W/System.err( 1774): 	at e.v.b.f.a.onCreate(Unknown Source:9)
06-10 15:10:02.384 W/System.err( 1774): 	at com.apkpure.aegon.application.AegonApplication.onCreate(Unknown Source:0)
06-10 15:10:02.384 W/System.err( 1774): 	at android.app.Instrumentation.callApplicationOnCreate(Instrumentation.java:1154)
06-10 15:10:02.384 W/System.err( 1774): 	at android.app.ActivityThread.handleBindApplication(ActivityThread.java:5871)
06-10 15:10:02.384 W/System.err( 1774): 	at android.app.ActivityThread.access$1100(ActivityThread.java:199)
06-10 15:10:02.384 W/System.err( 1774): 	at android.app.ActivityThread$H.handleMessage(ActivityThread.java:1650)
06-10 15:10:02.384 W/System.err( 1774): 	at android.os.Handler.dispatchMessage(Handler.java:106)
06-10 15:10:02.384 W/System.err( 1774): 	at android.os.Looper.loop(Looper.java:193)
06-10 15:10:02.384 W/System.err( 1774): 	at android.app.ActivityThread.main(ActivityThread.java:6669)
06-10 15:10:02.384 W/System.err( 1774): 	at java.lang.reflect.Method.invoke(Native Method)
06-10 15:10:02.384 W/System.err( 1774): 	at com.android.internal.os.RuntimeInit$MethodAndArgsCaller.run(RuntimeInit.java:493)
06-10 15:10:02.384 W/System.err( 1774): 	at com.android.internal.os.ZygoteInit.main(ZygoteInit.java:858)
06-10 15:10:02.387 W/System.err( 1774): java.lang.IllegalStateException: Default FirebaseApp is not initialized in this process com.apkpure.aegon:beta. Make sure to call FirebaseApp.initializeApp(Context) first.
06-10 15:10:02.387 W/System.err( 1774): 	at e.k.c.h.b(Unknown Source:45)
06-10 15:10:02.387 W/System.err( 1774): 	at e.k.c.l.i.a(Unknown Source:0)
06-10 15:10:02.387 W/System.err( 1774): 	at com.apkpure.aegon.application.RealApplicationLike$d.a(Unknown Source:0)
06-10 15:10:02.387 W/System.err( 1774): 	at i.i.g.c.c0(Unknown Source:6)
06-10 15:10:02.387 W/System.err( 1774): 	at s.e.c.e(Unknown Source:17)
06-10 15:10:02.387 W/System.err( 1774): 	at e.f.a.i0.p0.d(Unknown Source:6)
06-10 15:10:02.387 W/System.err( 1774): 	at e.f.a.e0.c.a(Unknown Source:88)
06-10 15:10:02.387 W/System.err( 1774): 	at e.f.a.j.f.c.loadLibSo(Unknown Source:31)
06-10 15:10:02.387 W/System.err( 1774): 	at e.f.a.j.f.c.initMMKV(Unknown Source:45)
06-10 15:10:02.387 W/System.err( 1774): 	at com.apkpure.aegon.application.RealApplicationLike.onCreate(Unknown Source:34)
06-10 15:10:02.387 W/System.err( 1774): 	at java.lang.reflect.Method.invoke(Native Method)
06-10 15:10:02.387 W/System.err( 1774): 	at e.v.b.f.a.a(Unknown Source:38)
06-10 15:10:02.387 W/System.err( 1774): 	at e.v.b.f.a.onCreate(Unknown Source:9)
06-10 15:10:02.387 W/System.err( 1774): 	at com.apkpure.aegon.application.AegonApplication.onCreate(Unknown Source:0)
06-10 15:10:02.387 W/System.err( 1774): 	at android.app.Instrumentation.callApplicationOnCreate(Instrumentation.java:1154)
06-10 15:10:02.387 W/System.err( 1774): 	at android.app.ActivityThread.handleBindApplication(ActivityThread.java:5871)
06-10 15:10:02.387 W/System.err( 1774): 	at android.app.ActivityThread.access$1100(ActivityThread.java:199)
06-10 15:10:02.387 W/System.err( 1774): 	at android.app.ActivityThread$H.handleMessage(ActivityThread.java:1650)
06-10 15:10:02.387 W/System.err( 1774): 	at android.os.Handler.dispatchMessage(Handler.java:106)
06-10 15:10:02.387 W/System.err( 1774): 	at android.os.Looper.loop(Looper.java:193)
06-10 15:10:02.387 W/System.err( 1774): 	at android.app.ActivityThread.main(ActivityThread.java:6669)
06-10 15:10:02.387 W/System.err( 1774): 	at java.lang.reflect.Method.invoke(Native Method)
06-10 15:10:02.387 W/System.err( 1774): 	at com.android.internal.os.RuntimeInit$MethodAndArgsCaller.run(RuntimeInit.java:493)
06-10 15:10:02.387 W/System.err( 1774): 	at com.android.internal.os.ZygoteInit.main(ZygoteInit.java:858)
06-10 15:10:02.398 I/cr_LibraryLoader( 1628): Time to load native libraries: 4 ms (timestamps 5789-5793)
06-10 15:10:02.403 D/houdini ( 1774): [1807] Expected CPU feature >> AES << is not supported.
06-10 15:10:02.403 D/houdini ( 1774): [1807] Expected CPU feature >> POPCNT << is not supported.
06-10 15:10:02.403 D/houdini ( 1774): [1807] Expected CPU feature >> SSE4_2 << is not supported.
06-10 15:10:02.403 D/houdini ( 1774): [1807] Expected CPU feature >> SSE4_1 << is not supported.
06-10 15:10:02.403 D/houdini ( 1774): [1807] Expected CPU feature >> PCLMULQDQ << is not supported.
06-10 15:10:02.412 W/System  ( 1628): A resource failed to call close. 
06-10 15:10:02.413 W/pure.aegon:bet( 1774): Accessing hidden field Landroid/app/IActivityManager$Stub;->TRANSACTION_startInstrumentation:I (dark greylist, reflection)
06-10 15:10:02.414 W/pure.aegon:bet( 1774): Accessing hidden field Landroid/app/IActivityManager$Stub;->TRANSACTION_startService:I (dark greylist, reflection)
06-10 15:10:02.415 I/MMKV    ( 1774): <MMKV.cpp:165::initialize> version v1.2.15, page size 4096, arch armeabi-v7a/NEON
06-10 15:10:02.416 I/MMKV    ( 1774): <MMKV.cpp:208::initializeMMKV> root dir: /data/user/0/com.apkpure.aegon/files/mmkv
06-10 15:10:02.416 I/MMKV    ( 1774): <MemoryFile.cpp:97::open> open fd[0x32], /data/user/0/com.apkpure.aegon/files/mmkv/InterProcessKV
06-10 15:10:02.417 I/MMKV    ( 1774): <MemoryFile.cpp:97::open> open fd[0x33], /data/user/0/com.apkpure.aegon/files/mmkv/InterProcessKV.crc
06-10 15:10:02.420 I/MMKV    ( 1774): <MMKV_IO.cpp:81::loadFromFile> loading [InterProcessKV] with 1176729 actual size, file size 2097152, InterProcess 1, meta info version:3
06-10 15:10:02.420 I/MMKV    ( 1774): <MMKV_IO.cpp:86::loadFromFile> loading [InterProcessKV] with crc 2188031502 sequence 4 version 3
06-10 15:10:02.428 I/MMKV    ( 1774): <MMKV_IO.cpp:130::loadFromFile> loaded [InterProcessKV] with 70 key-values
06-10 15:10:02.429 W/System.err( 1774): java.lang.IllegalStateException: Default FirebaseApp is not initialized in this process com.apkpure.aegon:beta. Make sure to call FirebaseApp.initializeApp(Context) first.
06-10 15:10:02.429 W/System.err( 1774): 	at e.k.c.h.b(Unknown Source:45)
06-10 15:10:02.429 W/System.err( 1774): 	at e.k.c.l.i.a(Unknown Source:0)
06-10 15:10:02.429 W/System.err( 1774): 	at com.apkpure.aegon.application.RealApplicationLike$d.a(Unknown Source:0)
06-10 15:10:02.429 W/System.err( 1774): 	at i.i.g.c.c0(Unknown Source:6)
06-10 15:10:02.429 W/System.err( 1774): 	at s.e.c.d(Unknown Source:17)
06-10 15:10:02.429 W/System.err( 1774): 	at com.apkpure.aegon.application.RealApplicationLike.onCreate(:2)
06-10 15:10:02.429 W/System.err( 1774): 	at java.lang.reflect.Method.invoke(Native Method)
06-10 15:10:02.429 W/System.err( 1774): 	at e.v.b.f.a.a(Unknown Source:38)
06-10 15:10:02.429 W/System.err( 1774): 	at e.v.b.f.a.onCreate(Unknown Source:9)
06-10 15:10:02.429 W/System.err( 1774): 	at com.apkpure.aegon.application.AegonApplication.onCreate(Unknown Source:0)
06-10 15:10:02.429 W/System.err( 1774): 	at android.app.Instrumentation.callApplicationOnCreate(Instrumentation.java:1154)
06-10 15:10:02.429 W/System.err( 1774): 	at android.app.ActivityThread.handleBindApplication(ActivityThread.java:5871)
06-10 15:10:02.429 W/System.err( 1774): 	at android.app.ActivityThread.access$1100(ActivityThread.java:199)
06-10 15:10:02.429 W/System.err( 1774): 	at android.app.ActivityThread$H.handleMessage(ActivityThread.java:1650)
06-10 15:10:02.429 W/System.err( 1774): 	at android.os.Handler.dispatchMessage(Handler.java:106)
06-10 15:10:02.429 W/System.err( 1774): 	at android.os.Looper.loop(Looper.java:193)
06-10 15:10:02.429 W/System.err( 1774): 	at android.app.ActivityThread.main(ActivityThread.java:6669)
06-10 15:10:02.429 W/System.err( 1774): 	at java.lang.reflect.Method.invoke(Native Method)
06-10 15:10:02.429 W/System.err( 1774): 	at com.android.internal.os.RuntimeInit$MethodAndArgsCaller.run(RuntimeInit.java:493)
06-10 15:10:02.429 W/System.err( 1774): 	at com.android.internal.os.ZygoteInit.main(ZygoteInit.java:858)
06-10 15:10:02.435 I/chromium( 1628): [INFO:library_loader_hooks.cc(50)] Chromium logging enabled: level = 0, default verbosity = 0
06-10 15:10:02.435 I/cr_LibraryLoader( 1628): Expected native library version number "74.0.3729.186", actual native library version number "74.0.3729.186"
06-10 15:10:02.441 W/ChimeraCfgRslvr( 1242): Rejected required APK /data/user_de/0/com.google.android.gms/app_chimera/m/00000009/dl-Enpromo.integ_214106000020000.apk: [1] 231819000
06-10 15:10:02.443 I/ChimeraCfgMgr( 1242): Invalid module set config ModuleSetConfig for [ads_fdr:2317101005100000,container:2318199100700+games+maps_core+mlkit.ocr.common+pay,enpromo:2141060005040000,tflite_dynamite:2314062025100700+tflite_dynamite,vision_ocr:2316024005100000+vision.ocr] with APKs {0=[FileApk(/data/user_de/0/com.google.android.gms/app_chimera/m/0000001c/dl-Games.optional_231819100000.apk), FileApk(/data/user_de/0/com.google.android.gms/app_chimera/m/00000014/dl-MapsCoreDynamite.integ_231112103100700.apk), FileApk(/data/user_de/0/com.google.android.gms/app_chimera/m/00000018/dl-MlkitOcrCommon.optional_231819100700.apk), FileApk(/data/user_de/0/com.google.android.gms/app_chimera/m/00000016/dl-Pay.optional_231819100000.apk), FileApk(/data/user_de/0/com.google.android.gms/app_chimera/m/0000000c/AdsDynamite.apk), FileApk(/data/user_de/0/com.google.android.gms/app_chimera/m/0000000d/CronetDynamite.apk), FileApk(/data/user_de/0/com.google.android.gms/app_chimera/m/0000000e/DynamiteLoader.apk), FileApk(/data/user_de/0/com.google.android.gms/app_chimera/m/0000000f/DynamiteModulesA.apk), FileApk(/data/user_de/0/com.google.android.gms/app_chimera/m/00000010/DynamiteModulesC.apk), FileApk(/data/user_de/0/com.google.android.gms/app_chimera/m/00000011/GoogleCertificates.apk), FileApk(/data/user_de/0/com.google.android.gms/app_chimera/m/00000012/MapsDynamite.apk), FileApk(/data/user_de/0/com.google.android.gms/app_chimera/m/00000013/MeasurementDynamite.apk), ContainerApk(com.google.android.gms)], 1=[FileApk(/data/user_de/0/com.google.android.gms/app_chimera/m/00000019/dl-AdsFdrDynamite.integ_231710100100000.apk), FileApk(/data/user_de/0/com.google.android.gms/app_chimera/m/00000009/dl-Enpromo.integ_214106000020000.apk), FileApk(/data/user_de/0/com.google.android.gms/app_chimera/m/0000001a/dl-TfliteDynamiteDynamite.integ_231406202100700.apk), FileApk(/data/user_de/0/com.google.android.gms/app_chimera/m/0000001b/dl-VisionOcrDynamite.integ_231602400100000.apk)], 2=[]}: com.google.android.chimera.config.InvalidConfigException: Modules from required APKs are discarded
06-10 15:10:02.443 W/GmsModuleFndr( 1242): excluding moduleset: enpromo:2141060005040000 reason: [1] 231819000
06-10 15:10:02.450 I/ModuleSetMgr( 1242): Computing pending module set with APKs: [[AdsFdrDynamite.integ:231710100100000], [Enpromo.integ:214106000020000], [Games.optional:231819100000], [MapsCoreDynamite.integ:231112103100700], [MlkitOcrCommon.optional:231819100700], [Pay.optional:231819100000], [TfliteDynamiteDynamite.integ:231406202000700], [TfliteDynamiteDynamite.integ:231406202100700], [VisionOcrDynamite.integ:223610901100700], [VisionOcrDynamite.integ:231602400100000], [AdsFdrDynamite.integ:231004600100000], [Cronetdynamite:231819100700], [Dynamiteloader:231819100000], [Dynamitemodulesa:231819100000], [Dynamitemodulesc:231819100000], [Googlecertificates:231819100000], [Mapsdynamite:231819100000], [Measurementdynamite:231819100000]]
06-10 15:10:02.450 D/BoundBrokerSvc( 1242): onBind: Intent { act=com.google.android.gms.measurement.START pkg=com.google.android.gms }
06-10 15:10:02.454 D/BoundBrokerSvc( 1242): Loading bound service for intent: Intent { act=com.google.android.gms.measurement.START pkg=com.google.android.gms }
06-10 15:10:02.459 W/cr_ChildProcLH( 1628): Create a new ChildConnectionAllocator with package name = com.android.webview, sandboxed = true
06-10 15:10:02.464 I/PlayGamesServices[GamesSyncAdapter]( 1242): Starting sync for 8773648d
06-10 15:10:02.468 I/cr_BrowserStartup( 1628): Initializing chromium process, singleProcess=false
06-10 15:10:02.471 I/Zygote  ( 1826): seccomp disabled by setenforce 0
06-10 15:10:02.472 W/dboxed_process( 1826): Unexpected CPU variant for X86 using defaults: x86
06-10 15:10:02.472 I/LatinIME(  712): Timeout waiting for dictionary load
06-10 15:10:02.476 I/ActivityManager(  486): Start proc 1826:com.android.webview:sandboxed_process0/u0i0 for webview_service com.apkpure.aegon/org.chromium.content.app.SandboxedProcessService0
06-10 15:10:02.479 D/ActivityThread( 1064): Loading provider com.google.android.gms.fitness: com.google.android.gms.fitness.sync.FitnessContentProvider
06-10 15:10:02.484 I/health@2.0-serv(  524): type=1400 audit(0.0:698): avc: denied { read } for name="capacity" dev="fuse" ino=8 scontext=u:r:hal_health_default:s0 tcontext=u:object_r:fuse:s0 tclass=file permissive=1
06-10 15:10:02.490 I/LoadedApk( 1826): No resource references to update in package com.android.webview
06-10 15:10:02.491 I/cr_ChildProcessService( 1826): Creating new ChildProcessService pid=1826
06-10 15:10:02.531 I/AlarmManager( 1064): set [name: SystemMemoryCache type: 2 triggerAtMillis: 315360015926 windowMillis: -1 intervalMillis: 0]
06-10 15:10:02.539 E/ConnectivityChangeRecei( 1242): Ignoring connectivity change
06-10 15:10:02.540 I/ModuleSetMgr( 1242): Pending container module APKs: [[Games.optional:231819100000], [MapsCoreDynamite.integ:231112103100700], [MlkitOcrCommon.optional:231819100700], [Pay.optional:231819100000]]
06-10 15:10:02.540 I/ModuleSetMgr( 1242): Pending non-container module APKs: [[VisionOcrDynamite.integ:231602400100000], [TfliteDynamiteDynamite.integ:231406202100700], [AdsFdrDynamite.integ:231710100100000]]
06-10 15:10:02.556 I/PlayGamesServices[GamesSyncAdapter]( 1242): Sync duration for 8773648d: 92
06-10 15:10:02.557 I/PlayGamesServices[GamesSyncAdapter]( 1242): Sync duration for 8773648d: 356
06-10 15:10:02.560 W/PackageParser( 1242): Unknown element under <manifest>: queries at /data/user_de/0/com.google.android.gms/app_chimera/m/0000000c/AdsDynamite.apk Binary XML file line #15
06-10 15:10:02.585 W/PackageParser( 1242): Unknown element under <manifest>: queries at /data/user_de/0/com.google.android.gms/app_chimera/m/00000010/DynamiteModulesC.apk Binary XML file line #15
06-10 15:10:02.603 W/PackageParser( 1242): Unknown element under <manifest>: queries at /data/user_de/0/com.google.android.gms/app_chimera/m/00000019/dl-AdsFdrDynamite.integ_231710100100000.apk Binary XML file line #15
06-10 15:10:02.603 I/m.keg   ( 1242): Primes not initialized, returning default (no-op) Primes instance which will ignore all calls. Please call Primes.initialize(...) before using any Primes API.
06-10 15:10:02.619 D/ConnectivityService(  486): requestNetwork for uid/pid:10022/1628 NetworkRequest [ TRACK_DEFAULT id=15, [ Capabilities: INTERNET&NOT_RESTRICTED&TRUSTED Unwanted:  Uid: 10022] ]
06-10 15:10:02.619 D/PhoneSwitcherNetworkRequstListener(  838): got request NetworkRequest [ TRACK_DEFAULT id=15, [ Capabilities: INTERNET&NOT_RESTRICTED&TRUSTED Unwanted:  Uid: 10022] ] with score 50
06-10 15:10:02.619 D/WIFI    (  486): got request NetworkRequest [ TRACK_DEFAULT id=15, [ Capabilities: INTERNET&NOT_RESTRICTED&TRUSTED Unwanted:  Uid: 10022] ] with score 50
06-10 15:10:02.619 D/WIFI_UT (  486): got request NetworkRequest [ TRACK_DEFAULT id=15, [ Capabilities: INTERNET&NOT_RESTRICTED&TRUSTED Unwanted:  Uid: 10022] ] with score 50
06-10 15:10:02.624 I/PlayGamesServices[GamesSyncAdapter]( 1242): Starting sync for 8773648d
06-10 15:10:02.626 I/PlayGamesServices[GamesSyncAdapter]( 1242): Starting sync for 8773648d
06-10 15:10:02.628 I/PlayGamesServices[GamesSyncAdapter]( 1242): Sync duration for 8773648d: 2
06-10 15:10:02.644 W/DriveInitializer( 1242): Awaiting to be initialized
06-10 15:10:02.659 W/PlayGamesServices[UiUtils]( 1242): AppVersion: Cannot find the installed destination app.
06-10 15:10:02.663 I/GetServiceValidatorImpl( 1242): onGetService() from Client SDK version [231819000], Module version [231819031], PGA version [0], Account [Account {name=<<default account>>, type=com.google}], Calling package [com.google.android.gms], Game package [com.google.android.gms] [CONTEXT service_id=1 ]
06-10 15:10:02.666 W/GetGamesServiceReqFacto( 1242): Parsing request with ignored arguments. signInOptionsBundle [Bundle[{com.google.android.gms.signin.internal.serverClientId=null, com.google.android.gms.signin.internal.usePromptModeForAuthCode=true, com.google.android.gms.signin.internal.logSessionId=null, com.google.android.gms.signin.internal.hostedDomain=null, com.google.android.gms.signin.internal.offlineAccessRequested=false, com.google.android.gms.signin.internal.waitForAccessTokenRefresh=false, com.google.android.gms.signin.internal.clientRequestedAccount=Account {name=<<default account>>, type=com.google}, com.google.android.gms.signin.internal.idTokenRequested=false, com.google.android.gms.signin.internal.forceCodeForRefreshToken=false}]], isRetryingSignIn [false], skipWelcomePopup [false], requireGooglePlus [false]
06-10 15:10:02.667 I/GetGamesServiceReqFacto( 1242): Replacing request for `games` scope with `games_lite`
06-10 15:10:02.679 W/gle.android.gm( 1242): Unknown chunk type '200'.
06-10 15:10:02.681 W/ConfigFileUtils( 1242): Failed to read asset ChimeraModuleSetList.pb: java.io.FileNotFoundException: ChimeraModuleSetList.pb
06-10 15:10:02.688 I/GamesModuleInitIntentOp( 1242): onInitRuntimeState invoked with: 1 [CONTEXT service_id=1 ]
06-10 15:10:02.704 I/GamesModuleInitIntentOp( 1242): Check flag for com.google.android.gms.games.ui.promotions.InGamePromotionsActivity is true. [CONTEXT service_id=1 ]
06-10 15:10:02.704 I/GamesModuleInitIntentOp( 1242): Flag for com.google.android.gms.games.ui.promotions.InGamePromotionsActivity is enabled. [CONTEXT service_id=1 ]
06-10 15:10:02.717 I/gle.android.gm( 1242): ThreadFlipBegin blocked for 12.115ms
06-10 15:10:02.717 I/gle.android.gm( 1242): IncrementDisableThreadFlip blocked for 5.231ms
06-10 15:10:02.718 I/PlayGamesServices[GamesDatabaseHelper]( 1242): Bootstrapping database version: 2327
06-10 15:10:02.718 I/gle.android.gm( 1242): IncrementDisableThreadFlip blocked for 6.009ms
06-10 15:10:02.720 I/ContentMaintenance( 1242): Internal cache bytes used: 0; limit: 100000000; download size: 0
06-10 15:10:02.730 I/PinnedContentDownloader( 1242): Finished downloading pinned content.
06-10 15:10:02.731 I/RealtimeCacheCleanup( 1242): Beginning Realtime garbage collection.
06-10 15:10:02.737 I/RealtimeCacheCleanup( 1242): Finished Realtime garbage collection.
06-10 15:10:02.741 W/ProviderHelper( 1242): Unknown dynamite feature providerinstaller.dynamite
06-10 15:10:02.741 I/DynamiteModule( 1242): Considering local module com.google.android.gms.providerinstaller.dynamite:1 and remote module com.google.android.gms.providerinstaller.dynamite:0
06-10 15:10:02.742 I/DynamiteModule( 1242): Selected local version of com.google.android.gms.providerinstaller.dynamite
06-10 15:10:02.746 D/ConnectivityService(  486): requestNetwork for uid/pid:10022/1628 NetworkRequest [ TRACK_DEFAULT id=17, [ Capabilities: INTERNET&NOT_RESTRICTED&TRUSTED Unwanted:  Uid: 10022] ]
06-10 15:10:02.746 D/WIFI    (  486): got request NetworkRequest [ TRACK_DEFAULT id=17, [ Capabilities: INTERNET&NOT_RESTRICTED&TRUSTED Unwanted:  Uid: 10022] ] with score 50
06-10 15:10:02.746 D/WIFI_UT (  486): got request NetworkRequest [ TRACK_DEFAULT id=17, [ Capabilities: INTERNET&NOT_RESTRICTED&TRUSTED Unwanted:  Uid: 10022] ] with score 50
06-10 15:10:02.746 D/PhoneSwitcherNetworkRequstListener(  838): got request NetworkRequest [ TRACK_DEFAULT id=17, [ Capabilities: INTERNET&NOT_RESTRICTED&TRUSTED Unwanted:  Uid: 10022] ] with score 50
06-10 15:10:02.764 I/SignInPerformer-0( 1242): Handling request [GetGamesServiceRequest{gamePackageName=com.google.android.gms, gameUid=10077, gamePlayServicesClientLibraryVersion=231819000, sdkVariation=1052947, requestedScopes=[https://www.googleapis.com/auth/games_lite], callingIdentity=CallingIdentity{uid=10077, pid=1242, packageName=com.google.android.gms, playServicesClientLibraryVersion=231819000}, requestedAccount=Optional.absent(), forceResolveAccountKey=null, requestedServiceMode=2}], isFirstPartyCaller [true] [CONTEXT service_id=1 ]
06-10 15:10:02.765 I/SignInPerformer-0( 1242): Successfully brokered first-party unauthenticated GamesService [CONTEXT service_id=1 ]
06-10 15:10:02.770 I/GetGamesServiceV2Op( 1242): Successfully brokered GamesService for request eko{gamePackageName=com.google.android.gms, gameUid=10077, gamePlayServicesClientLibraryVersion=231819000, sdkVariation=1052947, requestedScopes=[https://www.googleapis.com/auth/games_lite], callingIdentity=CallingIdentity{uid=10077, pid=1242, packageName=com.google.android.gms, playServicesClientLibraryVersion=231819000}, requestedAccount=Optional.absent(), forceResolveAccountKey=null, requestedServiceMode=2} [CONTEXT service_id=1 ]
06-10 15:10:02.775 I/GamesModuleInfoProvider( 1242): Retrieved module info: GamesModuleInfo{version=231819000} [CONTEXT service_id=1 ]
06-10 15:10:02.779 W/PlayGamesServices[UiUtils]( 1242): AppVersion: Cannot find the installed destination app.
06-10 15:10:02.779 W/PlayGamesServices[UiUtils]( 1242): AppVersionName: Cannot find the installed destination app.
06-10 15:10:02.790 W/PlayGamesServices[UiUtils]( 1242): AppVersion: Cannot find the installed destination app.
06-10 15:10:02.791 W/PlayGamesServices[UiUtils]( 1242): AppVersionName: Cannot find the installed destination app.
06-10 15:10:02.797 W/PlayGamesServices[UiUtils]( 1242): AppVersion: Cannot find the installed destination app.
06-10 15:10:02.797 W/PlayGamesServices[UiUtils]( 1242): AppVersionName: Cannot find the installed destination app.
